Jun 22 02:46:46 laptop kernel: Linux version 6.18.35 (nixbld@localhost) (gcc (GCC) 15.2.0, GNU ld (GNU Binutils) 2.46) #1-NixOS SMP PREEMPT_DYNAMIC Tue Jun  9 10:28:53 UTC 2026
Jun 22 02:46:46 laptop kernel: Command line: initrd=\EFI\nixos\8sb0cj6gnafcv5c6b55gsr6jypxl7fm1-initrd-linux-6.18.35-initrd.efi init=/nix/store/iq3aabjnp4xv1m3ca1arcxk6w8f1v0b1-nixos-system-laptop-26.11.20260616.567a49d/init root=fstab loglevel=4 lsm=landlock,yama,bpf vt.default_red=0x2b,0xf8,0xcb,0xe3,0xa3,0xcb,0xe0,0xfd,0xfd,0xf8,0xcb,0xe3,0xa3,0xcb,0xe0,0xfe vt.default_grn=0x16,0x5e,0x7d,0x6f,0x90,0x7f,0x6f,0xdb,0x75,0x5e,0x7d,0x6f,0x90,0x7f,0x6f,0xf6 vt.default_blu=0x00,0x01,0x52,0x2c,0x4b,0x13,0x00,0xd1,0x2f,0x01,0x52,0x2c,0x4b,0x13,0x00,0x75
Jun 22 02:46:46 laptop kernel: BIOS-provided physical RAM map:
Jun 22 02:46:46 laptop kernel: BIOS-e820: [mem 0x0000000000000000-0x000000000009efff] usable
Jun 22 02:46:46 laptop kernel: BIOS-e820: [mem 0x000000000009f000-0x00000000000bffff] reserved
Jun 22 02:46:46 laptop kernel: BIOS-e820: [mem 0x0000000000100000-0x0000000009afffff] usable
Jun 22 02:46:46 laptop kernel: BIOS-e820: [mem 0x0000000009b00000-0x0000000009dfffff] reserved
Jun 22 02:46:46 laptop kernel: BIOS-e820: [mem 0x0000000009e00000-0x0000000009efffff] usable
Jun 22 02:46:46 laptop kernel: BIOS-e820: [mem 0x0000000009f00000-0x0000000009f1dfff] ACPI NVS
Jun 22 02:46:46 laptop kernel: BIOS-e820: [mem 0x0000000009f1e000-0x00000000920e7fff] usable
Jun 22 02:46:46 laptop kernel: BIOS-e820: [mem 0x00000000920e8000-0x00000000932e7fff] reserved
Jun 22 02:46:46 laptop kernel: BIOS-e820: [mem 0x00000000932e8000-0x00000000932eefff] usable
Jun 22 02:46:46 laptop kernel: BIOS-e820: [mem 0x00000000932ef000-0x00000000932effff] reserved
Jun 22 02:46:46 laptop kernel: BIOS-e820: [mem 0x00000000932f0000-0x00000000b05fefff] usable
Jun 22 02:46:46 laptop kernel: BIOS-e820: [mem 0x00000000b05ff000-0x00000000b4efefff] reserved
Jun 22 02:46:46 laptop kernel: BIOS-e820: [mem 0x00000000b4eff000-0x00000000bcefefff] ACPI NVS
Jun 22 02:46:46 laptop kernel: BIOS-e820: [mem 0x00000000bceff000-0x00000000bcffefff] ACPI data
Jun 22 02:46:46 laptop kernel: BIOS-e820: [mem 0x00000000bcfff000-0x00000000bcffffff] usable
Jun 22 02:46:46 laptop kernel: BIOS-e820: [mem 0x00000000bd000000-0x00000000bdffffff] reserved
Jun 22 02:46:46 laptop kernel: BIOS-e820: [mem 0x00000000be600000-0x00000000bfffffff] reserved
Jun 22 02:46:46 laptop kernel: BIOS-e820: [mem 0x00000000fde00000-0x00000000fdefffff] reserved
Jun 22 02:46:46 laptop kernel: BIOS-e820: [mem 0x00000000fed80000-0x00000000fed80fff] reserved
Jun 22 02:46:46 laptop kernel: BIOS-e820: [mem 0x00000000ff000000-0x00000000ffffffff] reserved
Jun 22 02:46:46 laptop kernel: BIOS-e820: [mem 0x0000000100000000-0x000000021e33ffff] usable
Jun 22 02:46:46 laptop kernel: BIOS-e820: [mem 0x000000021e340000-0x00000002601fffff] reserved
Jun 22 02:46:46 laptop kernel: NX (Execute Disable) protection: active
Jun 22 02:46:46 laptop kernel: APIC: Static calls initialized
Jun 22 02:46:46 laptop kernel: efi: EFI v2.8 by Dell Inc.
Jun 22 02:46:46 laptop kernel: efi: ACPI=0xbcffe000 ACPI 2.0=0xbcffe014 TPMFinalLog=0xbceb7000 SMBIOS=0xb25f7000 SMBIOS 3.0=0xb25f4000 MEMATTR=0x9d9ea018 ESRT=0xa15c4398 RNG=0xbcfa5f18 INITRD=0x8d9faf98 TPMEventLog=0xbcf9f018 
Jun 22 02:46:46 laptop kernel: random: crng init done
Jun 22 02:46:46 laptop kernel: efi: Remove mem55: MMIO range=[0xfde00000-0xfdefffff] (1MB) from e820 map
Jun 22 02:46:46 laptop kernel: e820: remove [mem 0xfde00000-0xfdefffff] reserved
Jun 22 02:46:46 laptop kernel: efi: Not removing mem56: MMIO range=[0xfed80000-0xfed80fff] (4KB) from e820 map
Jun 22 02:46:46 laptop kernel: efi: Remove mem57: MMIO range=[0xff000000-0xffffffff] (16MB) from e820 map
Jun 22 02:46:46 laptop kernel: e820: remove [mem 0xff000000-0xffffffff] reserved
Jun 22 02:46:46 laptop kernel: efi: Remove mem59: MMIO range=[0x240000000-0x2601fffff] (514MB) from e820 map
Jun 22 02:46:46 laptop kernel: e820: remove [mem 0x240000000-0x2601fffff] reserved
Jun 22 02:46:46 laptop kernel: SMBIOS 3.4.0 present.
Jun 22 02:46:46 laptop kernel: DMI: Dell Inc. Inspiron 15 3535/02YFTX, BIOS 1.20.0 02/12/2025
Jun 22 02:46:46 laptop kernel: DMI: Memory slots populated: 2/2
Jun 22 02:46:46 laptop kernel: tsc: Fast TSC calibration using PIT
Jun 22 02:46:46 laptop kernel: tsc: Detected 2794.921 MHz processor
Jun 22 02:46:46 laptop kernel: e820: update [mem 0x00000000-0x00000fff] usable ==> reserved
Jun 22 02:46:46 laptop kernel: e820: remove [mem 0x000a0000-0x000fffff] usable
Jun 22 02:46:46 laptop kernel: last_pfn = 0x21e340 max_arch_pfn = 0x400000000
Jun 22 02:46:46 laptop kernel: MTRR map: 7 entries (3 fixed + 4 variable; max 20), built from 9 variable MTRRs
Jun 22 02:46:46 laptop kernel: x86/PAT: Configuration [0-7]: WB  WC  UC- UC  WB  WP  UC- WT  
Jun 22 02:46:46 laptop kernel: last_pfn = 0xbd000 max_arch_pfn = 0x400000000
Jun 22 02:46:46 laptop kernel: esrt: Reserving ESRT space from 0x00000000a15c4398 to 0x00000000a15c4420.
Jun 22 02:46:46 laptop kernel: e820: update [mem 0xa15c4000-0xa15c4fff] usable ==> reserved
Jun 22 02:46:46 laptop kernel: Using GB pages for direct mapping
Jun 22 02:46:46 laptop kernel: Secure boot disabled
Jun 22 02:46:46 laptop kernel: RAMDISK: [mem 0x8bf6e000-0x8d9f8fff]
Jun 22 02:46:46 laptop kernel: ACPI: Early table checksum verification disabled
Jun 22 02:46:46 laptop kernel: ACPI: RSDP 0x00000000BCFFE014 000024 (v02 DELL  )
Jun 22 02:46:46 laptop kernel: ACPI: XSDT 0x00000000BCFA8228 000174 (v01 DELL   CL09     00000002      01000013)
Jun 22 02:46:46 laptop kernel: ACPI: FACP 0x00000000BCFEB000 00010C (v05 DELL   CL09     00000002 ASL  00040000)
Jun 22 02:46:46 laptop kernel: ACPI: DSDT 0x00000000BCFDA000 00A133 (v02 DELL   CL09     00000002 ASL  00040000)
Jun 22 02:46:46 laptop kernel: ACPI: FACS 0x00000000BCE6F000 000040
Jun 22 02:46:46 laptop kernel: ACPI: UEFI 0x00000000BCEFE000 000236 (v01 DELL   CL09     00000001 ASL  00040000)
Jun 22 02:46:46 laptop kernel: ACPI: SSDT 0x00000000BCFFC000 000101 (v02 DELL   CL09     00003000 ACPI 00040000)
Jun 22 02:46:46 laptop kernel: ACPI: SSDT 0x00000000BCFFB000 00094D (v02 DELL   CL09     00003000 ACPI 00040000)
Jun 22 02:46:46 laptop kernel: ACPI: SSDT 0x00000000BCFFA000 000033 (v02 DELL   CL09     00003000 ACPI 00040000)
Jun 22 02:46:46 laptop kernel: ACPI: IVRS 0x00000000BCFF9000 0001F8 (v02 DELL   CL09     00000001 ASL  00040000)
Jun 22 02:46:46 laptop kernel: ACPI: SSDT 0x00000000BCFF1000 007F04 (v02 DELL   CL09     00000002 ACPI 00040000)
Jun 22 02:46:46 laptop kernel: ACPI: SSDT 0x00000000BCFF0000 00077B (v02 DELL   CL09     00001000 ACPI 00040000)
Jun 22 02:46:46 laptop kernel: ACPI: TPM2 0x00000000BCFEF000 00004C (v04 DELL   CL09     00000002 ASL  00040000)
Jun 22 02:46:46 laptop kernel: ACPI: MSDM 0x00000000BCFEE000 000055 (v03 DELL   CL09     00000001 ASL  00040000)
Jun 22 02:46:46 laptop kernel: ACPI: ASF! 0x00000000BCFED000 0000A5 (v32 DELL   CL09     00000002 ASL  00040000)
Jun 22 02:46:46 laptop kernel: ACPI: BOOT 0x00000000BCFEC000 000028 (v01 DELL   CL09     00000002 ASL  00040000)
Jun 22 02:46:46 laptop kernel: ACPI: HPET 0x00000000BCFEA000 000038 (v01 DELL   CL09     00000002 ASL  00040000)
Jun 22 02:46:46 laptop kernel: ACPI: APIC 0x00000000BCFE9000 000142 (v03 DELL   CL09     00000002 ASL  00040000)
Jun 22 02:46:46 laptop kernel: ACPI: MCFG 0x00000000BCFE8000 00003C (v01 DELL   CL09     00000002 ASL  00040000)
Jun 22 02:46:46 laptop kernel: ACPI: SLIC 0x00000000BCFE7000 000176 (v01 DELL   CL09     00000002 ASL  00040000)
Jun 22 02:46:46 laptop kernel: ACPI: WSMT 0x00000000BCFD9000 000028 (v01 DELL   CL09     00000001 ASL  00040000)
Jun 22 02:46:46 laptop kernel: ACPI: VFCT 0x00000000BCFCE000 00AE84 (v01 DELL   CL09     00000001 ASL  00040000)
Jun 22 02:46:46 laptop kernel: ACPI: SSDT 0x00000000BCFFD000 0000F8 (v02 DELL   CL09     00001000 ACPI 00040000)
Jun 22 02:46:46 laptop kernel: ACPI: SSDT 0x00000000BCFCA000 0029BC (v02 DELL   CL09     00000001 ACPI 00040000)
Jun 22 02:46:46 laptop kernel: ACPI: CRAT 0x00000000BCFC9000 0007E8 (v01 DELL   CL09     00000001 ASL  00040000)
Jun 22 02:46:46 laptop kernel: ACPI: CDIT 0x00000000BCFC8000 000029 (v01 DELL   CL09     00000001 ASL  00040000)
Jun 22 02:46:46 laptop kernel: ACPI: SSDT 0x00000000BCFC7000 000765 (v02 DELL   CL09     00000001 ACPI 00040000)
Jun 22 02:46:46 laptop kernel: ACPI: SSDT 0x00000000BCFC6000 000BAB (v02 DELL   CL09     00000001 ACPI 00040000)
Jun 22 02:46:46 laptop kernel: ACPI: SSDT 0x00000000BCFC3000 0029C4 (v02 DELL   CL09     00000001 ACPI 00040000)
Jun 22 02:46:46 laptop kernel: ACPI: SSDT 0x00000000BCFBA000 00889F (v02 DELL   CL09     00000001 ACPI 00040000)
Jun 22 02:46:46 laptop kernel: ACPI: FPDT 0x00000000BCFB9000 000044 (v01 DELL   CL09     00000002 ASL  00040000)
Jun 22 02:46:46 laptop kernel: ACPI: SSDT 0x00000000BCFE6000 00071A (v02 DELL   CL09     00000001 ACPI 00040000)
Jun 22 02:46:46 laptop kernel: ACPI: SSDT 0x00000000BCFE5000 00082B (v02 DELL   CL09     00000001 ACPI 00040000)
Jun 22 02:46:46 laptop kernel: ACPI: SSDT 0x00000000BCFB7000 000AEF (v02 DELL   CL09     00000001 ACPI 00040000)
Jun 22 02:46:46 laptop kernel: ACPI: SSDT 0x00000000BCFB6000 00081C (v02 DELL   CL09     00000001 ACPI 00040000)
Jun 22 02:46:46 laptop kernel: ACPI: SSDT 0x00000000BCFB5000 0005E0 (v02 DELL   CL09     00000001 ACPI 00040000)
Jun 22 02:46:46 laptop kernel: ACPI: SSDT 0x00000000BCFB4000 000608 (v02 DELL   CL09     00000001 ACPI 00040000)
Jun 22 02:46:46 laptop kernel: ACPI: SSDT 0x00000000BCFB3000 000777 (v02 DELL   CL09     00000001 ACPI 00040000)
Jun 22 02:46:46 laptop kernel: ACPI: SSDT 0x00000000BCFB1000 001BCE (v02 DELL   CL09     00000001 ACPI 00040000)
Jun 22 02:46:46 laptop kernel: ACPI: SSDT 0x00000000BCFAC000 0047E9 (v02 DELL   CL09     00000001 ACPI 00040000)
Jun 22 02:46:46 laptop kernel: ACPI: SSDT 0x00000000BCFAB000 000B34 (v02 DELL   CL09     00000001 ACPI 00040000)
Jun 22 02:46:46 laptop kernel: ACPI: SSDT 0x00000000BCFAA000 000804 (v02 DELL   CL09     00000001 ACPI 00040000)
Jun 22 02:46:46 laptop kernel: ACPI: SSDT 0x00000000BCFA9000 00008D (v02 DELL   CL09     00000001 ACPI 00040000)
Jun 22 02:46:46 laptop kernel: ACPI: SSDT 0x00000000BCFCD000 0004D9 (v02 DELL   CL09     00000001 ACPI 00040000)
Jun 22 02:46:46 laptop kernel: ACPI: SSDT 0x00000000BCFA6000 0010AD (v02 DELL   CL09     00000001 ACPI 00040000)
Jun 22 02:46:46 laptop kernel: ACPI: BGRT 0x00000000BCFB8000 000038 (v01 DELL   CL09     00000002 ASL  00040000)
Jun 22 02:46:46 laptop kernel: ACPI: Reserving FACP table memory at [mem 0xbcfeb000-0xbcfeb10b]
Jun 22 02:46:46 laptop kernel: ACPI: Reserving DSDT table memory at [mem 0xbcfda000-0xbcfe4132]
Jun 22 02:46:46 laptop kernel: ACPI: Reserving FACS table memory at [mem 0xbce6f000-0xbce6f03f]
Jun 22 02:46:46 laptop kernel: ACPI: Reserving UEFI table memory at [mem 0xbcefe000-0xbcefe235]
Jun 22 02:46:46 laptop kernel: ACPI: Reserving SSDT table memory at [mem 0xbcffc000-0xbcffc100]
Jun 22 02:46:46 laptop kernel: ACPI: Reserving SSDT table memory at [mem 0xbcffb000-0xbcffb94c]
Jun 22 02:46:46 laptop kernel: ACPI: Reserving SSDT table memory at [mem 0xbcffa000-0xbcffa032]
Jun 22 02:46:46 laptop kernel: ACPI: Reserving IVRS table memory at [mem 0xbcff9000-0xbcff91f7]
Jun 22 02:46:46 laptop kernel: ACPI: Reserving SSDT table memory at [mem 0xbcff1000-0xbcff8f03]
Jun 22 02:46:46 laptop kernel: ACPI: Reserving SSDT table memory at [mem 0xbcff0000-0xbcff077a]
Jun 22 02:46:46 laptop kernel: ACPI: Reserving TPM2 table memory at [mem 0xbcfef000-0xbcfef04b]
Jun 22 02:46:46 laptop kernel: ACPI: Reserving MSDM table memory at [mem 0xbcfee000-0xbcfee054]
Jun 22 02:46:46 laptop kernel: ACPI: Reserving ASF! table memory at [mem 0xbcfed000-0xbcfed0a4]
Jun 22 02:46:46 laptop kernel: ACPI: Reserving BOOT table memory at [mem 0xbcfec000-0xbcfec027]
Jun 22 02:46:46 laptop kernel: ACPI: Reserving HPET table memory at [mem 0xbcfea000-0xbcfea037]
Jun 22 02:46:46 laptop kernel: ACPI: Reserving APIC table memory at [mem 0xbcfe9000-0xbcfe9141]
Jun 22 02:46:46 laptop kernel: ACPI: Reserving MCFG table memory at [mem 0xbcfe8000-0xbcfe803b]
Jun 22 02:46:46 laptop kernel: ACPI: Reserving SLIC table memory at [mem 0xbcfe7000-0xbcfe7175]
Jun 22 02:46:46 laptop kernel: ACPI: Reserving WSMT table memory at [mem 0xbcfd9000-0xbcfd9027]
Jun 22 02:46:46 laptop kernel: ACPI: Reserving VFCT table memory at [mem 0xbcfce000-0xbcfd8e83]
Jun 22 02:46:46 laptop kernel: ACPI: Reserving SSDT table memory at [mem 0xbcffd000-0xbcffd0f7]
Jun 22 02:46:46 laptop kernel: ACPI: Reserving SSDT table memory at [mem 0xbcfca000-0xbcfcc9bb]
Jun 22 02:46:46 laptop kernel: ACPI: Reserving CRAT table memory at [mem 0xbcfc9000-0xbcfc97e7]
Jun 22 02:46:46 laptop kernel: ACPI: Reserving CDIT table memory at [mem 0xbcfc8000-0xbcfc8028]
Jun 22 02:46:46 laptop kernel: ACPI: Reserving SSDT table memory at [mem 0xbcfc7000-0xbcfc7764]
Jun 22 02:46:46 laptop kernel: ACPI: Reserving SSDT table memory at [mem 0xbcfc6000-0xbcfc6baa]
Jun 22 02:46:46 laptop kernel: ACPI: Reserving SSDT table memory at [mem 0xbcfc3000-0xbcfc59c3]
Jun 22 02:46:46 laptop kernel: ACPI: Reserving SSDT table memory at [mem 0xbcfba000-0xbcfc289e]
Jun 22 02:46:46 laptop kernel: ACPI: Reserving FPDT table memory at [mem 0xbcfb9000-0xbcfb9043]
Jun 22 02:46:46 laptop kernel: ACPI: Reserving SSDT table memory at [mem 0xbcfe6000-0xbcfe6719]
Jun 22 02:46:46 laptop kernel: ACPI: Reserving SSDT table memory at [mem 0xbcfe5000-0xbcfe582a]
Jun 22 02:46:46 laptop kernel: ACPI: Reserving SSDT table memory at [mem 0xbcfb7000-0xbcfb7aee]
Jun 22 02:46:46 laptop kernel: ACPI: Reserving SSDT table memory at [mem 0xbcfb6000-0xbcfb681b]
Jun 22 02:46:46 laptop kernel: ACPI: Reserving SSDT table memory at [mem 0xbcfb5000-0xbcfb55df]
Jun 22 02:46:46 laptop kernel: ACPI: Reserving SSDT table memory at [mem 0xbcfb4000-0xbcfb4607]
Jun 22 02:46:46 laptop kernel: ACPI: Reserving SSDT table memory at [mem 0xbcfb3000-0xbcfb3776]
Jun 22 02:46:46 laptop kernel: ACPI: Reserving SSDT table memory at [mem 0xbcfb1000-0xbcfb2bcd]
Jun 22 02:46:46 laptop kernel: ACPI: Reserving SSDT table memory at [mem 0xbcfac000-0xbcfb07e8]
Jun 22 02:46:46 laptop kernel: ACPI: Reserving SSDT table memory at [mem 0xbcfab000-0xbcfabb33]
Jun 22 02:46:46 laptop kernel: ACPI: Reserving SSDT table memory at [mem 0xbcfaa000-0xbcfaa803]
Jun 22 02:46:46 laptop kernel: ACPI: Reserving SSDT table memory at [mem 0xbcfa9000-0xbcfa908c]
Jun 22 02:46:46 laptop kernel: ACPI: Reserving SSDT table memory at [mem 0xbcfcd000-0xbcfcd4d8]
Jun 22 02:46:46 laptop kernel: ACPI: Reserving SSDT table memory at [mem 0xbcfa6000-0xbcfa70ac]
Jun 22 02:46:46 laptop kernel: ACPI: Reserving BGRT table memory at [mem 0xbcfb8000-0xbcfb8037]
Jun 22 02:46:46 laptop kernel: No NUMA configuration found
Jun 22 02:46:46 laptop kernel: Faking a node at [mem 0x0000000000000000-0x000000021e33ffff]
Jun 22 02:46:46 laptop kernel: NODE_DATA(0) allocated [mem 0x21e33a780-0x21e33fcff]
Jun 22 02:46:46 laptop kernel: Zone ranges:
Jun 22 02:46:46 laptop kernel:   DMA      [mem 0x0000000000001000-0x0000000000ffffff]
Jun 22 02:46:46 laptop kernel:   DMA32    [mem 0x0000000001000000-0x00000000ffffffff]
Jun 22 02:46:46 laptop kernel:   Normal   [mem 0x0000000100000000-0x000000021e33ffff]
Jun 22 02:46:46 laptop kernel:   Device   empty
Jun 22 02:46:46 laptop kernel: Movable zone start for each node
Jun 22 02:46:46 laptop kernel: Early memory node ranges
Jun 22 02:46:46 laptop kernel:   node   0: [mem 0x0000000000001000-0x000000000009efff]
Jun 22 02:46:46 laptop kernel:   node   0: [mem 0x0000000000100000-0x0000000009afffff]
Jun 22 02:46:46 laptop kernel:   node   0: [mem 0x0000000009e00000-0x0000000009efffff]
Jun 22 02:46:46 laptop kernel:   node   0: [mem 0x0000000009f1e000-0x00000000920e7fff]
Jun 22 02:46:46 laptop kernel:   node   0: [mem 0x00000000932e8000-0x00000000932eefff]
Jun 22 02:46:46 laptop kernel:   node   0: [mem 0x00000000932f0000-0x00000000b05fefff]
Jun 22 02:46:46 laptop kernel:   node   0: [mem 0x00000000bcfff000-0x00000000bcffffff]
Jun 22 02:46:46 laptop kernel:   node   0: [mem 0x0000000100000000-0x000000021e33ffff]
Jun 22 02:46:46 laptop kernel: Initmem setup node 0 [mem 0x0000000000001000-0x000000021e33ffff]
Jun 22 02:46:46 laptop kernel: On node 0, zone DMA: 1 pages in unavailable ranges
Jun 22 02:46:46 laptop kernel: On node 0, zone DMA: 97 pages in unavailable ranges
Jun 22 02:46:46 laptop kernel: On node 0, zone DMA32: 768 pages in unavailable ranges
Jun 22 02:46:46 laptop kernel: On node 0, zone DMA32: 30 pages in unavailable ranges
Jun 22 02:46:46 laptop kernel: On node 0, zone DMA32: 4608 pages in unavailable ranges
Jun 22 02:46:46 laptop kernel: On node 0, zone DMA32: 1 pages in unavailable ranges
Jun 22 02:46:46 laptop kernel: On node 0, zone DMA32: 51712 pages in unavailable ranges
Jun 22 02:46:46 laptop kernel: On node 0, zone Normal: 12288 pages in unavailable ranges
Jun 22 02:46:46 laptop kernel: On node 0, zone Normal: 7360 pages in unavailable ranges
Jun 22 02:46:46 laptop kernel: ACPI: PM-Timer IO Port: 0x408
Jun 22 02:46:46 laptop kernel: ACPI: LAPIC_NMI (acpi_id[0x00] high edge lint[0x1])
Jun 22 02:46:46 laptop kernel: ACPI: LAPIC_NMI (acpi_id[0x01] high edge lint[0x1])
Jun 22 02:46:46 laptop kernel: ACPI: LAPIC_NMI (acpi_id[0x02] high edge lint[0x1])
Jun 22 02:46:46 laptop kernel: ACPI: LAPIC_NMI (acpi_id[0x03] high edge lint[0x1])
Jun 22 02:46:46 laptop kernel: ACPI: LAPIC_NMI (acpi_id[0x04] high edge lint[0x1])
Jun 22 02:46:46 laptop kernel: ACPI: LAPIC_NMI (acpi_id[0x05] high edge lint[0x1])
Jun 22 02:46:46 laptop kernel: ACPI: LAPIC_NMI (acpi_id[0x06] high edge lint[0x1])
Jun 22 02:46:46 laptop kernel: ACPI: LAPIC_NMI (acpi_id[0x07] high edge lint[0x1])
Jun 22 02:46:46 laptop kernel: ACPI: LAPIC_NMI (acpi_id[0x08] high edge lint[0x1])
Jun 22 02:46:46 laptop kernel: ACPI: LAPIC_NMI (acpi_id[0x09] high edge lint[0x1])
Jun 22 02:46:46 laptop kernel: ACPI: LAPIC_NMI (acpi_id[0x0a] high edge lint[0x1])
Jun 22 02:46:46 laptop kernel: ACPI: LAPIC_NMI (acpi_id[0x0b] high edge lint[0x1])
Jun 22 02:46:46 laptop kernel: ACPI: LAPIC_NMI (acpi_id[0x0c] high edge lint[0x1])
Jun 22 02:46:46 laptop kernel: ACPI: LAPIC_NMI (acpi_id[0x0d] high edge lint[0x1])
Jun 22 02:46:46 laptop kernel: ACPI: LAPIC_NMI (acpi_id[0x0e] high edge lint[0x1])
Jun 22 02:46:46 laptop kernel: ACPI: LAPIC_NMI (acpi_id[0x0f] high edge lint[0x1])
Jun 22 02:46:46 laptop kernel: IOAPIC[0]: apic_id 33, version 33, address 0xfec00000, GSI 0-23
Jun 22 02:46:46 laptop kernel: IOAPIC[1]: apic_id 34, version 33, address 0xfec01000, GSI 24-55
Jun 22 02:46:46 laptop kernel: ACPI: INT_SRC_OVR (bus 0 bus_irq 1 global_irq 1 low edge)
Jun 22 02:46:46 laptop kernel: ACPI: INT_SRC_OVR (bus 0 bus_irq 0 global_irq 2 dfl dfl)
Jun 22 02:46:46 laptop kernel: ACPI: INT_SRC_OVR (bus 0 bus_irq 9 global_irq 9 low level)
Jun 22 02:46:46 laptop kernel: ACPI: Using ACPI (MADT) for SMP configuration information
Jun 22 02:46:46 laptop kernel: ACPI: HPET id: 0x10228210 base: 0xfed00000
Jun 22 02:46:46 laptop kernel: e820: update [mem 0x9da61000-0x9dab8fff] usable ==> reserved
Jun 22 02:46:46 laptop kernel: CPU topo: Max. logical packages:   1
Jun 22 02:46:46 laptop kernel: CPU topo: Max. logical dies:       1
Jun 22 02:46:46 laptop kernel: CPU topo: Max. dies per package:   1
Jun 22 02:46:46 laptop kernel: CPU topo: Max. threads per core:   2
Jun 22 02:46:46 laptop kernel: CPU topo: Num. cores per package:     4
Jun 22 02:46:46 laptop kernel: CPU topo: Num. threads per package:   8
Jun 22 02:46:46 laptop kernel: CPU topo: Allowing 8 present CPUs plus 0 hotplug CPUs
Jun 22 02:46:46 laptop kernel: PM: hibernation: Registered nosave memory: [mem 0x00000000-0x00000fff]
Jun 22 02:46:46 laptop kernel: PM: hibernation: Registered nosave memory: [mem 0x0009f000-0x000fffff]
Jun 22 02:46:46 laptop kernel: PM: hibernation: Registered nosave memory: [mem 0x09b00000-0x09dfffff]
Jun 22 02:46:46 laptop kernel: PM: hibernation: Registered nosave memory: [mem 0x09f00000-0x09f1dfff]
Jun 22 02:46:46 laptop kernel: PM: hibernation: Registered nosave memory: [mem 0x920e8000-0x932e7fff]
Jun 22 02:46:46 laptop kernel: PM: hibernation: Registered nosave memory: [mem 0x932ef000-0x932effff]
Jun 22 02:46:46 laptop kernel: PM: hibernation: Registered nosave memory: [mem 0x9da61000-0x9dab8fff]
Jun 22 02:46:46 laptop kernel: PM: hibernation: Registered nosave memory: [mem 0xa15c4000-0xa15c4fff]
Jun 22 02:46:46 laptop kernel: PM: hibernation: Registered nosave memory: [mem 0xb05ff000-0xbcffefff]
Jun 22 02:46:46 laptop kernel: PM: hibernation: Registered nosave memory: [mem 0xbd000000-0xffffffff]
Jun 22 02:46:46 laptop kernel: [mem 0xc0000000-0xfed7ffff] available for PCI devices
Jun 22 02:46:46 laptop kernel: Booting paravirtualized kernel on bare hardware
Jun 22 02:46:46 laptop kernel: clocksource: refined-jiffies: mask: 0xffffffff max_cycles: 0xffffffff, max_idle_ns: 1910969940391419 ns
Jun 22 02:46:46 laptop kernel: setup_percpu: NR_CPUS:384 nr_cpumask_bits:8 nr_cpu_ids:8 nr_node_ids:1
Jun 22 02:46:46 laptop kernel: percpu: Embedded 98 pages/cpu s278528 r8192 d114688 u524288
Jun 22 02:46:46 laptop kernel: pcpu-alloc: s278528 r8192 d114688 u524288 alloc=1*2097152
Jun 22 02:46:46 laptop kernel: pcpu-alloc: [0] 0 1 2 3 [0] 4 5 6 7 
Jun 22 02:46:46 laptop kernel: Kernel command line: initrd=\EFI\nixos\8sb0cj6gnafcv5c6b55gsr6jypxl7fm1-initrd-linux-6.18.35-initrd.efi init=/nix/store/iq3aabjnp4xv1m3ca1arcxk6w8f1v0b1-nixos-system-laptop-26.11.20260616.567a49d/init root=fstab loglevel=4 lsm=landlock,yama,bpf vt.default_red=0x2b,0xf8,0xcb,0xe3,0xa3,0xcb,0xe0,0xfd,0xfd,0xf8,0xcb,0xe3,0xa3,0xcb,0xe0,0xfe vt.default_grn=0x16,0x5e,0x7d,0x6f,0x90,0x7f,0x6f,0xdb,0x75,0x5e,0x7d,0x6f,0x90,0x7f,0x6f,0xf6 vt.default_blu=0x00,0x01,0x52,0x2c,0x4b,0x13,0x00,0xd1,0x2f,0x01,0x52,0x2c,0x4b,0x13,0x00,0x75
Jun 22 02:46:46 laptop kernel: printk: log buffer data + meta data: 262144 + 917504 = 1179648 bytes
Jun 22 02:46:46 laptop kernel: Dentry cache hash table entries: 1048576 (order: 11, 8388608 bytes, linear)
Jun 22 02:46:46 laptop kernel: Inode-cache hash table entries: 524288 (order: 10, 4194304 bytes, linear)
Jun 22 02:46:46 laptop kernel: software IO TLB: area num 8.
Jun 22 02:46:46 laptop kernel: Fallback order for Node 0: 0 
Jun 22 02:46:46 laptop kernel: Built 1 zonelists, mobility grouping on.  Total pages: 1889215
Jun 22 02:46:46 laptop kernel: Policy zone: Normal
Jun 22 02:46:46 laptop kernel: mem auto-init: stack:all(zero), heap alloc:on, heap free:off
Jun 22 02:46:46 laptop kernel: SLUB: HWalign=64, Order=0-3, MinObjects=0, CPUs=8, Nodes=1
Jun 22 02:46:46 laptop kernel: allocated 15728640 bytes of page_ext
Jun 22 02:46:46 laptop kernel: ftrace: allocating 48584 entries in 192 pages
Jun 22 02:46:46 laptop kernel: ftrace: allocated 192 pages with 2 groups
Jun 22 02:46:46 laptop kernel: Dynamic Preempt: lazy
Jun 22 02:46:46 laptop kernel: rcu: Preemptible hierarchical RCU implementation.
Jun 22 02:46:46 laptop kernel: rcu:         RCU event tracing is enabled.
Jun 22 02:46:46 laptop kernel: rcu:         RCU restricting CPUs from NR_CPUS=384 to nr_cpu_ids=8.
Jun 22 02:46:46 laptop kernel:         Trampoline variant of Tasks RCU enabled.
Jun 22 02:46:46 laptop kernel:         Rude variant of Tasks RCU enabled.
Jun 22 02:46:46 laptop kernel:         Tracing variant of Tasks RCU enabled.
Jun 22 02:46:46 laptop kernel: rcu: RCU calculated value of scheduler-enlistment delay is 100 jiffies.
Jun 22 02:46:46 laptop kernel: rcu: Adjusting geometry for rcu_fanout_leaf=16, nr_cpu_ids=8
Jun 22 02:46:46 laptop kernel: RCU Tasks: Setting shift to 3 and lim to 1 rcu_task_cb_adjust=1 rcu_task_cpu_ids=8.
Jun 22 02:46:46 laptop kernel: RCU Tasks Rude: Setting shift to 3 and lim to 1 rcu_task_cb_adjust=1 rcu_task_cpu_ids=8.
Jun 22 02:46:46 laptop kernel: RCU Tasks Trace: Setting shift to 3 and lim to 1 rcu_task_cb_adjust=1 rcu_task_cpu_ids=8.
Jun 22 02:46:46 laptop kernel: NR_IRQS: 24832, nr_irqs: 1032, preallocated irqs: 16
Jun 22 02:46:46 laptop kernel: rcu: srcu_init: Setting srcu_struct sizes based on contention.
Jun 22 02:46:46 laptop kernel: kfence: initialized - using 2097152 bytes for 255 objects at 0x(____ptrval____)-0x(____ptrval____)
Jun 22 02:46:46 laptop kernel: Console: colour dummy device 80x25
Jun 22 02:46:46 laptop kernel: printk: legacy console [tty0] enabled
Jun 22 02:46:46 laptop kernel: ACPI: Core revision 20250807
Jun 22 02:46:46 laptop kernel: clocksource: hpet: mask: 0xffffffff max_cycles: 0xffffffff, max_idle_ns: 133484873504 ns
Jun 22 02:46:46 laptop kernel: APIC: Switch to symmetric I/O mode setup
Jun 22 02:46:46 laptop kernel: AMD-Vi: ivrs, add hid:AMDI0020, uid:\_SB.FUR0, rdevid:0xa0
Jun 22 02:46:46 laptop kernel: AMD-Vi: ivrs, add hid:AMDI0020, uid:\_SB.FUR1, rdevid:0xa0
Jun 22 02:46:46 laptop kernel: AMD-Vi: ivrs, add hid:AMDI0020, uid:\_SB.FUR2, rdevid:0xa0
Jun 22 02:46:46 laptop kernel: AMD-Vi: ivrs, add hid:AMDI0020, uid:\_SB.FUR3, rdevid:0xa0
Jun 22 02:46:46 laptop kernel: AMD-Vi: Using global IVHD EFR:0x246577efa2254afa, EFR2:0x0
Jun 22 02:46:46 laptop kernel: x2apic: IRQ remapping doesn't support X2APIC mode
Jun 22 02:46:46 laptop kernel: ..TIMER: vector=0x30 apic1=0 pin1=2 apic2=-1 pin2=-1
Jun 22 02:46:46 laptop kernel: clocksource: tsc-early: mask: 0xffffffffffffffff max_cycles: 0x2849830f203, max_idle_ns: 440795292810 ns
Jun 22 02:46:46 laptop kernel: Calibrating delay loop (skipped), value calculated using timer frequency.. 5589.84 BogoMIPS (lpj=2794921)
Jun 22 02:46:46 laptop kernel: x86/cpu: User Mode Instruction Prevention (UMIP) activated
Jun 22 02:46:46 laptop kernel: LVT offset 1 assigned for vector 0xf9
Jun 22 02:46:46 laptop kernel: LVT offset 2 assigned for vector 0xf4
Jun 22 02:46:46 laptop kernel: Last level iTLB entries: 4KB 1024, 2MB 1024, 4MB 512
Jun 22 02:46:46 laptop kernel: Last level dTLB entries: 4KB 2048, 2MB 2048, 4MB 1024, 1GB 0
Jun 22 02:46:46 laptop kernel: process: using mwait in idle threads
Jun 22 02:46:46 laptop kernel: mitigations: Enabled attack vectors: user_kernel, user_user, guest_host, guest_guest, SMT mitigations: auto
Jun 22 02:46:46 laptop kernel: Speculative Store Bypass: Mitigation: Speculative Store Bypass disabled via prctl
Jun 22 02:46:46 laptop kernel: Spectre V2 : Mitigation: Retpolines
Jun 22 02:46:46 laptop kernel: RETBleed: Mitigation: untrained return thunk
Jun 22 02:46:46 laptop kernel: Spectre V2 : Selecting STIBP always-on mode to complement retbleed mitigation
Jun 22 02:46:46 laptop kernel: Spectre V2 : User space: Mitigation: STIBP always-on protection
Jun 22 02:46:46 laptop kernel: Speculative Return Stack Overflow: Mitigation: Safe RET
Jun 22 02:46:46 laptop kernel: VMSCAPE: Mitigation: IBPB before exit to userspace
Jun 22 02:46:46 laptop kernel: Spectre V1 : Mitigation: usercopy/swapgs barriers and __user pointer sanitization
Jun 22 02:46:46 laptop kernel: Spectre V2 : Spectre v2 / SpectreRSB: Filling RSB on context switch and VMEXIT
Jun 22 02:46:46 laptop kernel: Spectre V2 : Enabling Speculation Barrier for firmware calls
Jun 22 02:46:46 laptop kernel: active return thunk: retbleed_return_thunk
Jun 22 02:46:46 laptop kernel: Spectre V2 : mitigation: Enabling conditional Indirect Branch Prediction Barrier
Jun 22 02:46:46 laptop kernel: active return thunk: srso_return_thunk
Jun 22 02:46:46 laptop kernel: x86/fpu: Supporting XSAVE feature 0x001: 'x87 floating point registers'
Jun 22 02:46:46 laptop kernel: x86/fpu: Supporting XSAVE feature 0x002: 'SSE registers'
Jun 22 02:46:46 laptop kernel: x86/fpu: Supporting XSAVE feature 0x004: 'AVX registers'
Jun 22 02:46:46 laptop kernel: x86/fpu: xstate_offset[2]:  576, xstate_sizes[2]:  256
Jun 22 02:46:46 laptop kernel: x86/fpu: Enabled xstate features 0x7, context size is 832 bytes, using 'compacted' format.
Jun 22 02:46:46 laptop kernel: Freeing SMP alternatives memory: 44K
Jun 22 02:46:46 laptop kernel: pid_max: default: 32768 minimum: 301
Jun 22 02:46:46 laptop kernel: LSM: initializing lsm=capability,landlock,yama,bpf,ima
Jun 22 02:46:46 laptop kernel: landlock: Up and running.
Jun 22 02:46:46 laptop kernel: Yama: becoming mindful.
Jun 22 02:46:46 laptop kernel: LSM support for eBPF active
Jun 22 02:46:46 laptop kernel: Mount-cache hash table entries: 16384 (order: 5, 131072 bytes, linear)
Jun 22 02:46:46 laptop kernel: Mountpoint-cache hash table entries: 16384 (order: 5, 131072 bytes, linear)
Jun 22 02:46:46 laptop kernel: smpboot: CPU0: AMD Ryzen 5 7520U with Radeon Graphics (family: 0x17, model: 0xa0, stepping: 0x0)
Jun 22 02:46:46 laptop kernel: Performance Events: Fam17h+ core perfctr, AMD PMU driver.
Jun 22 02:46:46 laptop kernel: ... version:                   0
Jun 22 02:46:46 laptop kernel: ... bit width:                 48
Jun 22 02:46:46 laptop kernel: ... generic counters:          6
Jun 22 02:46:46 laptop kernel: ... generic bitmap:            000000000000003f
Jun 22 02:46:46 laptop kernel: ... fixed-purpose counters:    0
Jun 22 02:46:46 laptop kernel: ... fixed-purpose bitmap:      0000000000000000
Jun 22 02:46:46 laptop kernel: ... value mask:                0000ffffffffffff
Jun 22 02:46:46 laptop kernel: ... max period:                00007fffffffffff
Jun 22 02:46:46 laptop kernel: ... global_ctrl mask:          000000000000003f
Jun 22 02:46:46 laptop kernel: signal: max sigframe size: 1776
Jun 22 02:46:46 laptop kernel: rcu: Hierarchical SRCU implementation.
Jun 22 02:46:46 laptop kernel: rcu:         Max phase no-delay instances is 400.
Jun 22 02:46:46 laptop kernel: Timer migration: 1 hierarchy levels; 8 children per group; 1 crossnode level
Jun 22 02:46:46 laptop kernel: NMI watchdog: Enabled. Permanently consumes one hw-PMU counter.
Jun 22 02:46:46 laptop kernel: smp: Bringing up secondary CPUs ...
Jun 22 02:46:46 laptop kernel: smpboot: x86: Booting SMP configuration:
Jun 22 02:46:46 laptop kernel: .... node  #0, CPUs:      #2 #4 #6 #1 #3 #5 #7
Jun 22 02:46:46 laptop kernel: Spectre V2 : Update user space SMT mitigation: STIBP always-on
Jun 22 02:46:46 laptop kernel: smp: Brought up 1 node, 8 CPUs
Jun 22 02:46:46 laptop kernel: smpboot: Total of 8 processors activated (44718.73 BogoMIPS)
Jun 22 02:46:46 laptop kernel: Memory: 7122116K/7556860K available (17155K kernel code, 2721K rwdata, 13560K rodata, 3640K init, 3016K bss, 400960K reserved, 0K cma-reserved)
Jun 22 02:46:46 laptop kernel: devtmpfs: initialized
Jun 22 02:46:46 laptop kernel: x86/mm: Memory block size: 128MB
Jun 22 02:46:46 laptop kernel: ACPI: PM: Registering ACPI NVS region [mem 0x09f00000-0x09f1dfff] (122880 bytes)
Jun 22 02:46:46 laptop kernel: ACPI: PM: Registering ACPI NVS region [mem 0xb4eff000-0xbcefefff] (134217728 bytes)
Jun 22 02:46:46 laptop kernel: clocksource: jiffies: mask: 0xffffffff max_cycles: 0xffffffff, max_idle_ns: 1911260446275000 ns
Jun 22 02:46:46 laptop kernel: posixtimers hash table entries: 4096 (order: 4, 65536 bytes, linear)
Jun 22 02:46:46 laptop kernel: futex hash table entries: 2048 (131072 bytes on 1 NUMA nodes, total 128 KiB, linear).
Jun 22 02:46:46 laptop kernel: pinctrl core: initialized pinctrl subsystem
Jun 22 02:46:46 laptop kernel: PM: RTC time: 16:46:45, date: 2026-06-21
Jun 22 02:46:46 laptop kernel: NET: Registered PF_NETLINK/PF_ROUTE protocol family
Jun 22 02:46:46 laptop kernel: DMA: preallocated 1024 KiB GFP_KERNEL pool for atomic allocations
Jun 22 02:46:46 laptop kernel: DMA: preallocated 1024 KiB GFP_KERNEL|GFP_DMA pool for atomic allocations
Jun 22 02:46:46 laptop kernel: DMA: preallocated 1024 KiB GFP_KERNEL|GFP_DMA32 pool for atomic allocations
Jun 22 02:46:46 laptop kernel: audit: initializing netlink subsys (disabled)
Jun 22 02:46:46 laptop kernel: audit: type=2000 audit(1782060405.164:1): state=initialized audit_enabled=0 res=1
Jun 22 02:46:46 laptop kernel: thermal_sys: Registered thermal governor 'fair_share'
Jun 22 02:46:46 laptop kernel: thermal_sys: Registered thermal governor 'bang_bang'
Jun 22 02:46:46 laptop kernel: thermal_sys: Registered thermal governor 'step_wise'
Jun 22 02:46:46 laptop kernel: thermal_sys: Registered thermal governor 'user_space'
Jun 22 02:46:46 laptop kernel: thermal_sys: Registered thermal governor 'power_allocator'
Jun 22 02:46:46 laptop kernel: cpuidle: using governor menu
Jun 22 02:46:46 laptop kernel: Simple Boot Flag at 0x44 set to 0x80
Jun 22 02:46:46 laptop kernel: efi: Freeing EFI boot services memory: 118500K
Jun 22 02:46:46 laptop kernel: acpiphp: ACPI Hot Plug PCI Controller Driver version: 0.5
Jun 22 02:46:46 laptop kernel: PCI: ECAM [mem 0xe0000000-0xefffffff] (base 0xe0000000) for domain 0000 [bus 00-ff]
Jun 22 02:46:46 laptop kernel: PCI: Using configuration type 1 for base access
Jun 22 02:46:46 laptop kernel: kprobes: kprobe jump-optimization is enabled. All kprobes are optimized if possible.
Jun 22 02:46:46 laptop kernel: HugeTLB: registered 1.00 GiB page size, pre-allocated 0 pages
Jun 22 02:46:46 laptop kernel: HugeTLB: 16380 KiB vmemmap can be freed for a 1.00 GiB page
Jun 22 02:46:46 laptop kernel: HugeTLB: registered 2.00 MiB page size, pre-allocated 0 pages
Jun 22 02:46:46 laptop kernel: HugeTLB: 28 KiB vmemmap can be freed for a 2.00 MiB page
Jun 22 02:46:46 laptop kernel: ACPI: Added _OSI(Module Device)
Jun 22 02:46:46 laptop kernel: ACPI: Added _OSI(Processor Device)
Jun 22 02:46:46 laptop kernel: ACPI: Added _OSI(Processor Aggregator Device)
Jun 22 02:46:46 laptop kernel: ACPI: 26 ACPI AML tables successfully acquired and loaded
Jun 22 02:46:46 laptop kernel: ACPI: [Firmware Bug]: BIOS _OSI(Linux) query ignored
Jun 22 02:46:46 laptop kernel: ACPI: EC: EC started
Jun 22 02:46:46 laptop kernel: ACPI: EC: interrupt blocked
Jun 22 02:46:46 laptop kernel: ACPI: EC: EC_CMD/EC_SC=0x66, EC_DATA=0x62
Jun 22 02:46:46 laptop kernel: ACPI: \_SB_.PCI0.LPC0.EC0_: Boot DSDT EC used to handle transactions
Jun 22 02:46:46 laptop kernel: ACPI: Interpreter enabled
Jun 22 02:46:46 laptop kernel: ACPI: PM: (supports S0 S4 S5)
Jun 22 02:46:46 laptop kernel: ACPI: Using IOAPIC for interrupt routing
Jun 22 02:46:46 laptop kernel: PCI: Using host bridge windows from ACPI; if necessary, use "pci=nocrs" and report a bug
Jun 22 02:46:46 laptop kernel: PCI: Ignoring E820 reservations for host bridge windows
Jun 22 02:46:46 laptop kernel: ACPI: Enabled 2 GPEs in block 00 to 1F
Jun 22 02:46:46 laptop kernel: ACPI: \_SB_.PCI0.GPP0.P0NV: New power resource
Jun 22 02:46:46 laptop kernel: ACPI: \_SB_.PCI0.GPP2.WLAN.WRST: New power resource
Jun 22 02:46:46 laptop kernel: ACPI: \_SB_.PCI0.GP17.PWRS: New power resource
Jun 22 02:46:46 laptop kernel: ACPI: \_SB_.PCI0.GP17.VGA_.PWRS: New power resource
Jun 22 02:46:46 laptop kernel: ACPI: \_SB_.PCI0.GP17.ACP_.PWRS: New power resource
Jun 22 02:46:46 laptop kernel: ACPI: \_SB_.PCI0.GP17.AZAL.PWRS: New power resource
Jun 22 02:46:46 laptop kernel: ACPI: \_SB_.PCI0.GP17.HDAU.PWRS: New power resource
Jun 22 02:46:46 laptop kernel: ACPI: \_SB_.PCI0.GP17.XHC0.PWRS: New power resource
Jun 22 02:46:46 laptop kernel: ACPI: \_SB_.PCI0.GP17.XHC1.PWRS: New power resource
Jun 22 02:46:46 laptop kernel: ACPI: \_SB_.PCI0.GP17.XHC1.RHUB.PRT2.PWFR: New power resource
Jun 22 02:46:46 laptop kernel: ACPI: \_SB_.PCI0.GP19.XHC2.PWRS: New power resource
Jun 22 02:46:46 laptop kernel: ACPI: PCI Root Bridge [PCI0] (domain 0000 [bus 00-ff])
Jun 22 02:46:46 laptop kernel: acpi PNP0A08:00: _OSC: OS supports [ExtendedConfig ASPM ClockPM Segments MSI HPX-Type3]
Jun 22 02:46:46 laptop kernel: acpi PNP0A08:00: _OSC: platform does not support [AER]
Jun 22 02:46:46 laptop kernel: acpi PNP0A08:00: _OSC: OS now controls [PCIeHotplug PME PCIeCapability LTR]
Jun 22 02:46:46 laptop kernel: PCI host bridge to bus 0000:00
Jun 22 02:46:46 laptop kernel: pci_bus 0000:00: root bus resource [io  0x0000-0x0cf7 window]
Jun 22 02:46:46 laptop kernel: pci_bus 0000:00: root bus resource [io  0x0d00-0xffff window]
Jun 22 02:46:46 laptop kernel: pci_bus 0000:00: root bus resource [mem 0x000a0000-0x000bffff window]
Jun 22 02:46:46 laptop kernel: pci_bus 0000:00: root bus resource [mem 0x000c0000-0x000cffff window]
Jun 22 02:46:46 laptop kernel: pci_bus 0000:00: root bus resource [mem 0x000d0000-0x000effff window]
Jun 22 02:46:46 laptop kernel: pci_bus 0000:00: root bus resource [mem 0xc0000000-0xc07fffff window]
Jun 22 02:46:46 laptop kernel: pci_bus 0000:00: root bus resource [mem 0xf0000000-0xfdc00000 window]
Jun 22 02:46:46 laptop kernel: pci_bus 0000:00: root bus resource [mem 0xfed45000-0xfed814ff window]
Jun 22 02:46:46 laptop kernel: pci_bus 0000:00: root bus resource [mem 0xfed81900-0xfed81fff window]
Jun 22 02:46:46 laptop kernel: pci_bus 0000:00: root bus resource [mem 0xfedc0000-0xfedc0fff window]
Jun 22 02:46:46 laptop kernel: pci_bus 0000:00: root bus resource [mem 0xfedc6000-0xfedc6fff window]
Jun 22 02:46:46 laptop kernel: pci_bus 0000:00: root bus resource [mem 0x260200000-0x7cffffffff window]
Jun 22 02:46:46 laptop kernel: pci_bus 0000:00: root bus resource [bus 00-ff]
Jun 22 02:46:46 laptop kernel: pci 0000:00:00.0: [1022:14b5] type 00 class 0x060000 conventional PCI endpoint
Jun 22 02:46:46 laptop kernel: pci 0000:00:00.2: [1022:14b6] type 00 class 0x080600 conventional PCI endpoint
Jun 22 02:46:46 laptop kernel: pci 0000:00:01.0: [1022:14b7] type 00 class 0x060000 conventional PCI endpoint
Jun 22 02:46:46 laptop kernel: pci 0000:00:02.0: [1022:14b7] type 00 class 0x060000 conventional PCI endpoint
Jun 22 02:46:46 laptop kernel: pci 0000:00:02.1: [1022:14ba] type 01 class 0x060400 PCIe Root Port
Jun 22 02:46:46 laptop kernel: pci 0000:00:02.1: PCI bridge to [bus 01]
Jun 22 02:46:46 laptop kernel: pci 0000:00:02.1:   bridge window [mem 0xc0700000-0xc07fffff]
Jun 22 02:46:46 laptop kernel: pci 0000:00:02.1: PME# supported from D0 D3hot D3cold
Jun 22 02:46:46 laptop kernel: pci 0000:00:02.3: [1022:14ba] type 01 class 0x060400 PCIe Root Port
Jun 22 02:46:46 laptop kernel: pci 0000:00:02.3: PCI bridge to [bus 02]
Jun 22 02:46:46 laptop kernel: pci 0000:00:02.3:   bridge window [io  0x2000-0x2fff]
Jun 22 02:46:46 laptop kernel: pci 0000:00:02.3:   bridge window [mem 0xc0600000-0xc06fffff]
Jun 22 02:46:46 laptop kernel: pci 0000:00:02.3: PME# supported from D0 D3hot D3cold
Jun 22 02:46:46 laptop kernel: pci 0000:00:08.0: [1022:14b7] type 00 class 0x060000 conventional PCI endpoint
Jun 22 02:46:46 laptop kernel: pci 0000:00:08.1: [1022:14b9] type 01 class 0x060400 PCIe Root Port
Jun 22 02:46:46 laptop kernel: pci 0000:00:08.1: PCI bridge to [bus 03]
Jun 22 02:46:46 laptop kernel: pci 0000:00:08.1:   bridge window [io  0x1000-0x1fff]
Jun 22 02:46:46 laptop kernel: pci 0000:00:08.1:   bridge window [mem 0xc0100000-0xc05fffff]
Jun 22 02:46:46 laptop kernel: pci 0000:00:08.1:   bridge window [mem 0x7ce0000000-0x7cf01fffff 64bit pref]
Jun 22 02:46:46 laptop kernel: pci 0000:00:08.1: enabling Extended Tags
Jun 22 02:46:46 laptop kernel: pci 0000:00:08.1: PME# supported from D0 D3hot D3cold
Jun 22 02:46:46 laptop kernel: pci 0000:00:08.3: [1022:14b9] type 01 class 0x060400 PCIe Root Port
Jun 22 02:46:46 laptop kernel: pci 0000:00:08.3: PCI bridge to [bus 04]
Jun 22 02:46:46 laptop kernel: pci 0000:00:08.3:   bridge window [mem 0xc0000000-0xc00fffff]
Jun 22 02:46:46 laptop kernel: pci 0000:00:08.3: enabling Extended Tags
Jun 22 02:46:46 laptop kernel: pci 0000:00:08.3: PME# supported from D0 D3hot D3cold
Jun 22 02:46:46 laptop kernel: pci 0000:00:14.0: [1022:790b] type 00 class 0x0c0500 conventional PCI endpoint
Jun 22 02:46:46 laptop kernel: pci 0000:00:14.3: [1022:790e] type 00 class 0x060100 conventional PCI endpoint
Jun 22 02:46:46 laptop kernel: pci 0000:00:18.0: [1022:1724] type 00 class 0x060000 conventional PCI endpoint
Jun 22 02:46:46 laptop kernel: pci 0000:00:18.1: [1022:1725] type 00 class 0x060000 conventional PCI endpoint
Jun 22 02:46:46 laptop kernel: pci 0000:00:18.2: [1022:1726] type 00 class 0x060000 conventional PCI endpoint
Jun 22 02:46:46 laptop kernel: pci 0000:00:18.3: [1022:1727] type 00 class 0x060000 conventional PCI endpoint
Jun 22 02:46:46 laptop kernel: pci 0000:00:18.4: [1022:1728] type 00 class 0x060000 conventional PCI endpoint
Jun 22 02:46:46 laptop kernel: pci 0000:00:18.5: [1022:1729] type 00 class 0x060000 conventional PCI endpoint
Jun 22 02:46:46 laptop kernel: pci 0000:00:18.6: [1022:172a] type 00 class 0x060000 conventional PCI endpoint
Jun 22 02:46:46 laptop kernel: pci 0000:00:18.7: [1022:172b] type 00 class 0x060000 conventional PCI endpoint
Jun 22 02:46:46 laptop kernel: pci 0000:01:00.0: [1344:5413] type 00 class 0x010802 PCIe Endpoint
Jun 22 02:46:46 laptop kernel: pci 0000:01:00.0: BAR 0 [mem 0xc0700000-0xc0703fff 64bit]
Jun 22 02:46:46 laptop kernel: pci 0000:01:00.0: 15.752 Gb/s available PCIe bandwidth, limited by 8.0 GT/s PCIe x2 link at 0000:00:02.1 (capable of 63.012 Gb/s with 16.0 GT/s PCIe x4 link)
Jun 22 02:46:46 laptop kernel: pci 0000:00:02.1: PCI bridge to [bus 01]
Jun 22 02:46:46 laptop kernel: pci 0000:02:00.0: [10ec:c821] type 00 class 0x028000 PCIe Endpoint
Jun 22 02:46:46 laptop kernel: pci 0000:02:00.0: BAR 0 [io  0x2000-0x20ff]
Jun 22 02:46:46 laptop kernel: pci 0000:02:00.0: BAR 2 [mem 0xc0600000-0xc060ffff 64bit]
Jun 22 02:46:46 laptop kernel: pci 0000:02:00.0: supports D1 D2
Jun 22 02:46:46 laptop kernel: pci 0000:02:00.0: PME# supported from D0 D1 D2 D3hot D3cold
Jun 22 02:46:46 laptop kernel: pci 0000:00:02.3: PCI bridge to [bus 02]
Jun 22 02:46:46 laptop kernel: pci 0000:03:00.0: [1002:1506] type 00 class 0x030000 PCIe Legacy Endpoint
Jun 22 02:46:46 laptop kernel: pci 0000:03:00.0: BAR 0 [mem 0x7ce0000000-0x7cefffffff 64bit pref]
Jun 22 02:46:46 laptop kernel: pci 0000:03:00.0: BAR 2 [mem 0x7cf0000000-0x7cf01fffff 64bit pref]
Jun 22 02:46:46 laptop kernel: pci 0000:03:00.0: BAR 4 [io  0x1000-0x10ff]
Jun 22 02:46:46 laptop kernel: pci 0000:03:00.0: BAR 5 [mem 0xc0500000-0xc057ffff]
Jun 22 02:46:46 laptop kernel: pci 0000:03:00.0: enabling Extended Tags
Jun 22 02:46:46 laptop kernel: pci 0000:03:00.0: PME# supported from D1 D2 D3hot D3cold
Jun 22 02:46:46 laptop kernel: pci 0000:03:00.1: [1002:1640] type 00 class 0x040300 PCIe Legacy Endpoint
Jun 22 02:46:46 laptop kernel: pci 0000:03:00.1: BAR 0 [mem 0xc05c8000-0xc05cbfff]
Jun 22 02:46:46 laptop kernel: pci 0000:03:00.1: enabling Extended Tags
Jun 22 02:46:46 laptop kernel: pci 0000:03:00.1: PME# supported from D1 D2 D3hot D3cold
Jun 22 02:46:46 laptop kernel: pci 0000:03:00.2: [1022:1649] type 00 class 0x108000 PCIe Endpoint
Jun 22 02:46:46 laptop kernel: pci 0000:03:00.2: BAR 2 [mem 0xc0400000-0xc04fffff]
Jun 22 02:46:46 laptop kernel: pci 0000:03:00.2: BAR 5 [mem 0xc05ce000-0xc05cffff]
Jun 22 02:46:46 laptop kernel: pci 0000:03:00.2: enabling Extended Tags
Jun 22 02:46:46 laptop kernel: pci 0000:03:00.3: [1022:1503] type 00 class 0x0c0330 PCIe Endpoint
Jun 22 02:46:46 laptop kernel: pci 0000:03:00.3: BAR 0 [mem 0xc0100000-0xc01fffff 64bit]
Jun 22 02:46:46 laptop kernel: pci 0000:03:00.3: enabling Extended Tags
Jun 22 02:46:46 laptop kernel: pci 0000:03:00.3: PME# supported from D0 D3hot D3cold
Jun 22 02:46:46 laptop kernel: pci 0000:03:00.4: [1022:1504] type 00 class 0x0c0330 PCIe Endpoint
Jun 22 02:46:46 laptop kernel: pci 0000:03:00.4: BAR 0 [mem 0xc0200000-0xc02fffff 64bit]
Jun 22 02:46:46 laptop kernel: pci 0000:03:00.4: enabling Extended Tags
Jun 22 02:46:46 laptop kernel: pci 0000:03:00.4: PME# supported from D0 D3hot D3cold
Jun 22 02:46:46 laptop kernel: pci 0000:03:00.5: [1022:15e2] type 00 class 0x048000 PCIe Endpoint
Jun 22 02:46:46 laptop kernel: pci 0000:03:00.5: BAR 0 [mem 0xc0580000-0xc05bffff]
Jun 22 02:46:46 laptop kernel: pci 0000:03:00.5: enabling Extended Tags
Jun 22 02:46:46 laptop kernel: pci 0000:03:00.5: PME# supported from D0 D3hot D3cold
Jun 22 02:46:46 laptop kernel: pci 0000:03:00.6: [1022:15e3] type 00 class 0x040300 PCIe Endpoint
Jun 22 02:46:46 laptop kernel: pci 0000:03:00.6: BAR 0 [mem 0xc05c0000-0xc05c7fff]
Jun 22 02:46:46 laptop kernel: pci 0000:03:00.6: enabling Extended Tags
Jun 22 02:46:46 laptop kernel: pci 0000:03:00.6: PME# supported from D0 D3hot D3cold
Jun 22 02:46:46 laptop kernel: pci 0000:03:00.7: [1022:164a] type 00 class 0x118000 PCIe Endpoint
Jun 22 02:46:46 laptop kernel: pci 0000:03:00.7: BAR 2 [mem 0xc0300000-0xc03fffff]
Jun 22 02:46:46 laptop kernel: pci 0000:03:00.7: BAR 5 [mem 0xc05cc000-0xc05cdfff]
Jun 22 02:46:46 laptop kernel: pci 0000:03:00.7: enabling Extended Tags
Jun 22 02:46:46 laptop kernel: pci 0000:00:08.1: PCI bridge to [bus 03]
Jun 22 02:46:46 laptop kernel: pci 0000:04:00.0: [1022:1505] type 00 class 0x0c0330 PCIe Endpoint
Jun 22 02:46:46 laptop kernel: pci 0000:04:00.0: BAR 0 [mem 0xc0000000-0xc00fffff 64bit]
Jun 22 02:46:46 laptop kernel: pci 0000:04:00.0: enabling Extended Tags
Jun 22 02:46:46 laptop kernel: pci 0000:04:00.0: PME# supported from D0 D3hot D3cold
Jun 22 02:46:46 laptop kernel: pci 0000:00:08.3: PCI bridge to [bus 04]
Jun 22 02:46:46 laptop kernel: ACPI: PCI: Interrupt link LNKA configured for IRQ 0
Jun 22 02:46:46 laptop kernel: ACPI: PCI: Interrupt link LNKA disabled
Jun 22 02:46:46 laptop kernel: ACPI: PCI: Interrupt link LNKB configured for IRQ 0
Jun 22 02:46:46 laptop kernel: ACPI: PCI: Interrupt link LNKB disabled
Jun 22 02:46:46 laptop kernel: ACPI: PCI: Interrupt link LNKC configured for IRQ 0
Jun 22 02:46:46 laptop kernel: ACPI: PCI: Interrupt link LNKC disabled
Jun 22 02:46:46 laptop kernel: ACPI: PCI: Interrupt link LNKD configured for IRQ 0
Jun 22 02:46:46 laptop kernel: ACPI: PCI: Interrupt link LNKD disabled
Jun 22 02:46:46 laptop kernel: ACPI: PCI: Interrupt link LNKE configured for IRQ 0
Jun 22 02:46:46 laptop kernel: ACPI: PCI: Interrupt link LNKE disabled
Jun 22 02:46:46 laptop kernel: ACPI: PCI: Interrupt link LNKF configured for IRQ 0
Jun 22 02:46:46 laptop kernel: ACPI: PCI: Interrupt link LNKF disabled
Jun 22 02:46:46 laptop kernel: ACPI: PCI: Interrupt link LNKG configured for IRQ 0
Jun 22 02:46:46 laptop kernel: ACPI: PCI: Interrupt link LNKG disabled
Jun 22 02:46:46 laptop kernel: ACPI: PCI: Interrupt link LNKH configured for IRQ 0
Jun 22 02:46:46 laptop kernel: ACPI: PCI: Interrupt link LNKH disabled
Jun 22 02:46:46 laptop kernel: Low-power S0 idle used by default for system suspend
Jun 22 02:46:46 laptop kernel: ACPI: EC: interrupt unblocked
Jun 22 02:46:46 laptop kernel: ACPI: EC: event unblocked
Jun 22 02:46:46 laptop kernel: ACPI: EC: EC_CMD/EC_SC=0x66, EC_DATA=0x62
Jun 22 02:46:46 laptop kernel: ACPI: EC: GPE=0x16
Jun 22 02:46:46 laptop kernel: ACPI: \_SB_.PCI0.LPC0.EC0_: Boot DSDT EC initialization complete
Jun 22 02:46:46 laptop kernel: ACPI: \_SB_.PCI0.LPC0.EC0_: EC: Used to handle transactions and events
Jun 22 02:46:46 laptop kernel: iommu: Default domain type: Translated
Jun 22 02:46:46 laptop kernel: iommu: DMA domain TLB invalidation policy: lazy mode
Jun 22 02:46:46 laptop kernel: ACPI: bus type USB registered
Jun 22 02:46:46 laptop kernel: usbcore: registered new interface driver usbfs
Jun 22 02:46:46 laptop kernel: usbcore: registered new interface driver hub
Jun 22 02:46:46 laptop kernel: usbcore: registered new device driver usb
Jun 22 02:46:46 laptop kernel: efivars: Registered efivars operations
Jun 22 02:46:46 laptop kernel: NetLabel: Initializing
Jun 22 02:46:46 laptop kernel: NetLabel:  domain hash size = 128
Jun 22 02:46:46 laptop kernel: NetLabel:  protocols = UNLABELED CIPSOv4 CALIPSO
Jun 22 02:46:46 laptop kernel: NetLabel:  unlabeled traffic allowed by default
Jun 22 02:46:46 laptop kernel: PCI: Using ACPI for IRQ routing
Jun 22 02:46:46 laptop kernel: PCI: pci_cache_line_size set to 64 bytes
Jun 22 02:46:46 laptop kernel: e820: reserve RAM buffer [mem 0x0009f000-0x0009ffff]
Jun 22 02:46:46 laptop kernel: e820: reserve RAM buffer [mem 0x09b00000-0x0bffffff]
Jun 22 02:46:46 laptop kernel: e820: reserve RAM buffer [mem 0x09f00000-0x0bffffff]
Jun 22 02:46:46 laptop kernel: e820: reserve RAM buffer [mem 0x920e8000-0x93ffffff]
Jun 22 02:46:46 laptop kernel: e820: reserve RAM buffer [mem 0x932ef000-0x93ffffff]
Jun 22 02:46:46 laptop kernel: e820: reserve RAM buffer [mem 0x9da61000-0x9fffffff]
Jun 22 02:46:46 laptop kernel: e820: reserve RAM buffer [mem 0xa15c4000-0xa3ffffff]
Jun 22 02:46:46 laptop kernel: e820: reserve RAM buffer [mem 0xb05ff000-0xb3ffffff]
Jun 22 02:46:46 laptop kernel: e820: reserve RAM buffer [mem 0xbd000000-0xbfffffff]
Jun 22 02:46:46 laptop kernel: e820: reserve RAM buffer [mem 0x21e340000-0x21fffffff]
Jun 22 02:46:46 laptop kernel: pci 0000:03:00.0: vgaarb: setting as boot VGA device
Jun 22 02:46:46 laptop kernel: pci 0000:03:00.0: vgaarb: bridge control possible
Jun 22 02:46:46 laptop kernel: pci 0000:03:00.0: vgaarb: VGA device added: decodes=io+mem,owns=none,locks=none
Jun 22 02:46:46 laptop kernel: vgaarb: loaded
Jun 22 02:46:46 laptop kernel: hpet0: at MMIO 0xfed00000, IRQs 2, 8, 0
Jun 22 02:46:46 laptop kernel: hpet0: 3 comparators, 32-bit 14.318180 MHz counter
Jun 22 02:46:46 laptop kernel: clocksource: Switched to clocksource tsc-early
Jun 22 02:46:46 laptop kernel: VFS: Disk quotas dquot_6.6.0
Jun 22 02:46:46 laptop kernel: VFS: Dquot-cache hash table entries: 512 (order 0, 4096 bytes)
Jun 22 02:46:46 laptop kernel: pnp: PnP ACPI init
Jun 22 02:46:46 laptop kernel: system 00:00: [mem 0xfec00000-0xfec01fff] could not be reserved
Jun 22 02:46:46 laptop kernel: system 00:00: [mem 0xfee00000-0xfee00fff] has been reserved
Jun 22 02:46:46 laptop kernel: system 00:00: [mem 0xfde00000-0xfdefffff] has been reserved
Jun 22 02:46:46 laptop kernel: system 00:03: [io  0x0400-0x04cf] has been reserved
Jun 22 02:46:46 laptop kernel: system 00:03: [io  0x04d0-0x04d1] has been reserved
Jun 22 02:46:46 laptop kernel: system 00:03: [io  0x04d6] has been reserved
Jun 22 02:46:46 laptop kernel: system 00:03: [io  0x0c00-0x0c01] has been reserved
Jun 22 02:46:46 laptop kernel: system 00:03: [io  0x0c14] has been reserved
Jun 22 02:46:46 laptop kernel: system 00:03: [io  0x0c50-0x0c52] has been reserved
Jun 22 02:46:46 laptop kernel: system 00:03: [io  0x0c6c] has been reserved
Jun 22 02:46:46 laptop kernel: system 00:03: [io  0x0c6f] has been reserved
Jun 22 02:46:46 laptop kernel: system 00:03: [io  0x0cd0-0x0cdb] has been reserved
Jun 22 02:46:46 laptop kernel: system 00:04: [mem 0x000e0000-0x000fffff] could not be reserved
Jun 22 02:46:46 laptop kernel: system 00:04: [mem 0xff000000-0xffffffff] has been reserved
Jun 22 02:46:46 laptop kernel: pnp: PnP ACPI: found 5 devices
Jun 22 02:46:46 laptop kernel: clocksource: acpi_pm: mask: 0xffffff max_cycles: 0xffffff, max_idle_ns: 2085701024 ns
Jun 22 02:46:46 laptop kernel: NET: Registered PF_INET protocol family
Jun 22 02:46:46 laptop kernel: IP idents hash table entries: 131072 (order: 8, 1048576 bytes, linear)
Jun 22 02:46:46 laptop kernel: tcp_listen_portaddr_hash hash table entries: 4096 (order: 4, 65536 bytes, linear)
Jun 22 02:46:46 laptop kernel: Table-perturb hash table entries: 65536 (order: 6, 262144 bytes, linear)
Jun 22 02:46:46 laptop kernel: TCP established hash table entries: 65536 (order: 7, 524288 bytes, linear)
Jun 22 02:46:46 laptop kernel: TCP bind hash table entries: 65536 (order: 9, 2097152 bytes, linear)
Jun 22 02:46:46 laptop kernel: TCP: Hash tables configured (established 65536 bind 65536)
Jun 22 02:46:46 laptop kernel: MPTCP token hash table entries: 8192 (order: 6, 196608 bytes, linear)
Jun 22 02:46:46 laptop kernel: UDP hash table entries: 4096 (order: 6, 262144 bytes, linear)
Jun 22 02:46:46 laptop kernel: UDP-Lite hash table entries: 4096 (order: 6, 262144 bytes, linear)
Jun 22 02:46:46 laptop kernel: NET: Registered PF_UNIX/PF_LOCAL protocol family
Jun 22 02:46:46 laptop kernel: NET: Registered PF_XDP protocol family
Jun 22 02:46:46 laptop kernel: pci 0000:00:02.1: PCI bridge to [bus 01]
Jun 22 02:46:46 laptop kernel: pci 0000:00:02.1:   bridge window [mem 0xc0700000-0xc07fffff]
Jun 22 02:46:46 laptop kernel: pci 0000:00:02.3: PCI bridge to [bus 02]
Jun 22 02:46:46 laptop kernel: pci 0000:00:02.3:   bridge window [io  0x2000-0x2fff]
Jun 22 02:46:46 laptop kernel: pci 0000:00:02.3:   bridge window [mem 0xc0600000-0xc06fffff]
Jun 22 02:46:46 laptop kernel: pci 0000:00:08.1: PCI bridge to [bus 03]
Jun 22 02:46:46 laptop kernel: pci 0000:00:08.1:   bridge window [io  0x1000-0x1fff]
Jun 22 02:46:46 laptop kernel: pci 0000:00:08.1:   bridge window [mem 0xc0100000-0xc05fffff]
Jun 22 02:46:46 laptop kernel: pci 0000:00:08.1:   bridge window [mem 0x7ce0000000-0x7cf01fffff 64bit pref]
Jun 22 02:46:46 laptop kernel: pci 0000:00:08.3: PCI bridge to [bus 04]
Jun 22 02:46:46 laptop kernel: pci 0000:00:08.3:   bridge window [mem 0xc0000000-0xc00fffff]
Jun 22 02:46:46 laptop kernel: pci_bus 0000:00: resource 4 [io  0x0000-0x0cf7 window]
Jun 22 02:46:46 laptop kernel: pci_bus 0000:00: resource 5 [io  0x0d00-0xffff window]
Jun 22 02:46:46 laptop kernel: pci_bus 0000:00: resource 6 [mem 0x000a0000-0x000bffff window]
Jun 22 02:46:46 laptop kernel: pci_bus 0000:00: resource 7 [mem 0x000c0000-0x000cffff window]
Jun 22 02:46:46 laptop kernel: pci_bus 0000:00: resource 8 [mem 0x000d0000-0x000effff window]
Jun 22 02:46:46 laptop kernel: pci_bus 0000:00: resource 9 [mem 0xc0000000-0xc07fffff window]
Jun 22 02:46:46 laptop kernel: pci_bus 0000:00: resource 10 [mem 0xf0000000-0xfdc00000 window]
Jun 22 02:46:46 laptop kernel: pci_bus 0000:00: resource 11 [mem 0xfed45000-0xfed814ff window]
Jun 22 02:46:46 laptop kernel: pci_bus 0000:00: resource 12 [mem 0xfed81900-0xfed81fff window]
Jun 22 02:46:46 laptop kernel: pci_bus 0000:00: resource 13 [mem 0xfedc0000-0xfedc0fff window]
Jun 22 02:46:46 laptop kernel: pci_bus 0000:00: resource 14 [mem 0xfedc6000-0xfedc6fff window]
Jun 22 02:46:46 laptop kernel: pci_bus 0000:00: resource 15 [mem 0x260200000-0x7cffffffff window]
Jun 22 02:46:46 laptop kernel: pci_bus 0000:01: resource 1 [mem 0xc0700000-0xc07fffff]
Jun 22 02:46:46 laptop kernel: pci_bus 0000:02: resource 0 [io  0x2000-0x2fff]
Jun 22 02:46:46 laptop kernel: pci_bus 0000:02: resource 1 [mem 0xc0600000-0xc06fffff]
Jun 22 02:46:46 laptop kernel: pci_bus 0000:03: resource 0 [io  0x1000-0x1fff]
Jun 22 02:46:46 laptop kernel: pci_bus 0000:03: resource 1 [mem 0xc0100000-0xc05fffff]
Jun 22 02:46:46 laptop kernel: pci_bus 0000:03: resource 2 [mem 0x7ce0000000-0x7cf01fffff 64bit pref]
Jun 22 02:46:46 laptop kernel: pci_bus 0000:04: resource 1 [mem 0xc0000000-0xc00fffff]
Jun 22 02:46:46 laptop kernel: pci 0000:03:00.1: D0 power state depends on 0000:03:00.0
Jun 22 02:46:46 laptop kernel: PCI: CLS 64 bytes, default 64
Jun 22 02:46:46 laptop kernel: pci 0000:00:00.2: AMD-Vi: IOMMU performance counters supported
Jun 22 02:46:46 laptop kernel: Trying to unpack rootfs image as initramfs...
Jun 22 02:46:46 laptop kernel: pci 0000:00:01.0: Adding to iommu group 0
Jun 22 02:46:46 laptop kernel: pci 0000:00:02.0: Adding to iommu group 1
Jun 22 02:46:46 laptop kernel: pci 0000:00:02.1: Adding to iommu group 2
Jun 22 02:46:46 laptop kernel: pci 0000:00:02.3: Adding to iommu group 3
Jun 22 02:46:46 laptop kernel: pci 0000:00:08.0: Adding to iommu group 4
Jun 22 02:46:46 laptop kernel: pci 0000:00:08.1: Adding to iommu group 5
Jun 22 02:46:46 laptop kernel: pci 0000:00:08.3: Adding to iommu group 6
Jun 22 02:46:46 laptop kernel: pci 0000:00:14.0: Adding to iommu group 7
Jun 22 02:46:46 laptop kernel: pci 0000:00:14.3: Adding to iommu group 7
Jun 22 02:46:46 laptop kernel: pci 0000:00:18.0: Adding to iommu group 8
Jun 22 02:46:46 laptop kernel: pci 0000:00:18.1: Adding to iommu group 8
Jun 22 02:46:46 laptop kernel: pci 0000:00:18.2: Adding to iommu group 8
Jun 22 02:46:46 laptop kernel: pci 0000:00:18.3: Adding to iommu group 8
Jun 22 02:46:46 laptop kernel: pci 0000:00:18.4: Adding to iommu group 8
Jun 22 02:46:46 laptop kernel: pci 0000:00:18.5: Adding to iommu group 8
Jun 22 02:46:46 laptop kernel: pci 0000:00:18.6: Adding to iommu group 8
Jun 22 02:46:46 laptop kernel: pci 0000:00:18.7: Adding to iommu group 8
Jun 22 02:46:46 laptop kernel: pci 0000:01:00.0: Adding to iommu group 9
Jun 22 02:46:46 laptop kernel: pci 0000:02:00.0: Adding to iommu group 10
Jun 22 02:46:46 laptop kernel: pci 0000:03:00.0: Adding to iommu group 11
Jun 22 02:46:46 laptop kernel: pci 0000:03:00.1: Adding to iommu group 12
Jun 22 02:46:46 laptop kernel: pci 0000:03:00.2: Adding to iommu group 13
Jun 22 02:46:46 laptop kernel: pci 0000:03:00.3: Adding to iommu group 14
Jun 22 02:46:46 laptop kernel: pci 0000:03:00.4: Adding to iommu group 15
Jun 22 02:46:46 laptop kernel: pci 0000:03:00.5: Adding to iommu group 16
Jun 22 02:46:46 laptop kernel: pci 0000:03:00.6: Adding to iommu group 17
Jun 22 02:46:46 laptop kernel: pci 0000:03:00.7: Adding to iommu group 18
Jun 22 02:46:46 laptop kernel: pci 0000:04:00.0: Adding to iommu group 19
Jun 22 02:46:46 laptop kernel: AMD-Vi: Extended features (0x246577efa2254afa, 0x0): PPR NX GT [5] IA GA PC GA_vAPIC
Jun 22 02:46:46 laptop kernel: AMD-Vi: Interrupt remapping enabled
Jun 22 02:46:46 laptop kernel: AMD-Vi: Virtual APIC enabled
Jun 22 02:46:46 laptop kernel: PCI-DMA: Using software bounce buffering for IO (SWIOTLB)
Jun 22 02:46:46 laptop kernel: software IO TLB: mapped [mem 0x00000000abc24000-0x00000000afc24000] (64MB)
Jun 22 02:46:46 laptop kernel: LVT offset 0 assigned for vector 0x400
Jun 22 02:46:46 laptop kernel: perf: AMD IBS detected (0x000003ff)
Jun 22 02:46:46 laptop kernel: perf/amd_iommu: Detected AMD IOMMU #0 (2 banks, 4 counters/bank).
Jun 22 02:46:46 laptop kernel: Initialise system trusted keyrings
Jun 22 02:46:46 laptop kernel: workingset: timestamp_bits=40 max_order=21 bucket_order=0
Jun 22 02:46:46 laptop kernel: Key type asymmetric registered
Jun 22 02:46:46 laptop kernel: Asymmetric key parser 'x509' registered
Jun 22 02:46:46 laptop kernel: Block layer SCSI generic (bsg) driver version 0.4 loaded (major 248)
Jun 22 02:46:46 laptop kernel: io scheduler mq-deadline registered
Jun 22 02:46:46 laptop kernel: io scheduler kyber registered
Jun 22 02:46:46 laptop kernel: pcieport 0000:00:02.1: PME: Signaling with IRQ 36
Jun 22 02:46:46 laptop kernel: pcieport 0000:00:02.3: PME: Signaling with IRQ 37
Jun 22 02:46:46 laptop kernel: pcieport 0000:00:08.1: PME: Signaling with IRQ 38
Jun 22 02:46:46 laptop kernel: pcieport 0000:00:08.3: PME: Signaling with IRQ 39
Jun 22 02:46:46 laptop kernel: Monitor-Mwait will be used to enter C-1 state
Jun 22 02:46:46 laptop kernel: Estimated ratio of average max frequency by base frequency (times 1024): 1313
Jun 22 02:46:46 laptop kernel: Serial: 8250/16550 driver, 4 ports, IRQ sharing enabled
Jun 22 02:46:46 laptop kernel: Linux agpgart interface v0.103
Jun 22 02:46:46 laptop kernel: tpm_tis NTC0702:00: 2.0 TPM (device-id 0xFC, rev-id 1)
Jun 22 02:46:46 laptop kernel: ACPI: bus type drm_connector registered
Jun 22 02:46:46 laptop kernel: usbcore: registered new interface driver usbserial_generic
Jun 22 02:46:46 laptop kernel: usbserial: USB Serial support registered for generic
Jun 22 02:46:46 laptop kernel: amd_pstate: The CPPC feature is supported but currently disabled by the BIOS.
                               Please enable it if your BIOS has the CPPC option.
Jun 22 02:46:46 laptop kernel: simple-framebuffer simple-framebuffer.0: [drm] Registered 1 planes with drm panic
Jun 22 02:46:46 laptop kernel: [drm] Initialized simpledrm 1.0.0 for simple-framebuffer.0 on minor 0
Jun 22 02:46:46 laptop kernel: fbcon: Deferring console take-over
Jun 22 02:46:46 laptop kernel: simple-framebuffer simple-framebuffer.0: [drm] fb0: simpledrmdrmfb frame buffer device
Jun 22 02:46:46 laptop kernel: pstore: Using crash dump compression: deflate
Jun 22 02:46:46 laptop kernel: pstore: Registered efi_pstore as persistent store backend
Jun 22 02:46:46 laptop kernel: drop_monitor: Initializing network drop monitor service
Jun 22 02:46:46 laptop kernel: NET: Registered PF_INET6 protocol family
Jun 22 02:46:46 laptop kernel: Segment Routing with IPv6
Jun 22 02:46:46 laptop kernel: In-situ OAM (IOAM) with IPv6
Jun 22 02:46:46 laptop kernel: x86/amd: Previous system reset reason [0x00080800]: software wrote 0x6 to reset control register 0xCF9
Jun 22 02:46:46 laptop kernel: microcode: Current revision: 0x08a0000b
Jun 22 02:46:46 laptop kernel: resctrl: L3 allocation detected
Jun 22 02:46:46 laptop kernel: resctrl: MB allocation detected
Jun 22 02:46:46 laptop kernel: resctrl: L3 monitoring detected
Jun 22 02:46:46 laptop kernel: IPI shorthand broadcast: enabled
Jun 22 02:46:46 laptop kernel: sched_clock: Marking stable (474316388, 1531492)->(489036066, -13188186)
Jun 22 02:46:46 laptop kernel: registered taskstats version 1
Jun 22 02:46:46 laptop kernel: Loading compiled-in X.509 certificates
Jun 22 02:46:46 laptop kernel: Demotion targets for Node 0: null
Jun 22 02:46:46 laptop kernel: Key type .fscrypt registered
Jun 22 02:46:46 laptop kernel: Key type fscrypt-provisioning registered
Jun 22 02:46:46 laptop kernel: ima: Allocated hash algorithm: sha1
Jun 22 02:46:46 laptop kernel: ima: No architecture policies found
Jun 22 02:46:46 laptop kernel: PM:   Magic number: 14:511:793
Jun 22 02:46:46 laptop kernel: RAS: Correctable Errors collector initialized.
Jun 22 02:46:46 laptop kernel: clk: Disabling unused clocks
Jun 22 02:46:46 laptop kernel: PM: genpd: Disabling unused power domains
Jun 22 02:46:46 laptop kernel: Freeing initrd memory: 27180K
Jun 22 02:46:46 laptop kernel: Freeing unused decrypted memory: 2028K
Jun 22 02:46:46 laptop kernel: Freeing unused kernel image (initmem) memory: 3640K
Jun 22 02:46:46 laptop kernel: Write protecting the kernel read-only data: 32768k
Jun 22 02:46:46 laptop kernel: Freeing unused kernel image (text/rodata gap) memory: 1276K
Jun 22 02:46:46 laptop kernel: Freeing unused kernel image (rodata/data gap) memory: 776K
Jun 22 02:46:46 laptop kernel: x86/mm: Checked W+X mappings: passed, no W+X pages found.
Jun 22 02:46:46 laptop kernel: Run /init as init process
Jun 22 02:46:46 laptop kernel:   with arguments:
Jun 22 02:46:46 laptop kernel:     /init
Jun 22 02:46:46 laptop kernel:   with environment:
Jun 22 02:46:46 laptop kernel:     HOME=/
Jun 22 02:46:46 laptop kernel:     TERM=linux
Jun 22 02:46:46 laptop systemd[1]: Inserted module 'autofs4'
Jun 22 02:46:46 laptop systemd[1]: Successfully made /usr/ read-only.
Jun 22 02:46:46 laptop systemd[1]: systemd 260.1 running in system mode (+PAM +AUDIT -SELINUX +APPARMOR +IMA +IPE +SMACK +SECCOMP +GCRYPT -GNUTLS +OPENSSL +ACL +BLKID +CURL +ELFUTILS +FIDO2 +IDN2 +KMOD +LIBCRYPTSETUP +LIBCRYPTSETUP_PLUGINS +LIBFDISK +PCRE2 +PWQUALITY +P11KIT +QRENCODE +TPM2 +BZIP2 +LZ4 +XZ +ZLIB +ZSTD +BPF_FRAMEWORK -BTF -XKBCOMMON +UTMP +LIBARCHIVE)
Jun 22 02:46:46 laptop systemd[1]: Detected architecture x86-64.
Jun 22 02:46:46 laptop systemd[1]: Running in initrd.
Jun 22 02:46:46 laptop kernel: fbcon: Taking over console
Jun 22 02:46:46 laptop systemd[1]: Initializing machine ID from random generator.
Jun 22 02:46:46 laptop systemd[1]: Hostname set to <laptop>.
Jun 22 02:46:46 laptop kernel: Console: switching to colour frame buffer device 240x67
Jun 22 02:46:46 laptop systemd[1]: Queued start job for default target Initrd Default Target.
Jun 22 02:46:46 laptop systemd[1]: Created slice Slice /system/modprobe.
Jun 22 02:46:46 laptop systemd[1]: Started Dispatch Password Requests to Console Directory Watch.
Jun 22 02:46:46 laptop systemd[1]: Expecting device /dev/disk/by-uuid/05b9f2cd-f792-4514-88fa-619c495dcc66...
Jun 22 02:46:46 laptop systemd[1]: Reached target Path Units.
Jun 22 02:46:46 laptop systemd[1]: Reached target Slice Units.
Jun 22 02:46:46 laptop systemd[1]: Reached target Swaps.
Jun 22 02:46:46 laptop systemd[1]: Reached target Timer Units.
Jun 22 02:46:46 laptop systemd[1]: Listening on D-Bus System Message Bus Socket.
Jun 22 02:46:46 laptop systemd[1]: Listening on Journal Socket (/dev/log).
Jun 22 02:46:46 laptop systemd[1]: Listening on Journal Sockets.
Jun 22 02:46:46 laptop systemd[1]: Listening on udev Control Socket.
Jun 22 02:46:46 laptop systemd[1]: Listening on udev Kernel Socket.
Jun 22 02:46:46 laptop systemd[1]: Reached target Socket Units.
Jun 22 02:46:46 laptop systemd[1]: Starting Create List of Static Device Nodes...
Jun 22 02:46:46 laptop systemd[1]: Starting Load Kernel Module configfs...
Jun 22 02:46:46 laptop systemd[1]: Starting Journal Service...
Jun 22 02:46:46 laptop systemd[1]: Starting Load Kernel Modules...
Jun 22 02:46:46 laptop systemd[1]: Early TPM SRK Setup skipped, unmet condition check ConditionSecurity=measured-uki
Jun 22 02:46:46 laptop systemd[1]: Starting Coldplug All udev Devices...
Jun 22 02:46:46 laptop systemd[1]: Finished Create List of Static Device Nodes.
Jun 22 02:46:46 laptop systemd[1]: modprobe@configfs.service: Deactivated successfully.
Jun 22 02:46:46 laptop systemd[1]: Finished Load Kernel Module configfs.
Jun 22 02:46:46 laptop systemd[1]: Kernel Configuration File System skipped, unmet condition check ConditionPathExists=/sys/kernel/config
Jun 22 02:46:46 laptop systemd[1]: Starting Create Static Device Nodes in /dev gracefully...
Jun 22 02:46:46 laptop systemd-journald[180]: Collecting audit messages is disabled.
Jun 22 02:46:46 laptop kernel: device-mapper: core: CONFIG_IMA_DISABLE_HTABLE is disabled. Duplicate IMA measurements will not be recorded in the IMA log.
Jun 22 02:46:46 laptop kernel: device-mapper: ioctl: 4.50.0-ioctl (2025-04-28) initialised: dm-devel@lists.linux.dev
Jun 22 02:46:46 laptop systemd[1]: Finished Load Kernel Modules.
Jun 22 02:46:46 laptop systemd[1]: Starting Apply Kernel Variables...
Jun 22 02:46:46 laptop systemd[1]: Finished Create Static Device Nodes in /dev gracefully.
Jun 22 02:46:46 laptop systemd[1]: Starting Create Static Device Nodes in /dev...
Jun 22 02:46:46 laptop systemd[1]: Finished Apply Kernel Variables.
Jun 22 02:46:46 laptop systemd[1]: Finished Create Static Device Nodes in /dev.
Jun 22 02:46:46 laptop systemd[1]: Reached target Preparation for Local File Systems.
Jun 22 02:46:46 laptop systemd[1]: Reached target Local File Systems.
Jun 22 02:46:46 laptop systemd[1]: Starting Rule-based Manager for Device Events and Files...
Jun 22 02:46:46 laptop systemd-journald[180]: Journal started
Jun 22 02:46:46 laptop systemd-journald[180]: Runtime Journal (/run/log/journal/1ec43f6d635747d58759326db94d2523) is 8M, max 142.7M, 134.7M free.
Jun 22 02:46:46 laptop systemd-modules-load[183]: Inserted module 'dm_mod'
Jun 22 02:46:46 laptop systemd[1]: Started Journal Service.
Jun 22 02:46:46 laptop systemd[1]: Starting Create System Files and Directories...
Jun 22 02:46:46 laptop systemd-udevd[212]: Using default interface naming scheme 'v260'.
Jun 22 02:46:46 laptop systemd[1]: Finished Create System Files and Directories.
Jun 22 02:46:46 laptop systemd[1]: Started Rule-based Manager for Device Events and Files.
Jun 22 02:46:46 laptop systemd[1]: Finished Coldplug All udev Devices.
Jun 22 02:46:46 laptop systemd[1]: Reached target System Initialization.
Jun 22 02:46:46 laptop systemd[1]: Reached target Basic System.
Jun 22 02:46:46 laptop systemd[1]: Condition check resulted in /dev/tpmrm0 being skipped.
Jun 22 02:46:46 laptop systemd[1]: Expecting device /dev/tpm0...
Jun 22 02:46:46 laptop systemd[1]: Found device /dev/tpm0.
Jun 22 02:46:46 laptop systemd[1]: Reached target Trusted Platform Module.
Jun 22 02:46:46 laptop kernel: Key type psk registered
Jun 22 02:46:46 laptop kernel: xhci_hcd 0000:03:00.3: xHCI Host Controller
Jun 22 02:46:46 laptop kernel: xhci_hcd 0000:03:00.3: new USB bus registered, assigned bus number 1
Jun 22 02:46:46 laptop kernel: xhci_hcd 0000:03:00.3: hcc params 0x0120ffc5 hci version 0x120 quirks 0x0000000200000010
Jun 22 02:46:46 laptop kernel: i8042: PNP: PS/2 Controller [PNP0303:KBC0] at 0x60,0x64 irq 1
Jun 22 02:46:46 laptop kernel: i8042: PNP: PS/2 appears to have AUX port disabled, if this is incorrect please boot with i8042.nopnp
Jun 22 02:46:46 laptop kernel: serio: i8042 KBD port at 0x60,0x64 irq 1
Jun 22 02:46:46 laptop kernel: xhci_hcd 0000:03:00.3: xHCI Host Controller
Jun 22 02:46:46 laptop kernel: xhci_hcd 0000:03:00.3: new USB bus registered, assigned bus number 2
Jun 22 02:46:46 laptop kernel: xhci_hcd 0000:03:00.3: Host supports USB 3.1 Enhanced SuperSpeed
Jun 22 02:46:46 laptop kernel: usb usb1: New USB device found, idVendor=1d6b, idProduct=0002, bcdDevice= 6.18
Jun 22 02:46:46 laptop kernel: usb usb1: New USB device strings: Mfr=3, Product=2, SerialNumber=1
Jun 22 02:46:46 laptop kernel: usb usb1: Product: xHCI Host Controller
Jun 22 02:46:46 laptop kernel: usb usb1: Manufacturer: Linux 6.18.35 xhci-hcd
Jun 22 02:46:46 laptop kernel: usb usb1: SerialNumber: 0000:03:00.3
Jun 22 02:46:46 laptop kernel: hub 1-0:1.0: USB hub found
Jun 22 02:46:46 laptop kernel: hub 1-0:1.0: 2 ports detected
Jun 22 02:46:46 laptop kernel: usb usb2: We don't know the algorithms for LPM for this host, disabling LPM.
Jun 22 02:46:46 laptop kernel: usb usb2: New USB device found, idVendor=1d6b, idProduct=0003, bcdDevice= 6.18
Jun 22 02:46:46 laptop kernel: usb usb2: New USB device strings: Mfr=3, Product=2, SerialNumber=1
Jun 22 02:46:46 laptop kernel: usb usb2: Product: xHCI Host Controller
Jun 22 02:46:46 laptop kernel: usb usb2: Manufacturer: Linux 6.18.35 xhci-hcd
Jun 22 02:46:46 laptop kernel: usb usb2: SerialNumber: 0000:03:00.3
Jun 22 02:46:46 laptop kernel: hub 2-0:1.0: USB hub found
Jun 22 02:46:46 laptop kernel: hub 2-0:1.0: 1 port detected
Jun 22 02:46:46 laptop kernel: xhci_hcd 0000:03:00.4: xHCI Host Controller
Jun 22 02:46:46 laptop kernel: xhci_hcd 0000:03:00.4: new USB bus registered, assigned bus number 3
Jun 22 02:46:46 laptop kernel: nvme 0000:01:00.0: platform quirk: setting simple suspend
Jun 22 02:46:46 laptop systemd[1]: Starting Virtual Console Setup...
Jun 22 02:46:46 laptop kernel: xhci_hcd 0000:03:00.4: hcc params 0x0120ffc5 hci version 0x120 quirks 0x0000000200000010
Jun 22 02:46:46 laptop kernel: nvme nvme0: pci function 0000:01:00.0
Jun 22 02:46:46 laptop kernel: xhci_hcd 0000:03:00.4: xHCI Host Controller
Jun 22 02:46:46 laptop kernel: xhci_hcd 0000:03:00.4: new USB bus registered, assigned bus number 4
Jun 22 02:46:46 laptop kernel: xhci_hcd 0000:03:00.4: Host supports USB 3.1 Enhanced SuperSpeed
Jun 22 02:46:46 laptop kernel: usb usb3: New USB device found, idVendor=1d6b, idProduct=0002, bcdDevice= 6.18
Jun 22 02:46:46 laptop kernel: usb usb3: New USB device strings: Mfr=3, Product=2, SerialNumber=1
Jun 22 02:46:46 laptop kernel: usb usb3: Product: xHCI Host Controller
Jun 22 02:46:46 laptop kernel: usb usb3: Manufacturer: Linux 6.18.35 xhci-hcd
Jun 22 02:46:46 laptop kernel: usb usb3: SerialNumber: 0000:03:00.4
Jun 22 02:46:46 laptop kernel: hub 3-0:1.0: USB hub found
Jun 22 02:46:46 laptop kernel: hub 3-0:1.0: 3 ports detected
Jun 22 02:46:46 laptop kernel: usb usb4: We don't know the algorithms for LPM for this host, disabling LPM.
Jun 22 02:46:46 laptop kernel: usb usb4: New USB device found, idVendor=1d6b, idProduct=0003, bcdDevice= 6.18
Jun 22 02:46:46 laptop kernel: usb usb4: New USB device strings: Mfr=3, Product=2, SerialNumber=1
Jun 22 02:46:46 laptop kernel: usb usb4: Product: xHCI Host Controller
Jun 22 02:46:46 laptop kernel: usb usb4: Manufacturer: Linux 6.18.35 xhci-hcd
Jun 22 02:46:46 laptop kernel: usb usb4: SerialNumber: 0000:03:00.4
Jun 22 02:46:46 laptop kernel: hub 4-0:1.0: USB hub found
Jun 22 02:46:46 laptop kernel: hub 4-0:1.0: 2 ports detected
Jun 22 02:46:46 laptop kernel: usb: port power management may be unreliable
Jun 22 02:46:46 laptop kernel: xhci_hcd 0000:04:00.0: xHCI Host Controller
Jun 22 02:46:46 laptop kernel: xhci_hcd 0000:04:00.0: new USB bus registered, assigned bus number 5
Jun 22 02:46:46 laptop kernel: xhci_hcd 0000:04:00.0: USB3 root hub has no ports
Jun 22 02:46:46 laptop kernel: xhci_hcd 0000:04:00.0: hcc params 0x0110ffc5 hci version 0x120 quirks 0x0000000200000010
Jun 22 02:46:46 laptop kernel: usb usb5: New USB device found, idVendor=1d6b, idProduct=0002, bcdDevice= 6.18
Jun 22 02:46:46 laptop kernel: usb usb5: New USB device strings: Mfr=3, Product=2, SerialNumber=1
Jun 22 02:46:46 laptop kernel: usb usb5: Product: xHCI Host Controller
Jun 22 02:46:46 laptop kernel: usb usb5: Manufacturer: Linux 6.18.35 xhci-hcd
Jun 22 02:46:46 laptop kernel: usb usb5: SerialNumber: 0000:04:00.0
Jun 22 02:46:46 laptop kernel: hub 5-0:1.0: USB hub found
Jun 22 02:46:46 laptop kernel: hub 5-0:1.0: 1 port detected
Jun 22 02:46:46 laptop kernel: tsc: Refined TSC clocksource calibration: 2794.755 MHz
Jun 22 02:46:46 laptop kernel: clocksource: tsc: mask: 0xffffffffffffffff max_cycles: 0x2848e626e73, max_idle_ns: 440795332942 ns
Jun 22 02:46:46 laptop kernel: clocksource: Switched to clocksource tsc
Jun 22 02:46:46 laptop kernel: input: AT Translated Set 2 keyboard as /devices/platform/i8042/serio0/input/input0
Jun 22 02:46:46 laptop systemd-vconsole-setup[270]: Configuration of first virtual console was skipped, ignoring remaining ones.
Jun 22 02:46:46 laptop systemd[1]: Finished Virtual Console Setup.
Jun 22 02:46:46 laptop kernel: hwmon hwmon0: temp1_input not attached to any thermal zone
Jun 22 02:46:46 laptop kernel: hwmon hwmon0: temp2_input not attached to any thermal zone
Jun 22 02:46:46 laptop kernel: nvme nvme0: allocated 64 MiB host memory buffer (1 segment).
Jun 22 02:46:46 laptop kernel: nvme nvme0: 8/0/0 default/read/poll queues
Jun 22 02:46:46 laptop kernel:  nvme0n1: p1 p2
Jun 22 02:46:46 laptop systemd[1]: Found device 2400A NVMe Micron 512GB root.
Jun 22 02:46:46 laptop systemd[1]: Reached target Initrd Root Device.
Jun 22 02:46:46 laptop systemd[1]: Starting File System Check on /dev/disk/by-uuid/05b9f2cd-f792-4514-88fa-619c495dcc66...
Jun 22 02:46:46 laptop systemd-fsck[281]: /dev/nvme0n1p2: clean, 9754561/31195136 files, 111885561/124763198 blocks
Jun 22 02:46:46 laptop systemd[1]: Finished File System Check on /dev/disk/by-uuid/05b9f2cd-f792-4514-88fa-619c495dcc66.
Jun 22 02:46:46 laptop kernel: usb 3-2: new full-speed USB device number 2 using xhci_hcd
Jun 22 02:46:46 laptop kernel: usb 5-1: new high-speed USB device number 2 using xhci_hcd
Jun 22 02:46:46 laptop kernel: usb 5-1: New USB device found, idVendor=0bda, idProduct=5573, bcdDevice=24.81
Jun 22 02:46:46 laptop kernel: usb 5-1: New USB device strings: Mfr=3, Product=1, SerialNumber=2
Jun 22 02:46:46 laptop kernel: usb 5-1: Product: Integrated_Webcam_HD
Jun 22 02:46:46 laptop kernel: usb 5-1: Manufacturer: CN0TV9498LG00442B8KPA00
Jun 22 02:46:46 laptop kernel: usb 5-1: SerialNumber: 200901010001
Jun 22 02:46:46 laptop kernel: usb 3-2: New USB device found, idVendor=0bda, idProduct=c829, bcdDevice= 1.10
Jun 22 02:46:46 laptop kernel: usb 3-2: New USB device strings: Mfr=1, Product=2, SerialNumber=3
Jun 22 02:46:46 laptop kernel: usb 3-2: Product: Bluetooth Radio 
Jun 22 02:46:46 laptop kernel: usb 3-2: Manufacturer: Realtek 
Jun 22 02:46:46 laptop kernel: usb 3-2: SerialNumber: 00e04c000001
Jun 22 02:46:46 laptop kernel: usb 3-3: new high-speed USB device number 3 using xhci_hcd
Jun 22 02:46:47 laptop kernel: usb 3-3: New USB device found, idVendor=05e3, idProduct=0610, bcdDevice=60.60
Jun 22 02:46:47 laptop kernel: usb 3-3: New USB device strings: Mfr=0, Product=1, SerialNumber=0
Jun 22 02:46:47 laptop kernel: usb 3-3: Product: USB2.0 Hub
Jun 22 02:46:47 laptop kernel: hub 3-3:1.0: USB hub found
Jun 22 02:46:47 laptop kernel: hub 3-3:1.0: 2 ports detected
Jun 22 02:46:47 laptop systemd[1]: Mounting /sysroot...
Jun 22 02:46:47 laptop kernel: EXT4-fs (nvme0n1p2): mounted filesystem 05b9f2cd-f792-4514-88fa-619c495dcc66 r/w with ordered data mode. Quota mode: none.
Jun 22 02:46:47 laptop systemd[1]: Mounted /sysroot.
Jun 22 02:46:47 laptop systemd[1]: Reached target Initrd Root File System.
Jun 22 02:46:47 laptop systemd[1]: Starting Find NixOS closure...
Jun 22 02:46:47 laptop systemd[1]: Starting Mountpoints Configured in the Real Root...
Jun 22 02:46:47 laptop systemd-sysroot-fstab-check[294]: /sysroot should be mounted in the initrd, will request daemon-reload.
Jun 22 02:46:47 laptop systemd[1]: Reload requested from client PID 294 ('systemd-sysroot') (unit initrd-parse-etc.service)...
Jun 22 02:46:47 laptop systemd[1]: Reloading...
Jun 22 02:46:47 laptop systemd[1]: Reloading finished in 209 ms.
Jun 22 02:46:47 laptop systemd-sysroot-fstab-check[294]: Requesting initrd-fs.target/start/replace...
Jun 22 02:46:47 laptop systemd[1]: Finished Find NixOS closure.
Jun 22 02:46:47 laptop systemd-sysroot-fstab-check[294]: Requesting swap.target/start/replace...
Jun 22 02:46:47 laptop systemd[1]: initrd-parse-etc.service: Deactivated successfully.
Jun 22 02:46:47 laptop systemd[1]: Finished Mountpoints Configured in the Real Root.
Jun 22 02:46:47 laptop systemd[1]: initrd-parse-etc.service: Triggering OnSuccess= dependencies.
Jun 22 02:46:48 laptop systemd[1]: Mounting /sysroot/run...
Jun 22 02:46:48 laptop systemd[1]: Mounted /sysroot/run.
Jun 22 02:46:48 laptop systemd[1]: Reached target Initrd File Systems.
Jun 22 02:46:48 laptop systemd[1]: Starting Create Volatile Files and Directories in the Real Root...
Jun 22 02:46:48 laptop systemd[1]: Finished Create Volatile Files and Directories in the Real Root.
Jun 22 02:46:48 laptop systemd[1]: sysroot-run-credentials-systemd\x2dtmpfiles\x2dsetup\x2dsysroot.service.mount: Deactivated successfully.
Jun 22 02:46:48 laptop systemd[1]: Reached target Initrd Default Target.
Jun 22 02:46:48 laptop systemd[1]: Starting Cleaning Up and Shutting Down Daemons...
Jun 22 02:46:48 laptop systemd[1]: Stopped target Initrd Default Target.
Jun 22 02:46:48 laptop systemd[1]: Stopped target Basic System.
Jun 22 02:46:48 laptop systemd[1]: Stopped target Initrd Root Device.
Jun 22 02:46:48 laptop systemd[1]: Stopped target Path Units.
Jun 22 02:46:48 laptop systemd[1]: systemd-ask-password-console.path: Deactivated successfully.
Jun 22 02:46:48 laptop systemd[1]: Stopped Dispatch Password Requests to Console Directory Watch.
Jun 22 02:46:48 laptop systemd[1]: Stopped target Slice Units.
Jun 22 02:46:48 laptop systemd[1]: Stopped target Socket Units.
Jun 22 02:46:48 laptop systemd[1]: Stopped target System Initialization.
Jun 22 02:46:48 laptop systemd[1]: Stopped target Swaps.
Jun 22 02:46:48 laptop systemd[1]: Stopped target Timer Units.
Jun 22 02:46:48 laptop systemd[1]: Stopped target Trusted Platform Module.
Jun 22 02:46:48 laptop systemd[1]: dbus.socket: Deactivated successfully.
Jun 22 02:46:48 laptop systemd[1]: Closed D-Bus System Message Bus Socket.
Jun 22 02:46:48 laptop systemd[1]: initrd-find-nixos-closure.service: Deactivated successfully.
Jun 22 02:46:48 laptop systemd[1]: Stopped Find NixOS closure.
Jun 22 02:46:48 laptop systemd[1]: systemd-sysctl.service: Deactivated successfully.
Jun 22 02:46:48 laptop systemd[1]: Stopped Apply Kernel Variables.
Jun 22 02:46:48 laptop systemd[1]: systemd-modules-load.service: Deactivated successfully.
Jun 22 02:46:48 laptop systemd[1]: Stopped Load Kernel Modules.
Jun 22 02:46:48 laptop systemd[1]: systemd-tmpfiles-setup-sysroot.service: Deactivated successfully.
Jun 22 02:46:48 laptop systemd[1]: Stopped Create Volatile Files and Directories in the Real Root.
Jun 22 02:46:48 laptop systemd[1]: systemd-tmpfiles-setup.service: Deactivated successfully.
Jun 22 02:46:48 laptop systemd[1]: Stopped Create System Files and Directories.
Jun 22 02:46:48 laptop systemd[1]: Stopped target Local File Systems.
Jun 22 02:46:48 laptop systemd[1]: Stopped target Preparation for Local File Systems.
Jun 22 02:46:48 laptop systemd[1]: systemd-udev-trigger.service: Deactivated successfully.
Jun 22 02:46:48 laptop systemd[1]: Stopped Coldplug All udev Devices.
Jun 22 02:46:48 laptop systemd[1]: Stopping Rule-based Manager for Device Events and Files...
Jun 22 02:46:48 laptop systemd[1]: systemd-vconsole-setup.service: Deactivated successfully.
Jun 22 02:46:48 laptop systemd[1]: Stopped Virtual Console Setup.
Jun 22 02:46:48 laptop systemd[1]: initrd-cleanup.service: Deactivated successfully.
Jun 22 02:46:48 laptop systemd[1]: Finished Cleaning Up and Shutting Down Daemons.
Jun 22 02:46:48 laptop systemd[1]: systemd-udevd.service: Deactivated successfully.
Jun 22 02:46:48 laptop systemd[1]: Stopped Rule-based Manager for Device Events and Files.
Jun 22 02:46:48 laptop systemd[1]: systemd-udevd-control.socket: Deactivated successfully.
Jun 22 02:46:48 laptop systemd[1]: Closed udev Control Socket.
Jun 22 02:46:48 laptop systemd[1]: Starting Cleanup udev Database...
Jun 22 02:46:48 laptop systemd[1]: systemd-tmpfiles-setup-dev.service: Deactivated successfully.
Jun 22 02:46:48 laptop systemd[1]: Stopped Create Static Device Nodes in /dev.
Jun 22 02:46:48 laptop systemd[1]: systemd-tmpfiles-setup-dev-early.service: Deactivated successfully.
Jun 22 02:46:48 laptop systemd[1]: Stopped Create Static Device Nodes in /dev gracefully.
Jun 22 02:46:48 laptop systemd[1]: kmod-static-nodes.service: Deactivated successfully.
Jun 22 02:46:48 laptop systemd[1]: Stopped Create List of Static Device Nodes.
Jun 22 02:46:48 laptop systemd[1]: initrd-udevadm-cleanup-db.service: Deactivated successfully.
Jun 22 02:46:48 laptop systemd[1]: Finished Cleanup udev Database.
Jun 22 02:46:48 laptop systemd[1]: Reached target Switch Root.
Jun 22 02:46:48 laptop systemd[1]: Starting NixOS Activation...
Jun 22 02:46:48 laptop initrd-nixos-activation-start[536]: booting system configuration /nix/store/iq3aabjnp4xv1m3ca1arcxk6w8f1v0b1-nixos-system-laptop-26.11.20260616.567a49d
Jun 22 02:46:48 laptop initrd-nixos-activation-start[536]: running activation script...
Jun 22 02:46:48 laptop initrd-nixos-activation-start[558]: setting up /etc...
Jun 22 02:46:48 laptop systemd[1]: initrd-nixos-activation.service: Deactivated successfully.
Jun 22 02:46:48 laptop systemd[1]: Finished NixOS Activation.
Jun 22 02:46:48 laptop systemd[1]: Starting Switch Root...
Jun 22 02:46:48 laptop systemd[1]: Switching root.
Jun 22 02:46:49 laptop systemd-journald[180]: Journal stopped
Jun 22 02:46:50 laptop systemd-journald[180]: Received SIGTERM from PID 1 (systemd).
Jun 22 02:46:50 laptop systemd[1]: systemd 260.1 running in system mode (+PAM +AUDIT -SELINUX +APPARMOR +IMA +IPE +SMACK +SECCOMP +GCRYPT -GNUTLS +OPENSSL +ACL +BLKID +CURL +ELFUTILS +FIDO2 +IDN2 +KMOD +LIBCRYPTSETUP +LIBCRYPTSETUP_PLUGINS +LIBFDISK +PCRE2 +PWQUALITY +P11KIT +QRENCODE +TPM2 +BZIP2 +LZ4 +XZ +ZLIB +ZSTD +BPF_FRAMEWORK -BTF -XKBCOMMON +UTMP +LIBARCHIVE)
Jun 22 02:46:50 laptop systemd[1]: Detected architecture x86-64.
Jun 22 02:46:50 laptop systemd[1]: bpf-restrict-fs: LSM BPF program attached
Jun 22 02:46:50 laptop systemd[1]: /nix/store/w5468p26y2qyyc83j607b9diqzbgfidr-system-units/nix-daemon.service.d/overrides.conf:13: Invalid memory limit '5GB', ignoring: Invalid argument
Jun 22 02:46:50 laptop systemd[1]: /nix/store/w5468p26y2qyyc83j607b9diqzbgfidr-system-units/nix-daemon.service.d/overrides.conf:14: Invalid memory limit '6GB', ignoring: Invalid argument
Jun 22 02:46:50 laptop systemd[1]: /etc/systemd/system/cups.socket:5: ListenStream= references a path below legacy directory /var/run/, updating /var/run/cups/cups.sock → /run/cups/cups.sock; please update the unit file accordingly.
Jun 22 02:46:50 laptop systemd[1]: initrd-switch-root.service: Deactivated successfully.
Jun 22 02:46:50 laptop systemd[1]: Stopped initrd-switch-root.service.
Jun 22 02:46:50 laptop systemd[1]: systemd-journald.service: Scheduled restart job, restart counter is at 1.
Jun 22 02:46:50 laptop systemd[1]: Created slice Slice /system/systemd-fsck.
Jun 22 02:46:50 laptop systemd[1]: Created slice User and Session Slice.
Jun 22 02:46:50 laptop systemd[1]: Started Dispatch Password Requests to Console Directory Watch.
Jun 22 02:46:50 laptop systemd[1]: Started Forward Password Requests to Wall Directory Watch.
Jun 22 02:46:50 laptop systemd[1]: Expecting device /dev/disk/by-uuid/8A92-629F...
Jun 22 02:46:50 laptop systemd[1]: Reached target Local Encrypted Volumes.
Jun 22 02:46:50 laptop systemd[1]: Reached target Login Prompts.
Jun 22 02:46:50 laptop systemd[1]: Stopped target initrd-fs.target.
Jun 22 02:46:50 laptop systemd[1]: Stopped target initrd-root-fs.target.
Jun 22 02:46:50 laptop systemd[1]: Stopped target initrd-switch-root.target.
Jun 22 02:46:50 laptop systemd[1]: Reached target Virtual Machines and Containers.
Jun 22 02:46:50 laptop systemd[1]: Reached target Path Units.
Jun 22 02:46:50 laptop systemd[1]: Reached target Remote File Systems.
Jun 22 02:46:50 laptop systemd[1]: Reached target Slice Units.
Jun 22 02:46:50 laptop systemd[1]: Reached target Swaps.
Jun 22 02:46:50 laptop systemd[1]: Listening on Process Core Dump Socket.
Jun 22 02:46:50 laptop systemd[1]: Listening on Credential Encryption/Decryption.
Jun 22 02:46:50 laptop systemd[1]: Starting Journal Log Access Socket...
Jun 22 02:46:50 laptop systemd[1]: Listening on Journal Audit Socket.
Jun 22 02:46:50 laptop systemd[1]: Listening on Userspace Out-Of-Memory (OOM) Killer Socket.
Jun 22 02:46:50 laptop systemd[1]: Make TPM PCR Policy skipped, unmet condition check ConditionSecurity=measured-uki
Jun 22 02:46:50 laptop systemd[1]: Listening on udev Control Socket.
Jun 22 02:46:50 laptop systemd[1]: Mounting Huge Pages File System...
Jun 22 02:46:50 laptop systemd[1]: Mounting POSIX Message Queue File System...
Jun 22 02:46:50 laptop systemd[1]: Mounting Kernel Debug File System...
Jun 22 02:46:50 laptop systemd[1]: Mounting Kernel Trace File System...
Jun 22 02:46:50 laptop systemd[1]: Starting Create List of Static Device Nodes...
Jun 22 02:46:50 laptop systemd[1]: Starting Load Kernel Module configfs...
Jun 22 02:46:50 laptop systemd[1]: Load Kernel Module drm skipped, unmet condition check ConditionKernelModuleLoaded=!drm
Jun 22 02:46:50 laptop systemd[1]: Load Kernel Module efi_pstore skipped, unmet condition check ConditionKernelModuleLoaded=!efi_pstore
Jun 22 02:46:50 laptop systemd[1]: Starting Load Kernel Module fuse...
Jun 22 02:46:50 laptop systemd[1]: Clear Stale Hibernate Storage Info skipped, unmet condition check ConditionPathExists=/sys/firmware/efi/efivars/HibernateLocation-8cf2644b-4b0b-428f-9387-6d876050dc67
Jun 22 02:46:50 laptop systemd[1]: Starting Journal Service...
Jun 22 02:46:50 laptop systemd[1]: Starting Load Kernel Modules...
Jun 22 02:46:50 laptop systemd[1]: Starting Userspace Out-Of-Memory (OOM) Killer...
Jun 22 02:46:50 laptop systemd[1]: Starting Remount Root and Kernel File Systems...
Jun 22 02:46:50 laptop systemd[1]: Early TPM SRK Setup skipped, unmet condition check ConditionSecurity=measured-uki
Jun 22 02:46:50 laptop systemd[1]: Starting Coldplug All udev Devices...
Jun 22 02:46:50 laptop systemd[1]: Listening on Journal Log Access Socket.
Jun 22 02:46:50 laptop systemd[1]: Mounted Huge Pages File System.
Jun 22 02:46:50 laptop kernel: fuse: init (API version 7.45)
Jun 22 02:46:50 laptop systemd[1]: Mounted POSIX Message Queue File System.
Jun 22 02:46:50 laptop systemd[1]: Mounted Kernel Debug File System.
Jun 22 02:46:50 laptop systemd[1]: Mounted Kernel Trace File System.
Jun 22 02:46:50 laptop systemd[1]: Finished Create List of Static Device Nodes.
Jun 22 02:46:50 laptop systemd[1]: modprobe@configfs.service: Deactivated successfully.
Jun 22 02:46:50 laptop systemd[1]: Finished Load Kernel Module configfs.
Jun 22 02:46:50 laptop systemd[1]: modprobe@fuse.service: Deactivated successfully.
Jun 22 02:46:50 laptop kernel: vmnet: loading out-of-tree module taints kernel.
Jun 22 02:46:50 laptop systemd[1]: Finished Load Kernel Module fuse.
Jun 22 02:46:50 laptop kernel: Guest personality initialized and is inactive
Jun 22 02:46:50 laptop kernel: VMCI host device registered (name=vmci, major=10, minor=260)
Jun 22 02:46:50 laptop kernel: Initialized host personality
Jun 22 02:46:50 laptop systemd-journald[738]: Collecting audit messages is enabled.
Jun 22 02:46:50 laptop kernel: loop: module loaded
Jun 22 02:46:50 laptop kernel: /dev/vmmon[750]: Module vmmon: registered as misc device
Jun 22 02:46:50 laptop kernel: /dev/vmmon[750]: Using tsc_khz as TSC frequency: 2794755
Jun 22 02:46:50 laptop kernel: /dev/vmmon[750]: Module vmmon: initialized
Jun 22 02:46:50 laptop systemd[1]: Mounting FUSE Control File System...
Jun 22 02:46:50 laptop systemd[1]: Mounting Kernel Configuration File System...
Jun 22 02:46:50 laptop kernel: SCSI subsystem initialized
Jun 22 02:46:50 laptop systemd-journald[738]: Journal started
Jun 22 02:46:50 laptop systemd-journald[738]: Runtime Journal (/run/log/journal/af4ad2f0fc764050a07f241181ee8a0b) is 8M, max 178.4M, 170.4M free.
Jun 22 02:46:50 laptop systemd[1]: Queued start job for default target Graphical Interface.
Jun 22 02:46:50 laptop systemd[1]: systemd-journald.service: Deactivated successfully.
Jun 22 02:46:50 laptop systemd-modules-load[739]: Using 8 probe threads
Jun 22 02:46:50 laptop systemd-modules-load[739]: Module 'ctr' is built in
Jun 22 02:46:50 laptop systemd-modules-load[739]: Inserted module 'fuse'
Jun 22 02:46:50 laptop systemd-modules-load[739]: Inserted module 'uinput'
Jun 22 02:46:50 laptop systemd-modules-load[739]: Inserted module 'vmnet'
Jun 22 02:46:50 laptop systemd-modules-load[739]: Inserted module 'vmw_vmci'
Jun 22 02:46:50 laptop systemd-modules-load[739]: Inserted module 'loop'
Jun 22 02:46:50 laptop systemd-modules-load[739]: Inserted module 'vmmon'
Jun 22 02:46:50 laptop kernel: EXT4-fs (nvme0n1p2): re-mounted 05b9f2cd-f792-4514-88fa-619c495dcc66.
Jun 22 02:46:50 laptop systemd-modules-load[739]: Inserted module 'vmw_pvscsi'
Jun 22 02:46:50 laptop systemd-oomd[740]: No swap; memory pressure usage will be degraded
Jun 22 02:46:50 laptop kernel: VMware PVSCSI driver - version 1.0.7.0-k
Jun 22 02:46:50 laptop systemd[1]: Starting Create Static Device Nodes in /dev gracefully...
Jun 22 02:46:50 laptop systemd[1]: Started Journal Service.
Jun 22 02:46:50 laptop systemd[1]: Started Userspace Out-Of-Memory (OOM) Killer.
Jun 22 02:46:50 laptop systemd[1]: Finished Remount Root and Kernel File Systems.
Jun 22 02:46:50 laptop systemd[1]: Mounted FUSE Control File System.
Jun 22 02:46:50 laptop systemd[1]: Mounted Kernel Configuration File System.
Jun 22 02:46:50 laptop systemd[1]: Starting Flush Journal to Persistent Storage...
Jun 22 02:46:50 laptop systemd[1]: Platform Persistent Storage Archival skipped, unmet condition check ConditionDirectoryNotEmpty=/sys/fs/pstore
Jun 22 02:46:50 laptop systemd[1]: Starting Load/Save OS Random Seed...
Jun 22 02:46:50 laptop systemd[1]: Starting Network Time Synchronization...
Jun 22 02:46:50 laptop systemd[1]: TPM SRK Setup skipped, unmet condition check ConditionSecurity=measured-uki
Jun 22 02:46:50 laptop systemd[1]: Finished Create Static Device Nodes in /dev gracefully.
Jun 22 02:46:50 laptop systemd-journald[738]: Time spent on flushing to /var/log/journal/af4ad2f0fc764050a07f241181ee8a0b is 47.775ms for 1031 entries.
Jun 22 02:46:50 laptop systemd-journald[738]: System Journal (/var/log/journal/af4ad2f0fc764050a07f241181ee8a0b) is 795.5M, max 4G, 3.2G free.
Jun 22 02:46:50 laptop systemd-journald[738]: Received client request to flush runtime journal.
Jun 22 02:46:50 laptop systemd[1]: Starting Create Static Device Nodes in /dev...
Jun 22 02:46:50 laptop kernel: ccp 0000:03:00.2: enabling device (0000 -> 0002)
Jun 22 02:46:50 laptop systemd[1]: Finished Load/Save OS Random Seed.
Jun 22 02:46:50 laptop kernel: ccp 0000:03:00.2: tee enabled
Jun 22 02:46:50 laptop systemd[1]: First Boot Complete skipped, unmet condition check ConditionFirstBoot=yes
Jun 22 02:46:50 laptop kernel: ccp 0000:03:00.2: psp enabled
Jun 22 02:46:50 laptop systemd-timesyncd[767]: Disabling NSCD because DNSSEC validation is turned off
Jun 22 02:46:50 laptop kernel: kvm_amd: TSC scaling supported
Jun 22 02:46:50 laptop systemd[1]: Finished Create Static Device Nodes in /dev.
Jun 22 02:46:50 laptop kernel: kvm_amd: Nested Virtualization enabled
Jun 22 02:46:50 laptop systemd[1]: Started Network Time Synchronization.
Jun 22 02:46:50 laptop kernel: kvm_amd: Nested Paging enabled
Jun 22 02:46:50 laptop systemd[1]: Reached target Preparation for Local File Systems.
Jun 22 02:46:50 laptop kernel: kvm_amd: LBR virtualization supported
Jun 22 02:46:50 laptop systemd[1]: Reached target System Time Set.
Jun 22 02:46:50 laptop kernel: kvm_amd: Virtual VMLOAD VMSAVE supported
Jun 22 02:46:50 laptop systemd[1]: Starting Rule-based Manager for Device Events and Files...
Jun 22 02:46:50 laptop kernel: kvm_amd: Virtual GIF supported
Jun 22 02:46:50 laptop systemd-modules-load[739]: Inserted module 'kvm_amd'
Jun 22 02:46:50 laptop systemd[1]: Finished Load Kernel Modules.
Jun 22 02:46:50 laptop systemd[1]: Starting Firewall...
Jun 22 02:46:50 laptop systemd[1]: Starting Apply Kernel Variables...
Jun 22 02:46:50 laptop systemd-udevd[774]: Using default interface naming scheme 'v260'.
Jun 22 02:46:50 laptop systemd[1]: Finished Apply Kernel Variables.
Jun 22 02:46:50 laptop systemd[1]: Finished Flush Journal to Persistent Storage.
Jun 22 02:46:50 laptop systemd[1]: Finished Coldplug All udev Devices.
Jun 22 02:46:50 laptop systemd[1]: Started Rule-based Manager for Device Events and Files.
Jun 22 02:46:50 laptop systemd[1]: Condition check resulted in /dev/tpmrm0 being skipped.
Jun 22 02:46:50 laptop systemd[1]: Expecting device /dev/tpm0...
Jun 22 02:46:50 laptop kernel: input: Power Button as /devices/LNXSYSTM:00/LNXSYBUS:00/PNP0C0C:00/input/input1
Jun 22 02:46:50 laptop kernel: piix4_smbus 0000:00:14.0: SMBus Host Controller at 0xb00, revision 0
Jun 22 02:46:50 laptop kernel: piix4_smbus 0000:00:14.0: Using register 0x02 for SMBus port selection
Jun 22 02:46:50 laptop kernel: ACPI: button: Power Button [PWRB]
Jun 22 02:46:50 laptop kernel: hid: raw HID events driver (C) Jiri Kosina
Jun 22 02:46:50 laptop kernel: input: Lid Switch as /devices/LNXSYSTM:00/LNXSYBUS:00/PNP0C0D:00/input/input2
Jun 22 02:46:50 laptop kernel: ACPI: button: Lid Switch [LID]
Jun 22 02:46:50 laptop kernel: piix4_smbus 0000:00:14.0: Auxiliary SMBus Host Controller at 0xb20
Jun 22 02:46:50 laptop kernel: i2c i2c-3: Successfully instantiated SPD at 0x50
Jun 22 02:46:50 laptop kernel: i2c i2c-3: Successfully instantiated SPD at 0x51
Jun 22 02:46:50 laptop kernel: rtc_cmos 00:01: RTC can wake from S4
Jun 22 02:46:50 laptop kernel: wmi_bus wmi_bus-PNP0C14:01: [Firmware Bug]: WQBC data block query control method not found
Jun 22 02:46:50 laptop kernel: ACPI: AC: AC Adapter [ACAD] (on-line)
Jun 22 02:46:50 laptop kernel: rtc_cmos 00:01: registered as rtc0
Jun 22 02:46:50 laptop systemd[1]: Found device /dev/tpm0.
Jun 22 02:46:50 laptop kernel: rtc_cmos 00:01: setting system clock to 2026-06-21T16:46:50 UTC (1782060410)
Jun 22 02:46:50 laptop systemd[1]: Reached target Trusted Platform Module.
Jun 22 02:46:50 laptop systemd-journald[738]: Time jumped backwards, rotating.
Jun 22 02:46:50 laptop kernel: rtc_cmos 00:01: alarms up to one month, 114 bytes nvram
Jun 22 02:46:50 laptop kernel: thermal LNXTHERM:00: registered as thermal_zone0
Jun 22 02:46:50 laptop kernel: ACPI: thermal: Thermal Zone [TZ01] (56 C)
Jun 22 02:46:50 laptop kernel: pcie_mp2_amd 0000:03:00.7: enabling device (0000 -> 0002)
Jun 22 02:46:50 laptop kernel: RAPL PMU: API unit is 2^-32 Joules, 2 fixed counters, 163840 ms ovfl timer
Jun 22 02:46:50 laptop kernel: RAPL PMU: hw unit of domain package 2^-16 Joules
Jun 22 02:46:50 laptop kernel: RAPL PMU: hw unit of domain core 2^-16 Joules
Jun 22 02:46:50 laptop systemd[1]: Condition check resulted in 2400A NVMe Micron 512GB EFI being skipped.
Jun 22 02:46:50 laptop systemd[1]: Starting File System Check on /dev/disk/by-uuid/8A92-629F...
Jun 22 02:46:50 laptop kernel: usbcore: registered new device driver onboard-usb-dev
Jun 22 02:46:50 laptop kernel: ACPI: battery: Slot [BAT1] (battery present)
Jun 22 02:46:50 laptop systemd-fsck[890]: fsck.fat 4.2 (2021-01-31)
Jun 22 02:46:50 laptop systemd-fsck[890]: /dev/nvme0n1p1: 247 files, 84456/261628 clusters
Jun 22 02:46:50 laptop systemd[1]: Finished File System Check on /dev/disk/by-uuid/8A92-629F.
Jun 22 02:46:50 laptop kernel: mc: Linux media interface: v0.10
Jun 22 02:46:50 laptop kernel: sp5100_tco: SP5100/SB800 TCO WatchDog Timer Driver
Jun 22 02:46:50 laptop kernel: sp5100-tco sp5100-tco: Using 0xfeb00000 for watchdog MMIO address
Jun 22 02:46:50 laptop kernel: sp5100-tco sp5100-tco: initialized. heartbeat=60 sec (nowayout=0)
Jun 22 02:46:50 laptop kernel: amd_atl: AMD Address Translation Library initialized
Jun 22 02:46:50 laptop kernel: videodev: Linux video capture interface: v2.00
Jun 22 02:46:50 laptop kernel: EDAC MC: Ver: 3.0.0
Jun 22 02:46:50 laptop kernel: MCE: In-kernel MCE decoding enabled.
Jun 22 02:46:50 laptop systemd[1]: Starting Virtual Console Setup...
Jun 22 02:46:50 laptop systemd[1]: Finished Firewall.
Jun 22 02:46:50 laptop kernel: intel_rapl_common: Found RAPL domain package
Jun 22 02:46:50 laptop kernel: intel_rapl_common: Found RAPL domain core
Jun 22 02:46:50 laptop kernel: input: DELL0C3E:00 27C6:0D43 Mouse as /devices/platform/AMDI0010:03/i2c-0/i2c-DELL0C3E:00/0018:27C6:0D43.0001/input/input3
Jun 22 02:46:50 laptop kernel: input: DELL0C3E:00 27C6:0D43 Touchpad as /devices/platform/AMDI0010:03/i2c-0/i2c-DELL0C3E:00/0018:27C6:0D43.0001/input/input4
Jun 22 02:46:50 laptop kernel: Bluetooth: Core ver 2.22
Jun 22 02:46:50 laptop kernel: hid-generic 0018:27C6:0D43.0001: input,hidraw0: I2C HID v1.00 Mouse [DELL0C3E:00 27C6:0D43] on i2c-DELL0C3E:00
Jun 22 02:46:50 laptop kernel: NET: Registered PF_BLUETOOTH protocol family
Jun 22 02:46:50 laptop kernel: Bluetooth: HCI device and connection manager initialized
Jun 22 02:46:50 laptop kernel: Bluetooth: HCI socket layer initialized
Jun 22 02:46:50 laptop kernel: Bluetooth: L2CAP socket layer initialized
Jun 22 02:46:50 laptop kernel: Bluetooth: SCO socket layer initialized
Jun 22 02:46:50 laptop kernel: snd_pci_acp6x 0000:03:00.5: enabling device (0000 -> 0002)
Jun 22 02:46:50 laptop kernel: cfg80211: Loading compiled-in X.509 certificates for regulatory database
Jun 22 02:46:50 laptop kernel: Loaded X.509 cert 'sforshee: 00b28ddf47aef9cea7'
Jun 22 02:46:50 laptop kernel: Loaded X.509 cert 'wens: 61c038651aabdcf94bd0ac7ff06c7248db18c600'
Jun 22 02:46:50 laptop systemd[1]: Listening on Load/Save RF Kill Switch Status /dev/rfkill Watch.
Jun 22 02:46:50 laptop systemd-vconsole-setup[925]: Configuration of first virtual console was skipped, ignoring remaining ones.
Jun 22 02:46:50 laptop kernel: usbcore: registered new interface driver btusb
Jun 22 02:46:50 laptop systemd[1]: Finished Virtual Console Setup.
Jun 22 02:46:50 laptop kernel: Bluetooth: hci0: RTL: examining hci_ver=08 hci_rev=000c lmp_ver=08 lmp_subver=8821
Jun 22 02:46:50 laptop kernel: Bluetooth: hci0: RTL: rom_version status=0 version=1
Jun 22 02:46:50 laptop kernel: uvcvideo 5-1:1.0: Found UVC 1.10 device Integrated_Webcam_HD (0bda:5573)
Jun 22 02:46:50 laptop kernel: Bluetooth: hci0: RTL: btrtl_initialize: key id 0
Jun 22 02:46:50 laptop systemd[1]: Starting Load/Save RF Kill Switch Status...
Jun 22 02:46:50 laptop kernel: Bluetooth: hci0: RTL: loading rtl_bt/rtl8821c_fw.bin
Jun 22 02:46:50 laptop kernel: Bluetooth: hci0: RTL: loading rtl_bt/rtl8821c_config.bin
Jun 22 02:46:50 laptop kernel: Bluetooth: hci0: RTL: cfg_sz 10, total sz 34926
Jun 22 02:46:50 laptop kernel: input: DELL0C3E:00 27C6:0D43 Mouse as /devices/platform/AMDI0010:03/i2c-0/i2c-DELL0C3E:00/0018:27C6:0D43.0001/input/input6
Jun 22 02:46:50 laptop kernel: input: DELL0C3E:00 27C6:0D43 Touchpad as /devices/platform/AMDI0010:03/i2c-0/i2c-DELL0C3E:00/0018:27C6:0D43.0001/input/input7
Jun 22 02:46:50 laptop kernel: hid-multitouch 0018:27C6:0D43.0001: input,hidraw0: I2C HID v1.00 Mouse [DELL0C3E:00 27C6:0D43] on i2c-DELL0C3E:00
Jun 22 02:46:50 laptop kernel: usbcore: registered new interface driver uvcvideo
Jun 22 02:46:50 laptop systemd[1]: Load Kernel Module efi_pstore skipped, unmet condition check ConditionKernelModuleLoaded=!efi_pstore
Jun 22 02:46:50 laptop systemd[1]: Clear Stale Hibernate Storage Info skipped, unmet condition check ConditionPathExists=/sys/firmware/efi/efivars/HibernateLocation-8cf2644b-4b0b-428f-9387-6d876050dc67
Jun 22 02:46:50 laptop systemd[1]: Platform Persistent Storage Archival skipped, unmet condition check ConditionDirectoryNotEmpty=/sys/fs/pstore
