May 20 22:09:12 desktop kernel: Linux version 6.18.26 (nixbld@localhost) (gcc (GCC) 15.2.0, GNU ld (GNU Binutils) 2.46) #1-NixOS SMP PREEMPT_DYNAMIC Thu Apr 30 09:13:53 UTC 2026
May 20 22:09:12 desktop kernel: Command line: initrd=\EFI\nixos\i55cmls6q7004yk3ih818rdp57xxqvk9-initrd-linux-6.18.26-initrd.efi init=/nix/store/cv1vhd7vs9qhh27jkrw5rrckqmrvn5az-nixos-system-desktop-26.05.20260430.15f4ee4/init root=fstab loglevel=4 lsm=landlock,yama,bpf
May 20 22:09:12 desktop kernel: BIOS-provided physical RAM map:
May 20 22:09:12 desktop kernel: BIOS-e820: [mem 0x0000000000000000-0x0000000000057fff] usable
May 20 22:09:12 desktop kernel: BIOS-e820: [mem 0x0000000000058000-0x0000000000058fff] reserved
May 20 22:09:12 desktop kernel: BIOS-e820: [mem 0x0000000000059000-0x000000000009efff] usable
May 20 22:09:12 desktop kernel: BIOS-e820: [mem 0x000000000009f000-0x00000000000fffff] reserved
May 20 22:09:12 desktop kernel: BIOS-e820: [mem 0x0000000000100000-0x0000000086feefff] usable
May 20 22:09:12 desktop kernel: BIOS-e820: [mem 0x0000000086fef000-0x0000000086feffff] ACPI NVS
May 20 22:09:12 desktop kernel: BIOS-e820: [mem 0x0000000086ff0000-0x0000000086ff0fff] reserved
May 20 22:09:12 desktop kernel: BIOS-e820: [mem 0x0000000086ff1000-0x000000008e633fff] usable
May 20 22:09:12 desktop kernel: BIOS-e820: [mem 0x000000008e634000-0x000000008e94cfff] reserved
May 20 22:09:12 desktop kernel: BIOS-e820: [mem 0x000000008e94d000-0x000000008e980fff] ACPI data
May 20 22:09:12 desktop kernel: BIOS-e820: [mem 0x000000008e981000-0x000000008f192fff] ACPI NVS
May 20 22:09:12 desktop kernel: BIOS-e820: [mem 0x000000008f193000-0x000000008fbfefff] reserved
May 20 22:09:12 desktop kernel: BIOS-e820: [mem 0x000000008fbff000-0x000000008fbfffff] usable
May 20 22:09:12 desktop kernel: BIOS-e820: [mem 0x000000008fc00000-0x000000008fffffff] reserved
May 20 22:09:12 desktop kernel: BIOS-e820: [mem 0x00000000e0000000-0x00000000efffffff] reserved
May 20 22:09:12 desktop kernel: BIOS-e820: [mem 0x00000000fe000000-0x00000000fe010fff] reserved
May 20 22:09:12 desktop kernel: BIOS-e820: [mem 0x00000000fec00000-0x00000000fec00fff] reserved
May 20 22:09:12 desktop kernel: BIOS-e820: [mem 0x00000000fed00000-0x00000000fed00fff] reserved
May 20 22:09:12 desktop kernel: BIOS-e820: [mem 0x00000000fee00000-0x00000000fee00fff] reserved
May 20 22:09:12 desktop kernel: BIOS-e820: [mem 0x00000000ff000000-0x00000000ffffffff] reserved
May 20 22:09:12 desktop kernel: BIOS-e820: [mem 0x0000000100000000-0x000000036effffff] usable
May 20 22:09:12 desktop kernel: NX (Execute Disable) protection: active
May 20 22:09:12 desktop kernel: APIC: Static calls initialized
May 20 22:09:12 desktop kernel: efi: EFI v2.5 by American Megatrends
May 20 22:09:12 desktop kernel: efi: ACPI 2.0=0x8ea89000 ACPI=0x8ea89000 SMBIOS=0x8facc000 ESRT=0x8c7c9298 RNG=0x8e980018 INITRD=0x86c0d598 
May 20 22:09:12 desktop kernel: random: crng init done
May 20 22:09:12 desktop kernel: efi: Remove mem36: MMIO range=[0xe0000000-0xefffffff] (256MB) from e820 map
May 20 22:09:12 desktop kernel: e820: remove [mem 0xe0000000-0xefffffff] reserved
May 20 22:09:12 desktop kernel: efi: Not removing mem37: MMIO range=[0xfe000000-0xfe010fff] (68KB) from e820 map
May 20 22:09:12 desktop kernel: efi: Not removing mem38: MMIO range=[0xfec00000-0xfec00fff] (4KB) from e820 map
May 20 22:09:12 desktop kernel: efi: Not removing mem39: MMIO range=[0xfed00000-0xfed00fff] (4KB) from e820 map
May 20 22:09:12 desktop kernel: efi: Not removing mem40: MMIO range=[0xfee00000-0xfee00fff] (4KB) from e820 map
May 20 22:09:12 desktop kernel: efi: Remove mem41: MMIO range=[0xff000000-0xffffffff] (16MB) from e820 map
May 20 22:09:12 desktop kernel: e820: remove [mem 0xff000000-0xffffffff] reserved
May 20 22:09:12 desktop kernel: SMBIOS 3.0 present.
May 20 22:09:12 desktop kernel: DMI: MSI MS-7998/Z170A SLI PLUS (MS-7998), BIOS 1.E0 06/15/2018
May 20 22:09:12 desktop kernel: DMI: Memory slots populated: 2/4
May 20 22:09:12 desktop kernel: tsc: Detected 3800.000 MHz processor
May 20 22:09:12 desktop kernel: tsc: Detected 3799.900 MHz TSC
May 20 22:09:12 desktop kernel: e820: update [mem 0x00000000-0x00000fff] usable ==> reserved
May 20 22:09:12 desktop kernel: e820: remove [mem 0x000a0000-0x000fffff] usable
May 20 22:09:12 desktop kernel: last_pfn = 0x36f000 max_arch_pfn = 0x400000000
May 20 22:09:12 desktop kernel: MTRR map: 4 entries (3 fixed + 1 variable; max 23), built from 10 variable MTRRs
May 20 22:09:12 desktop kernel: x86/PAT: Configuration [0-7]: WB  WC  UC- UC  WB  WP  UC- WT  
May 20 22:09:12 desktop kernel: last_pfn = 0x8fc00 max_arch_pfn = 0x400000000
May 20 22:09:12 desktop kernel: found SMP MP-table at [mem 0x000fcc70-0x000fcc7f]
May 20 22:09:12 desktop kernel: esrt: Reserving ESRT space from 0x000000008c7c9298 to 0x000000008c7c92d0.
May 20 22:09:12 desktop kernel: e820: update [mem 0x8c7c9000-0x8c7c9fff] usable ==> reserved
May 20 22:09:12 desktop kernel: Using GB pages for direct mapping
May 20 22:09:12 desktop kernel: Secure boot disabled
May 20 22:09:12 desktop kernel: RAMDISK: [mem 0x80dc4000-0x8363dfff]
May 20 22:09:12 desktop kernel: ACPI: Early table checksum verification disabled
May 20 22:09:12 desktop kernel: ACPI: RSDP 0x000000008EA89000 000024 (v02 ALASKA)
May 20 22:09:12 desktop kernel: ACPI: XSDT 0x000000008EA890A8 0000CC (v01 ALASKA A M I    01072009 AMI  00010013)
May 20 22:09:12 desktop kernel: ACPI: FACP 0x000000008EAB1C38 000114 (v06 ALASKA A M I    01072009 AMI  00010013)
May 20 22:09:12 desktop kernel: ACPI: DSDT 0x000000008EA89208 028A2D (v02 ALASKA A M I    01072009 INTL 20160422)
May 20 22:09:12 desktop kernel: ACPI: FACS 0x000000008F192C40 000040
May 20 22:09:12 desktop kernel: ACPI: APIC 0x000000008EAB1D50 000084 (v03 ALASKA A M I    01072009 AMI  00010013)
May 20 22:09:12 desktop kernel: ACPI: FPDT 0x000000008EAB1DD8 000044 (v01 ALASKA A M I    01072009 AMI  00010013)
May 20 22:09:12 desktop kernel: ACPI: MCFG 0x000000008EAB1E20 00003C (v01 ALASKA A M I    01072009 MSFT 00000097)
May 20 22:09:12 desktop kernel: ACPI: SSDT 0x000000008EAB1E60 0003BC (v01 SataRe SataTabl 00001000 INTL 20160422)
May 20 22:09:12 desktop kernel: ACPI: FIDT 0x000000008EAB2220 00009C (v01 ALASKA A M I    01072009 AMI  00010013)
May 20 22:09:12 desktop kernel: ACPI: SSDT 0x000000008EAB22C0 003159 (v02 SaSsdt SaSsdt   00003000 INTL 20160422)
May 20 22:09:12 desktop kernel: ACPI: SSDT 0x000000008EAB5420 00255F (v02 PegSsd PegSsdt  00001000 INTL 20160422)
May 20 22:09:12 desktop kernel: ACPI: HPET 0x000000008EAB7980 000038 (v01 INTEL  KBL      00000001 MSFT 0000005F)
May 20 22:09:12 desktop kernel: ACPI: SSDT 0x000000008EAB79B8 000DE5 (v02 INTEL  Ther_Rvp 00001000 INTL 20160422)
May 20 22:09:12 desktop kernel: ACPI: SSDT 0x000000008EAB87A0 000A29 (v02 INTEL  xh_rvp08 00000000 INTL 20160422)
May 20 22:09:12 desktop kernel: ACPI: UEFI 0x000000008EAB91D0 000042 (v01 INTEL  EDK2     00000002      01000013)
May 20 22:09:12 desktop kernel: ACPI: SSDT 0x000000008EAB9218 000EDE (v02 CpuRef CpuSsdt  00003000 INTL 20160422)
May 20 22:09:12 desktop kernel: ACPI: LPIT 0x000000008EABA0F8 000094 (v01 INTEL  KBL      00000000 MSFT 0000005F)
May 20 22:09:12 desktop kernel: ACPI: WSMT 0x000000008EABA190 000028 (v01 INTEL  KBL      00000000 MSFT 0000005F)
May 20 22:09:12 desktop kernel: ACPI: SSDT 0x000000008EABA1B8 00029F (v02 INTEL  sensrhub 00000000 INTL 20160422)
May 20 22:09:12 desktop kernel: ACPI: SSDT 0x000000008EABA458 003002 (v02 INTEL  PtidDevc 00001000 INTL 20160422)
May 20 22:09:12 desktop kernel: ACPI: DBGP 0x000000008EABD460 000034 (v01 INTEL           00000002 MSFT 0000005F)
May 20 22:09:12 desktop kernel: ACPI: DBG2 0x000000008EABD498 000054 (v00 INTEL           00000002 MSFT 0000005F)
May 20 22:09:12 desktop kernel: ACPI: BGRT 0x000000008EABD4F0 000038 (v01 ALASKA A M I    01072009 AMI  00010013)
May 20 22:09:12 desktop kernel: ACPI: Reserving FACP table memory at [mem 0x8eab1c38-0x8eab1d4b]
May 20 22:09:12 desktop kernel: ACPI: Reserving DSDT table memory at [mem 0x8ea89208-0x8eab1c34]
May 20 22:09:12 desktop kernel: ACPI: Reserving FACS table memory at [mem 0x8f192c40-0x8f192c7f]
May 20 22:09:12 desktop kernel: ACPI: Reserving APIC table memory at [mem 0x8eab1d50-0x8eab1dd3]
May 20 22:09:12 desktop kernel: ACPI: Reserving FPDT table memory at [mem 0x8eab1dd8-0x8eab1e1b]
May 20 22:09:12 desktop kernel: ACPI: Reserving MCFG table memory at [mem 0x8eab1e20-0x8eab1e5b]
May 20 22:09:12 desktop kernel: ACPI: Reserving SSDT table memory at [mem 0x8eab1e60-0x8eab221b]
May 20 22:09:12 desktop kernel: ACPI: Reserving FIDT table memory at [mem 0x8eab2220-0x8eab22bb]
May 20 22:09:12 desktop kernel: ACPI: Reserving SSDT table memory at [mem 0x8eab22c0-0x8eab5418]
May 20 22:09:12 desktop kernel: ACPI: Reserving SSDT table memory at [mem 0x8eab5420-0x8eab797e]
May 20 22:09:12 desktop kernel: ACPI: Reserving HPET table memory at [mem 0x8eab7980-0x8eab79b7]
May 20 22:09:12 desktop kernel: ACPI: Reserving SSDT table memory at [mem 0x8eab79b8-0x8eab879c]
May 20 22:09:12 desktop kernel: ACPI: Reserving SSDT table memory at [mem 0x8eab87a0-0x8eab91c8]
May 20 22:09:12 desktop kernel: ACPI: Reserving UEFI table memory at [mem 0x8eab91d0-0x8eab9211]
May 20 22:09:12 desktop kernel: ACPI: Reserving SSDT table memory at [mem 0x8eab9218-0x8eaba0f5]
May 20 22:09:12 desktop kernel: ACPI: Reserving LPIT table memory at [mem 0x8eaba0f8-0x8eaba18b]
May 20 22:09:12 desktop kernel: ACPI: Reserving WSMT table memory at [mem 0x8eaba190-0x8eaba1b7]
May 20 22:09:12 desktop kernel: ACPI: Reserving SSDT table memory at [mem 0x8eaba1b8-0x8eaba456]
May 20 22:09:12 desktop kernel: ACPI: Reserving SSDT table memory at [mem 0x8eaba458-0x8eabd459]
May 20 22:09:12 desktop kernel: ACPI: Reserving DBGP table memory at [mem 0x8eabd460-0x8eabd493]
May 20 22:09:12 desktop kernel: ACPI: Reserving DBG2 table memory at [mem 0x8eabd498-0x8eabd4eb]
May 20 22:09:12 desktop kernel: ACPI: Reserving BGRT table memory at [mem 0x8eabd4f0-0x8eabd527]
May 20 22:09:12 desktop kernel: No NUMA configuration found
May 20 22:09:12 desktop kernel: Faking a node at [mem 0x0000000000000000-0x000000036effffff]
May 20 22:09:12 desktop kernel: NODE_DATA(0) allocated [mem 0x36eff8780-0x36effdcff]
May 20 22:09:12 desktop kernel: Zone ranges:
May 20 22:09:12 desktop kernel:   DMA      [mem 0x0000000000001000-0x0000000000ffffff]
May 20 22:09:12 desktop kernel:   DMA32    [mem 0x0000000001000000-0x00000000ffffffff]
May 20 22:09:12 desktop kernel:   Normal   [mem 0x0000000100000000-0x000000036effffff]
May 20 22:09:12 desktop kernel:   Device   empty
May 20 22:09:12 desktop kernel: Movable zone start for each node
May 20 22:09:12 desktop kernel: Early memory node ranges
May 20 22:09:12 desktop kernel:   node   0: [mem 0x0000000000001000-0x0000000000057fff]
May 20 22:09:12 desktop kernel:   node   0: [mem 0x0000000000059000-0x000000000009efff]
May 20 22:09:12 desktop kernel:   node   0: [mem 0x0000000000100000-0x0000000086feefff]
May 20 22:09:12 desktop kernel:   node   0: [mem 0x0000000086ff1000-0x000000008e633fff]
May 20 22:09:12 desktop kernel:   node   0: [mem 0x000000008fbff000-0x000000008fbfffff]
May 20 22:09:12 desktop kernel:   node   0: [mem 0x0000000100000000-0x000000036effffff]
May 20 22:09:12 desktop kernel: Initmem setup node 0 [mem 0x0000000000001000-0x000000036effffff]
May 20 22:09:12 desktop kernel: On node 0, zone DMA: 1 pages in unavailable ranges
May 20 22:09:12 desktop kernel: On node 0, zone DMA: 1 pages in unavailable ranges
May 20 22:09:12 desktop kernel: On node 0, zone DMA: 97 pages in unavailable ranges
May 20 22:09:12 desktop kernel: On node 0, zone DMA32: 2 pages in unavailable ranges
May 20 22:09:12 desktop kernel: On node 0, zone DMA32: 5579 pages in unavailable ranges
May 20 22:09:12 desktop kernel: On node 0, zone Normal: 1024 pages in unavailable ranges
May 20 22:09:12 desktop kernel: On node 0, zone Normal: 4096 pages in unavailable ranges
May 20 22:09:12 desktop kernel: ACPI: PM-Timer IO Port: 0x1808
May 20 22:09:12 desktop kernel: ACPI: LAPIC_NMI (acpi_id[0x01] high edge lint[0x1])
May 20 22:09:12 desktop kernel: ACPI: LAPIC_NMI (acpi_id[0x02] high edge lint[0x1])
May 20 22:09:12 desktop kernel: ACPI: LAPIC_NMI (acpi_id[0x03] high edge lint[0x1])
May 20 22:09:12 desktop kernel: ACPI: LAPIC_NMI (acpi_id[0x04] high edge lint[0x1])
May 20 22:09:12 desktop kernel: IOAPIC[0]: apic_id 2, version 32, address 0xfec00000, GSI 0-119
May 20 22:09:12 desktop kernel: ACPI: INT_SRC_OVR (bus 0 bus_irq 0 global_irq 2 dfl dfl)
May 20 22:09:12 desktop kernel: ACPI: INT_SRC_OVR (bus 0 bus_irq 9 global_irq 9 high level)
May 20 22:09:12 desktop kernel: ACPI: Using ACPI (MADT) for SMP configuration information
May 20 22:09:12 desktop kernel: ACPI: HPET id: 0x8086a201 base: 0xfed00000
May 20 22:09:12 desktop kernel: e820: update [mem 0x8924f000-0x8948ffff] usable ==> reserved
May 20 22:09:12 desktop kernel: TSC deadline timer available
May 20 22:09:12 desktop kernel: CPU topo: Max. logical packages:   1
May 20 22:09:12 desktop kernel: CPU topo: Max. logical dies:       1
May 20 22:09:12 desktop kernel: CPU topo: Max. dies per package:   1
May 20 22:09:12 desktop kernel: CPU topo: Max. threads per core:   1
May 20 22:09:12 desktop kernel: CPU topo: Num. cores per package:     4
May 20 22:09:12 desktop kernel: CPU topo: Num. threads per package:   4
May 20 22:09:12 desktop kernel: CPU topo: Allowing 4 present CPUs plus 0 hotplug CPUs
May 20 22:09:12 desktop kernel: PM: hibernation: Registered nosave memory: [mem 0x00000000-0x00000fff]
May 20 22:09:12 desktop kernel: PM: hibernation: Registered nosave memory: [mem 0x00058000-0x00058fff]
May 20 22:09:12 desktop kernel: PM: hibernation: Registered nosave memory: [mem 0x0009f000-0x000fffff]
May 20 22:09:12 desktop kernel: PM: hibernation: Registered nosave memory: [mem 0x86fef000-0x86ff0fff]
May 20 22:09:12 desktop kernel: PM: hibernation: Registered nosave memory: [mem 0x8924f000-0x8948ffff]
May 20 22:09:12 desktop kernel: PM: hibernation: Registered nosave memory: [mem 0x8c7c9000-0x8c7c9fff]
May 20 22:09:12 desktop kernel: PM: hibernation: Registered nosave memory: [mem 0x8e634000-0x8fbfefff]
May 20 22:09:12 desktop kernel: PM: hibernation: Registered nosave memory: [mem 0x8fc00000-0xffffffff]
May 20 22:09:12 desktop kernel: [mem 0x90000000-0xfdffffff] available for PCI devices
May 20 22:09:12 desktop kernel: Booting paravirtualized kernel on bare hardware
May 20 22:09:12 desktop kernel: clocksource: refined-jiffies: mask: 0xffffffff max_cycles: 0xffffffff, max_idle_ns: 1910969940391419 ns
May 20 22:09:12 desktop kernel: setup_percpu: NR_CPUS:384 nr_cpumask_bits:4 nr_cpu_ids:4 nr_node_ids:1
May 20 22:09:12 desktop kernel: percpu: Embedded 98 pages/cpu s278528 r8192 d114688 u524288
May 20 22:09:12 desktop kernel: pcpu-alloc: s278528 r8192 d114688 u524288 alloc=1*2097152
May 20 22:09:12 desktop kernel: pcpu-alloc: [0] 0 1 2 3 
May 20 22:09:12 desktop kernel: Kernel command line: initrd=\EFI\nixos\i55cmls6q7004yk3ih818rdp57xxqvk9-initrd-linux-6.18.26-initrd.efi init=/nix/store/cv1vhd7vs9qhh27jkrw5rrckqmrvn5az-nixos-system-desktop-26.05.20260430.15f4ee4/init root=fstab loglevel=4 lsm=landlock,yama,bpf
May 20 22:09:12 desktop kernel: printk: log buffer data + meta data: 262144 + 917504 = 1179648 bytes
May 20 22:09:12 desktop kernel: Dentry cache hash table entries: 2097152 (order: 12, 16777216 bytes, linear)
May 20 22:09:12 desktop kernel: Inode-cache hash table entries: 1048576 (order: 11, 8388608 bytes, linear)
May 20 22:09:12 desktop kernel: software IO TLB: area num 4.
May 20 22:09:12 desktop kernel: Fallback order for Node 0: 0 
May 20 22:09:12 desktop kernel: Built 1 zonelists, mobility grouping on.  Total pages: 3134928
May 20 22:09:12 desktop kernel: Policy zone: Normal
May 20 22:09:12 desktop kernel: mem auto-init: stack:all(zero), heap alloc:on, heap free:off
May 20 22:09:12 desktop kernel: SLUB: HWalign=64, Order=0-3, MinObjects=0, CPUs=4, Nodes=1
May 20 22:09:12 desktop kernel: allocated 25165824 bytes of page_ext
May 20 22:09:12 desktop kernel: Kernel/User page tables isolation: enabled
May 20 22:09:12 desktop kernel: ftrace: allocating 48603 entries in 192 pages
May 20 22:09:12 desktop kernel: ftrace: allocated 192 pages with 2 groups
May 20 22:09:12 desktop kernel: Dynamic Preempt: lazy
May 20 22:09:12 desktop kernel: rcu: Preemptible hierarchical RCU implementation.
May 20 22:09:12 desktop kernel: rcu:         RCU event tracing is enabled.
May 20 22:09:12 desktop kernel: rcu:         RCU restricting CPUs from NR_CPUS=384 to nr_cpu_ids=4.
May 20 22:09:12 desktop kernel:         Trampoline variant of Tasks RCU enabled.
May 20 22:09:12 desktop kernel:         Rude variant of Tasks RCU enabled.
May 20 22:09:12 desktop kernel:         Tracing variant of Tasks RCU enabled.
May 20 22:09:12 desktop kernel: rcu: RCU calculated value of scheduler-enlistment delay is 100 jiffies.
May 20 22:09:12 desktop kernel: rcu: Adjusting geometry for rcu_fanout_leaf=16, nr_cpu_ids=4
May 20 22:09:12 desktop kernel: RCU Tasks: Setting shift to 2 and lim to 1 rcu_task_cb_adjust=1 rcu_task_cpu_ids=4.
May 20 22:09:12 desktop kernel: RCU Tasks Rude: Setting shift to 2 and lim to 1 rcu_task_cb_adjust=1 rcu_task_cpu_ids=4.
May 20 22:09:12 desktop kernel: RCU Tasks Trace: Setting shift to 2 and lim to 1 rcu_task_cb_adjust=1 rcu_task_cpu_ids=4.
May 20 22:09:12 desktop kernel: NR_IRQS: 24832, nr_irqs: 1024, preallocated irqs: 16
May 20 22:09:12 desktop kernel: rcu: srcu_init: Setting srcu_struct sizes based on contention.
May 20 22:09:12 desktop kernel: kfence: initialized - using 2097152 bytes for 255 objects at 0x(____ptrval____)-0x(____ptrval____)
May 20 22:09:12 desktop kernel: Console: colour dummy device 80x25
May 20 22:09:12 desktop kernel: printk: legacy console [tty0] enabled
May 20 22:09:12 desktop kernel: ACPI: Core revision 20250807
May 20 22:09:12 desktop kernel: clocksource: hpet: mask: 0xffffffff max_cycles: 0xffffffff, max_idle_ns: 79635855245 ns
May 20 22:09:12 desktop kernel: APIC: Switch to symmetric I/O mode setup
May 20 22:09:12 desktop kernel: x2apic: IRQ remapping doesn't support X2APIC mode
May 20 22:09:12 desktop kernel: ..TIMER: vector=0x30 apic1=0 pin1=2 apic2=-1 pin2=-1
May 20 22:09:12 desktop kernel: clocksource: tsc-early: mask: 0xffffffffffffffff max_cycles: 0x6d8bf270d8d, max_idle_ns: 881590865083 ns
May 20 22:09:12 desktop kernel: Calibrating delay loop (skipped), value calculated using timer frequency.. 7599.80 BogoMIPS (lpj=3799900)
May 20 22:09:12 desktop kernel: x86/cpu: SGX disabled or unsupported by BIOS.
May 20 22:09:12 desktop kernel: CPU0: Thermal monitoring enabled (TM1)
May 20 22:09:12 desktop kernel: Last level iTLB entries: 4KB 128, 2MB 8, 4MB 8
May 20 22:09:12 desktop kernel: Last level dTLB entries: 4KB 64, 2MB 32, 4MB 32, 1GB 4
May 20 22:09:12 desktop kernel: process: using mwait in idle threads
May 20 22:09:12 desktop kernel: mitigations: Enabled attack vectors: user_kernel, user_user, guest_host, guest_guest, SMT mitigations: auto
May 20 22:09:12 desktop kernel: Speculative Store Bypass: Mitigation: Speculative Store Bypass disabled via prctl
May 20 22:09:12 desktop kernel: SRBDS: Mitigation: Microcode
May 20 22:09:12 desktop kernel: Spectre V2 : Mitigation: IBRS
May 20 22:09:12 desktop kernel: RETBleed: Mitigation: IBRS
May 20 22:09:12 desktop kernel: MDS: Mitigation: Clear CPU buffers
May 20 22:09:12 desktop kernel: MMIO Stale Data: Mitigation: Clear CPU buffers
May 20 22:09:12 desktop kernel: VMSCAPE: Mitigation: IBPB before exit to userspace
May 20 22:09:12 desktop kernel: Spectre V1 : Mitigation: usercopy/swapgs barriers and __user pointer sanitization
May 20 22:09:12 desktop kernel: Spectre V2 : Spectre v2 / SpectreRSB: Filling RSB on context switch and VMEXIT
May 20 22:09:12 desktop kernel: Spectre V2 : mitigation: Enabling conditional Indirect Branch Prediction Barrier
May 20 22:09:12 desktop kernel: GDS: Mitigation: Microcode
May 20 22:09:12 desktop kernel: x86/fpu: Supporting XSAVE feature 0x001: 'x87 floating point registers'
May 20 22:09:12 desktop kernel: x86/fpu: Supporting XSAVE feature 0x002: 'SSE registers'
May 20 22:09:12 desktop kernel: x86/fpu: Supporting XSAVE feature 0x004: 'AVX registers'
May 20 22:09:12 desktop kernel: x86/fpu: Supporting XSAVE feature 0x008: 'MPX bounds registers'
May 20 22:09:12 desktop kernel: x86/fpu: Supporting XSAVE feature 0x010: 'MPX CSR'
May 20 22:09:12 desktop kernel: x86/fpu: xstate_offset[2]:  576, xstate_sizes[2]:  256
May 20 22:09:12 desktop kernel: x86/fpu: xstate_offset[3]:  832, xstate_sizes[3]:   64
May 20 22:09:12 desktop kernel: x86/fpu: xstate_offset[4]:  896, xstate_sizes[4]:   64
May 20 22:09:12 desktop kernel: x86/fpu: Enabled xstate features 0x1f, context size is 960 bytes, using 'compacted' format.
May 20 22:09:12 desktop kernel: Freeing SMP alternatives memory: 44K
May 20 22:09:12 desktop kernel: pid_max: default: 32768 minimum: 301
May 20 22:09:12 desktop kernel: LSM: initializing lsm=capability,landlock,yama,bpf,ima
May 20 22:09:12 desktop kernel: landlock: Up and running.
May 20 22:09:12 desktop kernel: Yama: becoming mindful.
May 20 22:09:12 desktop kernel: LSM support for eBPF active
May 20 22:09:12 desktop kernel: Mount-cache hash table entries: 32768 (order: 6, 262144 bytes, linear)
May 20 22:09:12 desktop kernel: Mountpoint-cache hash table entries: 32768 (order: 6, 262144 bytes, linear)
May 20 22:09:12 desktop kernel: smpboot: CPU0: Intel(R) Core(TM) i5-7600K CPU @ 3.80GHz (family: 0x6, model: 0x9e, stepping: 0x9)
May 20 22:09:12 desktop kernel: Performance Events: PEBS fmt3+, Skylake events, 32-deep LBR, full-width counters, Intel PMU driver.
May 20 22:09:12 desktop kernel: ... version:                   4
May 20 22:09:12 desktop kernel: ... bit width:                 48
May 20 22:09:12 desktop kernel: ... generic counters:          8
May 20 22:09:12 desktop kernel: ... generic bitmap:            00000000000000ff
May 20 22:09:12 desktop kernel: ... fixed-purpose counters:    3
May 20 22:09:12 desktop kernel: ... fixed-purpose bitmap:      0000000000000007
May 20 22:09:12 desktop kernel: ... value mask:                0000ffffffffffff
May 20 22:09:12 desktop kernel: ... max period:                00007fffffffffff
May 20 22:09:12 desktop kernel: ... global_ctrl mask:          00000007000000ff
May 20 22:09:12 desktop kernel: signal: max sigframe size: 2032
May 20 22:09:12 desktop kernel: Estimated ratio of average max frequency by base frequency (times 1024): 1077
May 20 22:09:12 desktop kernel: rcu: Hierarchical SRCU implementation.
May 20 22:09:12 desktop kernel: rcu:         Max phase no-delay instances is 400.
May 20 22:09:12 desktop kernel: Timer migration: 1 hierarchy levels; 8 children per group; 1 crossnode level
May 20 22:09:12 desktop kernel: NMI watchdog: Enabled. Permanently consumes one hw-PMU counter.
May 20 22:09:12 desktop kernel: smp: Bringing up secondary CPUs ...
May 20 22:09:12 desktop kernel: smpboot: x86: Booting SMP configuration:
May 20 22:09:12 desktop kernel: .... node  #0, CPUs:      #1 #2 #3
May 20 22:09:12 desktop kernel: smp: Brought up 1 node, 4 CPUs
May 20 22:09:12 desktop kernel: smpboot: Total of 4 processors activated (30399.20 BogoMIPS)
May 20 22:09:12 desktop kernel: Memory: 11999288K/12539712K available (17126K kernel code, 2718K rwdata, 13524K rodata, 3640K init, 3008K bss, 503944K reserved, 0K cma-reserved)
May 20 22:09:12 desktop kernel: devtmpfs: initialized
May 20 22:09:12 desktop kernel: x86/mm: Memory block size: 128MB
May 20 22:09:12 desktop kernel: ACPI: PM: Registering ACPI NVS region [mem 0x86fef000-0x86feffff] (4096 bytes)
May 20 22:09:12 desktop kernel: ACPI: PM: Registering ACPI NVS region [mem 0x8e981000-0x8f192fff] (8462336 bytes)
May 20 22:09:12 desktop kernel: clocksource: jiffies: mask: 0xffffffff max_cycles: 0xffffffff, max_idle_ns: 1911260446275000 ns
May 20 22:09:12 desktop kernel: posixtimers hash table entries: 2048 (order: 3, 32768 bytes, linear)
May 20 22:09:12 desktop kernel: futex hash table entries: 1024 (65536 bytes on 1 NUMA nodes, total 64 KiB, linear).
May 20 22:09:12 desktop kernel: pinctrl core: initialized pinctrl subsystem
May 20 22:09:12 desktop kernel: PM: RTC time: 12:09:12, date: 2026-05-20
May 20 22:09:12 desktop kernel: NET: Registered PF_NETLINK/PF_ROUTE protocol family
May 20 22:09:12 desktop kernel: DMA: preallocated 2048 KiB GFP_KERNEL pool for atomic allocations
May 20 22:09:12 desktop kernel: DMA: preallocated 2048 KiB GFP_KERNEL|GFP_DMA pool for atomic allocations
May 20 22:09:12 desktop kernel: DMA: preallocated 2048 KiB GFP_KERNEL|GFP_DMA32 pool for atomic allocations
May 20 22:09:12 desktop kernel: audit: initializing netlink subsys (disabled)
May 20 22:09:12 desktop kernel: audit: type=2000 audit(1779278951.043:1): state=initialized audit_enabled=0 res=1
May 20 22:09:12 desktop kernel: thermal_sys: Registered thermal governor 'fair_share'
May 20 22:09:12 desktop kernel: thermal_sys: Registered thermal governor 'bang_bang'
May 20 22:09:12 desktop kernel: thermal_sys: Registered thermal governor 'step_wise'
May 20 22:09:12 desktop kernel: thermal_sys: Registered thermal governor 'user_space'
May 20 22:09:12 desktop kernel: thermal_sys: Registered thermal governor 'power_allocator'
May 20 22:09:12 desktop kernel: cpuidle: using governor menu
May 20 22:09:12 desktop kernel: efi: Freeing EFI boot services memory: 120692K
May 20 22:09:12 desktop kernel: ACPI FADT declares the system doesn't support PCIe ASPM, so disable it
May 20 22:09:12 desktop kernel: acpiphp: ACPI Hot Plug PCI Controller Driver version: 0.5
May 20 22:09:12 desktop kernel: PCI: ECAM [mem 0xe0000000-0xefffffff] (base 0xe0000000) for domain 0000 [bus 00-ff]
May 20 22:09:12 desktop kernel: PCI: Using configuration type 1 for base access
May 20 22:09:12 desktop kernel: kprobes: kprobe jump-optimization is enabled. All kprobes are optimized if possible.
May 20 22:09:12 desktop kernel: HugeTLB: registered 1.00 GiB page size, pre-allocated 0 pages
May 20 22:09:12 desktop kernel: HugeTLB: 16380 KiB vmemmap can be freed for a 1.00 GiB page
May 20 22:09:12 desktop kernel: HugeTLB: registered 2.00 MiB page size, pre-allocated 0 pages
May 20 22:09:12 desktop kernel: HugeTLB: 28 KiB vmemmap can be freed for a 2.00 MiB page
May 20 22:09:12 desktop kernel: fbcon: Taking over console
May 20 22:09:12 desktop kernel: ACPI: Added _OSI(Module Device)
May 20 22:09:12 desktop kernel: ACPI: Added _OSI(Processor Device)
May 20 22:09:12 desktop kernel: ACPI: Added _OSI(Processor Aggregator Device)
May 20 22:09:12 desktop kernel: ACPI: 9 ACPI AML tables successfully acquired and loaded
May 20 22:09:12 desktop kernel: ACPI: [Firmware Bug]: BIOS _OSI(Linux) query ignored
May 20 22:09:12 desktop kernel: ACPI: Dynamic OEM Table Load:
May 20 22:09:12 desktop kernel: ACPI: SSDT 0xFFFF8BED8331E400 0003FF (v02 PmRef  Cpu0Cst  00003001 INTL 20160422)
May 20 22:09:12 desktop kernel: ACPI: Dynamic OEM Table Load:
May 20 22:09:12 desktop kernel: ACPI: SSDT 0xFFFF8BED8335E800 00079B (v02 PmRef  Cpu0Ist  00003000 INTL 20160422)
May 20 22:09:12 desktop kernel: ACPI: Dynamic OEM Table Load:
May 20 22:09:12 desktop kernel: ACPI: SSDT 0xFFFF8BED83358800 00065C (v02 PmRef  ApIst    00003000 INTL 20160422)
May 20 22:09:12 desktop kernel: ACPI: Dynamic OEM Table Load:
May 20 22:09:12 desktop kernel: ACPI: SSDT 0xFFFF8BED82453A00 000197 (v02 PmRef  ApHwp    00003000 INTL 20160422)
May 20 22:09:12 desktop kernel: ACPI: Dynamic OEM Table Load:
May 20 22:09:12 desktop kernel: ACPI: SSDT 0xFFFF8BED82453600 00018A (v02 PmRef  ApCst    00003000 INTL 20160422)
May 20 22:09:12 desktop kernel: ACPI: Interpreter enabled
May 20 22:09:12 desktop kernel: ACPI: PM: (supports S0 S3 S4 S5)
May 20 22:09:12 desktop kernel: ACPI: Using IOAPIC for interrupt routing
May 20 22:09:12 desktop kernel: PCI: Using host bridge windows from ACPI; if necessary, use "pci=nocrs" and report a bug
May 20 22:09:12 desktop kernel: PCI: Using E820 reservations for host bridge windows
May 20 22:09:12 desktop kernel: ACPI: Enabled 6 GPEs in block 00 to 7F
May 20 22:09:12 desktop kernel: ACPI: \_SB_.PCI0.PEG0.PG00: New power resource
May 20 22:09:12 desktop kernel: ACPI: \_SB_.PCI0.PEG1.PG01: New power resource
May 20 22:09:12 desktop kernel: ACPI: \_SB_.PCI0.PEG2.PG02: New power resource
May 20 22:09:12 desktop kernel: ACPI: \_SB_.PCI0.RP09.PXSX.WRST: New power resource
May 20 22:09:12 desktop kernel: ACPI: \_SB_.PCI0.RP10.PXSX.WRST: New power resource
May 20 22:09:12 desktop kernel: ACPI: \_SB_.PCI0.RP11.PXSX.WRST: New power resource
May 20 22:09:12 desktop kernel: ACPI: \_SB_.PCI0.RP12.PXSX.WRST: New power resource
May 20 22:09:12 desktop kernel: ACPI: \_SB_.PCI0.RP13.PXSX.WRST: New power resource
May 20 22:09:12 desktop kernel: ACPI: \_SB_.PCI0.RP01.PXSX.WRST: New power resource
May 20 22:09:12 desktop kernel: ACPI: \_SB_.PCI0.RP02.PXSX.WRST: New power resource
May 20 22:09:12 desktop kernel: ACPI: \_SB_.PCI0.RP03.PXSX.WRST: New power resource
May 20 22:09:12 desktop kernel: ACPI: \_SB_.PCI0.RP04.PXSX.WRST: New power resource
May 20 22:09:12 desktop kernel: ACPI: \_SB_.PCI0.RP05.PXSX.WRST: New power resource
May 20 22:09:12 desktop kernel: ACPI: \_SB_.PCI0.RP06.PXSX.WRST: New power resource
May 20 22:09:12 desktop kernel: ACPI: \_SB_.PCI0.RP07.PXSX.WRST: New power resource
May 20 22:09:12 desktop kernel: ACPI: \_SB_.PCI0.RP08.PXSX.WRST: New power resource
May 20 22:09:12 desktop kernel: ACPI: \_SB_.PCI0.RP17.PXSX.WRST: New power resource
May 20 22:09:12 desktop kernel: ACPI: \_SB_.PCI0.RP18.PXSX.WRST: New power resource
May 20 22:09:12 desktop kernel: ACPI: \_SB_.PCI0.RP19.PXSX.WRST: New power resource
May 20 22:09:12 desktop kernel: ACPI: \_SB_.PCI0.RP20.PXSX.WRST: New power resource
May 20 22:09:12 desktop kernel: ACPI: \_SB_.PCI0.RP14.PXSX.WRST: New power resource
May 20 22:09:12 desktop kernel: ACPI: \_SB_.PCI0.RP15.PXSX.WRST: New power resource
May 20 22:09:12 desktop kernel: ACPI: \_SB_.PCI0.RP16.PXSX.WRST: New power resource
May 20 22:09:12 desktop kernel: ACPI: \_TZ_.FN00: New power resource
May 20 22:09:12 desktop kernel: ACPI: \_TZ_.FN01: New power resource
May 20 22:09:12 desktop kernel: ACPI: \_TZ_.FN02: New power resource
May 20 22:09:12 desktop kernel: ACPI: \_TZ_.FN03: New power resource
May 20 22:09:12 desktop kernel: ACPI: \_TZ_.FN04: New power resource
May 20 22:09:12 desktop kernel: ACPI: PCI Root Bridge [PCI0] (domain 0000 [bus 00-fe])
May 20 22:09:12 desktop kernel: acpi PNP0A08:00: _OSC: OS supports [ExtendedConfig ASPM ClockPM Segments MSI HPX-Type3]
May 20 22:09:12 desktop kernel: acpi PNP0A08:00: _OSC: platform does not support [PME]
May 20 22:09:12 desktop kernel: acpi PNP0A08:00: _OSC: OS now controls [PCIeHotplug PCIeCapability LTR]
May 20 22:09:12 desktop kernel: acpi PNP0A08:00: FADT indicates ASPM is unsupported, using BIOS configuration
May 20 22:09:12 desktop kernel: PCI host bridge to bus 0000:00
May 20 22:09:12 desktop kernel: pci_bus 0000:00: root bus resource [io  0x0000-0x0cf7 window]
May 20 22:09:12 desktop kernel: pci_bus 0000:00: root bus resource [io  0x0d00-0xffff window]
May 20 22:09:12 desktop kernel: pci_bus 0000:00: root bus resource [mem 0x000a0000-0x000bffff window]
May 20 22:09:12 desktop kernel: pci_bus 0000:00: root bus resource [mem 0x90000000-0xdfffffff window]
May 20 22:09:12 desktop kernel: pci_bus 0000:00: root bus resource [mem 0xfd000000-0xfe7fffff window]
May 20 22:09:12 desktop kernel: pci_bus 0000:00: root bus resource [bus 00-fe]
May 20 22:09:12 desktop kernel: pci 0000:00:00.0: [8086:591f] type 00 class 0x060000 conventional PCI endpoint
May 20 22:09:12 desktop kernel: pci 0000:00:01.0: [8086:1901] type 01 class 0x060400 PCIe Root Port
May 20 22:09:12 desktop kernel: pci 0000:00:01.0: PCI bridge to [bus 01]
May 20 22:09:12 desktop kernel: pci 0000:00:01.0:   bridge window [io  0xe000-0xefff]
May 20 22:09:12 desktop kernel: pci 0000:00:01.0:   bridge window [mem 0xde000000-0xdf0fffff]
May 20 22:09:12 desktop kernel: pci 0000:00:01.0:   bridge window [mem 0xc0000000-0xd20fffff 64bit pref]
May 20 22:09:12 desktop kernel: pci 0000:00:01.0: PME# supported from D0 D3hot D3cold
May 20 22:09:12 desktop kernel: pci 0000:00:08.0: [8086:1911] type 00 class 0x088000 conventional PCI endpoint
May 20 22:09:12 desktop kernel: pci 0000:00:08.0: BAR 0 [mem 0xdf64f000-0xdf64ffff 64bit]
May 20 22:09:12 desktop kernel: pci 0000:00:14.0: [8086:a12f] type 00 class 0x0c0330 conventional PCI endpoint
May 20 22:09:12 desktop kernel: pci 0000:00:14.0: BAR 0 [mem 0xdf630000-0xdf63ffff 64bit]
May 20 22:09:12 desktop kernel: pci 0000:00:14.0: PME# supported from D3hot D3cold
May 20 22:09:12 desktop kernel: pci 0000:00:14.2: [8086:a131] type 00 class 0x118000 conventional PCI endpoint
May 20 22:09:12 desktop kernel: pci 0000:00:14.2: BAR 0 [mem 0xdf64e000-0xdf64efff 64bit]
May 20 22:09:12 desktop kernel: pci 0000:00:16.0: [8086:a13a] type 00 class 0x078000 conventional PCI endpoint
May 20 22:09:12 desktop kernel: pci 0000:00:16.0: BAR 0 [mem 0xdf64d000-0xdf64dfff 64bit]
May 20 22:09:12 desktop kernel: pci 0000:00:16.0: PME# supported from D3hot
May 20 22:09:12 desktop kernel: pci 0000:00:17.0: [8086:a102] type 00 class 0x010601 conventional PCI endpoint
May 20 22:09:12 desktop kernel: pci 0000:00:17.0: BAR 0 [mem 0xdf648000-0xdf649fff]
May 20 22:09:12 desktop kernel: pci 0000:00:17.0: BAR 1 [mem 0xdf64c000-0xdf64c0ff]
May 20 22:09:12 desktop kernel: pci 0000:00:17.0: BAR 2 [io  0xf050-0xf057]
May 20 22:09:12 desktop kernel: pci 0000:00:17.0: BAR 3 [io  0xf040-0xf043]
May 20 22:09:12 desktop kernel: pci 0000:00:17.0: BAR 4 [io  0xf020-0xf03f]
May 20 22:09:12 desktop kernel: pci 0000:00:17.0: BAR 5 [mem 0xdf64b000-0xdf64b7ff]
May 20 22:09:12 desktop kernel: pci 0000:00:17.0: PME# supported from D3hot
May 20 22:09:12 desktop kernel: pci 0000:00:1c.0: [8086:a110] type 01 class 0x060400 PCIe Root Port
May 20 22:09:12 desktop kernel: pci 0000:00:1c.0: PCI bridge to [bus 02]
May 20 22:09:12 desktop kernel: pci 0000:00:1c.0:   bridge window [mem 0xdf500000-0xdf5fffff]
May 20 22:09:12 desktop kernel: pci 0000:00:1c.0: PME# supported from D0 D3hot D3cold
May 20 22:09:12 desktop kernel: pci 0000:00:1c.4: [8086:a114] type 01 class 0x060400 PCIe Root Port
May 20 22:09:12 desktop kernel: pci 0000:00:1c.4: PCI bridge to [bus 03]
May 20 22:09:12 desktop kernel: pci 0000:00:1c.4:   bridge window [mem 0xdf200000-0xdf4fffff]
May 20 22:09:12 desktop kernel: pci 0000:00:1c.4: PME# supported from D0 D3hot D3cold
May 20 22:09:12 desktop kernel: pci 0000:00:1f.0: [8086:a145] type 00 class 0x060100 conventional PCI endpoint
May 20 22:09:12 desktop kernel: pci 0000:00:1f.2: [8086:a121] type 00 class 0x058000 conventional PCI endpoint
May 20 22:09:12 desktop kernel: pci 0000:00:1f.2: BAR 0 [mem 0xdf644000-0xdf647fff]
May 20 22:09:12 desktop kernel: pci 0000:00:1f.3: [8086:a170] type 00 class 0x040300 conventional PCI endpoint
May 20 22:09:12 desktop kernel: pci 0000:00:1f.3: BAR 0 [mem 0xdf640000-0xdf643fff 64bit]
May 20 22:09:12 desktop kernel: pci 0000:00:1f.3: BAR 4 [mem 0xdf620000-0xdf62ffff 64bit]
May 20 22:09:12 desktop kernel: pci 0000:00:1f.3: PME# supported from D3hot D3cold
May 20 22:09:12 desktop kernel: pci 0000:00:1f.4: [8086:a123] type 00 class 0x0c0500 conventional PCI endpoint
May 20 22:09:12 desktop kernel: pci 0000:00:1f.4: BAR 0 [mem 0xdf64a000-0xdf64a0ff 64bit]
May 20 22:09:12 desktop kernel: pci 0000:00:1f.4: BAR 4 [io  0xf000-0xf01f]
May 20 22:09:12 desktop kernel: pci 0000:00:1f.6: [8086:15b8] type 00 class 0x020000 conventional PCI endpoint
May 20 22:09:12 desktop kernel: pci 0000:00:1f.6: BAR 0 [mem 0xdf600000-0xdf61ffff]
May 20 22:09:12 desktop kernel: pci 0000:00:1f.6: PME# supported from D0 D3hot D3cold
May 20 22:09:12 desktop kernel: pci 0000:01:00.0: [10de:1f07] type 00 class 0x030000 PCIe Legacy Endpoint
May 20 22:09:12 desktop kernel: pci 0000:01:00.0: BAR 0 [mem 0xde000000-0xdeffffff]
May 20 22:09:12 desktop kernel: pci 0000:01:00.0: BAR 1 [mem 0xc0000000-0xcfffffff 64bit pref]
May 20 22:09:12 desktop kernel: pci 0000:01:00.0: BAR 3 [mem 0xd0000000-0xd1ffffff 64bit pref]
May 20 22:09:12 desktop kernel: pci 0000:01:00.0: BAR 5 [io  0xe000-0xe07f]
May 20 22:09:12 desktop kernel: pci 0000:01:00.0: ROM [mem 0xdf000000-0xdf07ffff pref]
May 20 22:09:12 desktop kernel: pci 0000:01:00.0: Video device with shadowed ROM at [mem 0x000c0000-0x000dffff]
May 20 22:09:12 desktop kernel: pci 0000:01:00.0: PME# supported from D0 D3hot
May 20 22:09:12 desktop kernel: pci 0000:01:00.0: 32.000 Gb/s available PCIe bandwidth, limited by 2.5 GT/s PCIe x16 link at 0000:00:01.0 (capable of 126.016 Gb/s with 8.0 GT/s PCIe x16 link)
May 20 22:09:12 desktop kernel: pci 0000:01:00.1: [10de:10f9] type 00 class 0x040300 PCIe Endpoint
May 20 22:09:12 desktop kernel: pci 0000:01:00.1: BAR 0 [mem 0xdf080000-0xdf083fff]
May 20 22:09:12 desktop kernel: pci 0000:01:00.2: [10de:1ada] type 00 class 0x0c0330 PCIe Endpoint
May 20 22:09:12 desktop kernel: pci 0000:01:00.2: BAR 0 [mem 0xd2000000-0xd203ffff 64bit pref]
May 20 22:09:12 desktop kernel: pci 0000:01:00.2: BAR 3 [mem 0xd2040000-0xd204ffff 64bit pref]
May 20 22:09:12 desktop kernel: pci 0000:01:00.2: PME# supported from D0 D3hot
May 20 22:09:12 desktop kernel: pci 0000:01:00.3: [10de:1adb] type 00 class 0x0c8000 PCIe Endpoint
May 20 22:09:12 desktop kernel: pci 0000:01:00.3: BAR 0 [mem 0xdf084000-0xdf084fff]
May 20 22:09:12 desktop kernel: pci 0000:01:00.3: PME# supported from D0 D3hot
May 20 22:09:12 desktop kernel: pci 0000:00:01.0: PCI bridge to [bus 01]
May 20 22:09:12 desktop kernel: pci 0000:02:00.0: [1b21:1242] type 00 class 0x0c0330 PCIe Endpoint
May 20 22:09:12 desktop kernel: pci 0000:02:00.0: BAR 0 [mem 0xdf500000-0xdf507fff 64bit]
May 20 22:09:12 desktop kernel: pci 0000:02:00.0: enabling Extended Tags
May 20 22:09:12 desktop kernel: pci 0000:02:00.0: PME# supported from D3hot D3cold
May 20 22:09:12 desktop kernel: pci 0000:00:1c.0: PCI bridge to [bus 02]
May 20 22:09:12 desktop kernel: pci 0000:03:00.0: [14e4:43a0] type 00 class 0x028000 PCIe Endpoint
May 20 22:09:12 desktop kernel: pci 0000:03:00.0: BAR 0 [mem 0xdf400000-0xdf407fff 64bit]
May 20 22:09:12 desktop kernel: pci 0000:03:00.0: BAR 2 [mem 0xdf200000-0xdf3fffff 64bit]
May 20 22:09:12 desktop kernel: pci 0000:03:00.0: supports D1 D2
May 20 22:09:12 desktop kernel: pci 0000:03:00.0: PME# supported from D0 D1 D2 D3hot D3cold
May 20 22:09:12 desktop kernel: pci 0000:00:1c.4: PCI bridge to [bus 03]
May 20 22:09:12 desktop kernel: ACPI: PCI: Interrupt link LNKA configured for IRQ 11
May 20 22:09:12 desktop kernel: ACPI: PCI: Interrupt link LNKB configured for IRQ 10
May 20 22:09:12 desktop kernel: ACPI: PCI: Interrupt link LNKC configured for IRQ 11
May 20 22:09:12 desktop kernel: ACPI: PCI: Interrupt link LNKD configured for IRQ 11
May 20 22:09:12 desktop kernel: ACPI: PCI: Interrupt link LNKE configured for IRQ 11
May 20 22:09:12 desktop kernel: ACPI: PCI: Interrupt link LNKF configured for IRQ 11
May 20 22:09:12 desktop kernel: ACPI: PCI: Interrupt link LNKG configured for IRQ 11
May 20 22:09:12 desktop kernel: ACPI: PCI: Interrupt link LNKH configured for IRQ 11
May 20 22:09:12 desktop kernel: iommu: Default domain type: Translated
May 20 22:09:12 desktop kernel: iommu: DMA domain TLB invalidation policy: lazy mode
May 20 22:09:12 desktop kernel: ACPI: bus type USB registered
May 20 22:09:12 desktop kernel: usbcore: registered new interface driver usbfs
May 20 22:09:12 desktop kernel: usbcore: registered new interface driver hub
May 20 22:09:12 desktop kernel: usbcore: registered new device driver usb
May 20 22:09:12 desktop kernel: efivars: Registered efivars operations
May 20 22:09:12 desktop kernel: NetLabel: Initializing
May 20 22:09:12 desktop kernel: NetLabel:  domain hash size = 128
May 20 22:09:12 desktop kernel: NetLabel:  protocols = UNLABELED CIPSOv4 CALIPSO
May 20 22:09:12 desktop kernel: NetLabel:  unlabeled traffic allowed by default
May 20 22:09:12 desktop kernel: PCI: Using ACPI for IRQ routing
May 20 22:09:12 desktop kernel: PCI: pci_cache_line_size set to 64 bytes
May 20 22:09:12 desktop kernel: e820: reserve RAM buffer [mem 0x00058000-0x0005ffff]
May 20 22:09:12 desktop kernel: e820: reserve RAM buffer [mem 0x0009f000-0x0009ffff]
May 20 22:09:12 desktop kernel: e820: reserve RAM buffer [mem 0x86fef000-0x87ffffff]
May 20 22:09:12 desktop kernel: e820: reserve RAM buffer [mem 0x8924f000-0x8bffffff]
May 20 22:09:12 desktop kernel: e820: reserve RAM buffer [mem 0x8c7c9000-0x8fffffff]
May 20 22:09:12 desktop kernel: e820: reserve RAM buffer [mem 0x8e634000-0x8fffffff]
May 20 22:09:12 desktop kernel: e820: reserve RAM buffer [mem 0x8fc00000-0x8fffffff]
May 20 22:09:12 desktop kernel: e820: reserve RAM buffer [mem 0x36f000000-0x36fffffff]
May 20 22:09:12 desktop kernel: pci 0000:01:00.0: vgaarb: setting as boot VGA device
May 20 22:09:12 desktop kernel: pci 0000:01:00.0: vgaarb: bridge control possible
May 20 22:09:12 desktop kernel: pci 0000:01:00.0: vgaarb: VGA device added: decodes=io+mem,owns=io+mem,locks=none
May 20 22:09:12 desktop kernel: vgaarb: loaded
May 20 22:09:12 desktop kernel: hpet0: at MMIO 0xfed00000, IRQs 2, 8, 0, 0, 0, 0, 0, 0
May 20 22:09:12 desktop kernel: hpet0: 8 comparators, 64-bit 24.000000 MHz counter
May 20 22:09:12 desktop kernel: clocksource: Switched to clocksource tsc-early
May 20 22:09:12 desktop kernel: VFS: Disk quotas dquot_6.6.0
May 20 22:09:12 desktop kernel: VFS: Dquot-cache hash table entries: 512 (order 0, 4096 bytes)
May 20 22:09:12 desktop kernel: pnp: PnP ACPI init
May 20 22:09:12 desktop kernel: system 00:00: [io  0x0a00-0x0a0f] has been reserved
May 20 22:09:12 desktop kernel: system 00:00: [io  0x0a10-0x0a1f] has been reserved
May 20 22:09:12 desktop kernel: system 00:00: [io  0x0a20-0x0a2f] has been reserved
May 20 22:09:12 desktop kernel: system 00:00: [io  0x0a30-0x0a3f] has been reserved
May 20 22:09:12 desktop kernel: pnp 00:01: [dma 0 disabled]
May 20 22:09:12 desktop kernel: pnp 00:02: [dma 0 disabled]
May 20 22:09:12 desktop kernel: system 00:03: [io  0x0680-0x069f] has been reserved
May 20 22:09:12 desktop kernel: system 00:03: [io  0xffff] has been reserved
May 20 22:09:12 desktop kernel: system 00:03: [io  0xffff] has been reserved
May 20 22:09:12 desktop kernel: system 00:03: [io  0xffff] has been reserved
May 20 22:09:12 desktop kernel: system 00:03: [io  0x1800-0x18fe] could not be reserved
May 20 22:09:12 desktop kernel: system 00:03: [io  0x164e-0x164f] has been reserved
May 20 22:09:12 desktop kernel: system 00:04: [io  0x0800-0x087f] has been reserved
May 20 22:09:12 desktop kernel: system 00:06: [mem 0xfed10000-0xfed17fff] has been reserved
May 20 22:09:12 desktop kernel: system 00:06: [mem 0xfed18000-0xfed18fff] has been reserved
May 20 22:09:12 desktop kernel: system 00:06: [mem 0xfed19000-0xfed19fff] has been reserved
May 20 22:09:12 desktop kernel: system 00:06: [mem 0xe0000000-0xefffffff] has been reserved
May 20 22:09:12 desktop kernel: system 00:06: [mem 0xfed20000-0xfed3ffff] has been reserved
May 20 22:09:12 desktop kernel: system 00:06: [mem 0xfed90000-0xfed93fff] has been reserved
May 20 22:09:12 desktop kernel: system 00:06: [mem 0xfed45000-0xfed8ffff] has been reserved
May 20 22:09:12 desktop kernel: system 00:06: [mem 0xff000000-0xffffffff] has been reserved
May 20 22:09:12 desktop kernel: system 00:06: [mem 0xfee00000-0xfeefffff] could not be reserved
May 20 22:09:12 desktop kernel: system 00:06: [mem 0xdffc0000-0xdffdffff] has been reserved
May 20 22:09:12 desktop kernel: system 00:07: [mem 0xfd000000-0xfdabffff] has been reserved
May 20 22:09:12 desktop kernel: system 00:07: [mem 0xfdad0000-0xfdadffff] has been reserved
May 20 22:09:12 desktop kernel: system 00:07: [mem 0xfdb00000-0xfdffffff] has been reserved
May 20 22:09:12 desktop kernel: system 00:07: [mem 0xfe000000-0xfe01ffff] could not be reserved
May 20 22:09:12 desktop kernel: system 00:07: [mem 0xfe036000-0xfe03bfff] has been reserved
May 20 22:09:12 desktop kernel: system 00:07: [mem 0xfe03d000-0xfe3fffff] has been reserved
May 20 22:09:12 desktop kernel: system 00:08: [io  0xff00-0xfffe] has been reserved
May 20 22:09:12 desktop kernel: system 00:09: [mem 0xfdaf0000-0xfdafffff] has been reserved
May 20 22:09:12 desktop kernel: system 00:09: [mem 0xfdae0000-0xfdaeffff] has been reserved
May 20 22:09:12 desktop kernel: system 00:09: [mem 0xfdac0000-0xfdacffff] has been reserved
May 20 22:09:12 desktop kernel: pnp: PnP ACPI: found 10 devices
May 20 22:09:12 desktop kernel: clocksource: acpi_pm: mask: 0xffffff max_cycles: 0xffffff, max_idle_ns: 2085701024 ns
May 20 22:09:12 desktop kernel: NET: Registered PF_INET protocol family
May 20 22:09:12 desktop kernel: IP idents hash table entries: 262144 (order: 9, 2097152 bytes, linear)
May 20 22:09:12 desktop kernel: tcp_listen_portaddr_hash hash table entries: 8192 (order: 5, 131072 bytes, linear)
May 20 22:09:12 desktop kernel: Table-perturb hash table entries: 65536 (order: 6, 262144 bytes, linear)
May 20 22:09:12 desktop kernel: TCP established hash table entries: 131072 (order: 8, 1048576 bytes, linear)
May 20 22:09:12 desktop kernel: TCP bind hash table entries: 65536 (order: 9, 2097152 bytes, linear)
May 20 22:09:12 desktop kernel: TCP: Hash tables configured (established 131072 bind 65536)
May 20 22:09:12 desktop kernel: MPTCP token hash table entries: 16384 (order: 7, 393216 bytes, linear)
May 20 22:09:12 desktop kernel: UDP hash table entries: 8192 (order: 7, 524288 bytes, linear)
May 20 22:09:12 desktop kernel: UDP-Lite hash table entries: 8192 (order: 7, 524288 bytes, linear)
May 20 22:09:12 desktop kernel: NET: Registered PF_UNIX/PF_LOCAL protocol family
May 20 22:09:12 desktop kernel: NET: Registered PF_XDP protocol family
May 20 22:09:12 desktop kernel: pci 0000:00:01.0: PCI bridge to [bus 01]
May 20 22:09:12 desktop kernel: pci 0000:00:01.0:   bridge window [io  0xe000-0xefff]
May 20 22:09:12 desktop kernel: pci 0000:00:01.0:   bridge window [mem 0xde000000-0xdf0fffff]
May 20 22:09:12 desktop kernel: pci 0000:00:01.0:   bridge window [mem 0xc0000000-0xd20fffff 64bit pref]
May 20 22:09:12 desktop kernel: pci 0000:00:1c.0: PCI bridge to [bus 02]
May 20 22:09:12 desktop kernel: pci 0000:00:1c.0:   bridge window [mem 0xdf500000-0xdf5fffff]
May 20 22:09:12 desktop kernel: pci 0000:00:1c.4: PCI bridge to [bus 03]
May 20 22:09:12 desktop kernel: pci 0000:00:1c.4:   bridge window [mem 0xdf200000-0xdf4fffff]
May 20 22:09:12 desktop kernel: pci_bus 0000:00: resource 4 [io  0x0000-0x0cf7 window]
May 20 22:09:12 desktop kernel: pci_bus 0000:00: resource 5 [io  0x0d00-0xffff window]
May 20 22:09:12 desktop kernel: pci_bus 0000:00: resource 6 [mem 0x000a0000-0x000bffff window]
May 20 22:09:12 desktop kernel: pci_bus 0000:00: resource 7 [mem 0x90000000-0xdfffffff window]
May 20 22:09:12 desktop kernel: pci_bus 0000:00: resource 8 [mem 0xfd000000-0xfe7fffff window]
May 20 22:09:12 desktop kernel: pci_bus 0000:01: resource 0 [io  0xe000-0xefff]
May 20 22:09:12 desktop kernel: pci_bus 0000:01: resource 1 [mem 0xde000000-0xdf0fffff]
May 20 22:09:12 desktop kernel: pci_bus 0000:01: resource 2 [mem 0xc0000000-0xd20fffff 64bit pref]
May 20 22:09:12 desktop kernel: pci_bus 0000:02: resource 1 [mem 0xdf500000-0xdf5fffff]
May 20 22:09:12 desktop kernel: pci_bus 0000:03: resource 1 [mem 0xdf200000-0xdf4fffff]
May 20 22:09:12 desktop kernel: pci 0000:01:00.1: extending delay after power-on from D3hot to 20 msec
May 20 22:09:12 desktop kernel: pci 0000:01:00.1: D0 power state depends on 0000:01:00.0
May 20 22:09:12 desktop kernel: pci 0000:01:00.2: D0 power state depends on 0000:01:00.0
May 20 22:09:12 desktop kernel: pci 0000:01:00.3: D0 power state depends on 0000:01:00.0
May 20 22:09:12 desktop kernel: PCI: CLS 64 bytes, default 64
May 20 22:09:12 desktop kernel: pci 0000:00:1f.1: [8086:a120] type 00 class 0x058000 conventional PCI endpoint
May 20 22:09:12 desktop kernel: pci 0000:00:1f.1: BAR 0 [mem 0xfd000000-0xfdffffff 64bit]
May 20 22:09:12 desktop kernel: PCI-DMA: Using software bounce buffering for IO (SWIOTLB)
May 20 22:09:12 desktop kernel: software IO TLB: mapped [mem 0x000000007cd93000-0x0000000080d93000] (64MB)
May 20 22:09:12 desktop kernel: Trying to unpack rootfs image as initramfs...
May 20 22:09:12 desktop kernel: Initialise system trusted keyrings
May 20 22:09:12 desktop kernel: workingset: timestamp_bits=40 max_order=22 bucket_order=0
May 20 22:09:12 desktop kernel: Key type asymmetric registered
May 20 22:09:12 desktop kernel: Asymmetric key parser 'x509' registered
May 20 22:09:12 desktop kernel: Block layer SCSI generic (bsg) driver version 0.4 loaded (major 248)
May 20 22:09:12 desktop kernel: io scheduler mq-deadline registered
May 20 22:09:12 desktop kernel: io scheduler kyber registered
May 20 22:09:12 desktop kernel: Serial: 8250/16550 driver, 4 ports, IRQ sharing enabled
May 20 22:09:12 desktop kernel: 00:02: ttyS0 at I/O 0x3f8 (irq = 4, base_baud = 115200) is a 16550A
May 20 22:09:12 desktop kernel: Freeing initrd memory: 41448K
May 20 22:09:12 desktop kernel: serial8250: ttyS1 at I/O 0x2f8 (irq = 3, base_baud = 115200) is a 16550A
May 20 22:09:12 desktop kernel: Linux agpgart interface v0.103
May 20 22:09:12 desktop kernel: ACPI: bus type drm_connector registered
May 20 22:09:12 desktop kernel: usbcore: registered new interface driver usbserial_generic
May 20 22:09:12 desktop kernel: usbserial: USB Serial support registered for generic
May 20 22:09:12 desktop kernel: intel_pstate: Intel P-state driver initializing
May 20 22:09:12 desktop kernel: intel_pstate: Disabling energy efficiency optimization
May 20 22:09:12 desktop kernel: intel_pstate: HWP enabled
May 20 22:09:12 desktop kernel: Relocating firmware framebuffer to offset 0x0000000001000000[d] within [mem 0xd0000000-0xd1ffffff flags 0x14220c]
May 20 22:09:12 desktop kernel: simple-framebuffer simple-framebuffer.0: [drm] Registered 1 planes with drm panic
May 20 22:09:12 desktop kernel: [drm] Initialized simpledrm 1.0.0 for simple-framebuffer.0 on minor 0
May 20 22:09:12 desktop kernel: Console: switching to colour frame buffer device 128x48
May 20 22:09:12 desktop kernel: simple-framebuffer simple-framebuffer.0: [drm] fb0: simpledrmdrmfb frame buffer device
May 20 22:09:12 desktop kernel: pstore: Using crash dump compression: deflate
May 20 22:09:12 desktop kernel: pstore: Registered efi_pstore as persistent store backend
May 20 22:09:12 desktop kernel: drop_monitor: Initializing network drop monitor service
May 20 22:09:12 desktop kernel: NET: Registered PF_INET6 protocol family
May 20 22:09:12 desktop kernel: Segment Routing with IPv6
May 20 22:09:12 desktop kernel: In-situ OAM (IOAM) with IPv6
May 20 22:09:12 desktop kernel: microcode: Current revision: 0x000000f8
May 20 22:09:12 desktop kernel: microcode: Updated early from: 0x0000008e
May 20 22:09:12 desktop kernel: IPI shorthand broadcast: enabled
May 20 22:09:12 desktop kernel: sched_clock: Marking stable (584000974, 3415674)->(589218121, -1801473)
May 20 22:09:12 desktop kernel: registered taskstats version 1
May 20 22:09:12 desktop kernel: Loading compiled-in X.509 certificates
May 20 22:09:12 desktop kernel: Demotion targets for Node 0: null
May 20 22:09:12 desktop kernel: Key type .fscrypt registered
May 20 22:09:12 desktop kernel: Key type fscrypt-provisioning registered
May 20 22:09:12 desktop kernel: ima: No TPM chip found, activating TPM-bypass!
May 20 22:09:12 desktop kernel: ima: Allocated hash algorithm: sha1
May 20 22:09:12 desktop kernel: ima: No architecture policies found
May 20 22:09:12 desktop kernel: PM:   Magic number: 10:385:178
May 20 22:09:12 desktop kernel: acpi device:0e: hash matches
May 20 22:09:12 desktop kernel:  platform: hash matches
May 20 22:09:12 desktop kernel: RAS: Correctable Errors collector initialized.
May 20 22:09:12 desktop kernel: clk: Disabling unused clocks
May 20 22:09:12 desktop kernel: PM: genpd: Disabling unused power domains
May 20 22:09:12 desktop kernel: Freeing unused decrypted memory: 2028K
May 20 22:09:12 desktop kernel: Freeing unused kernel image (initmem) memory: 3640K
May 20 22:09:12 desktop kernel: Write protecting the kernel read-only data: 32768k
May 20 22:09:12 desktop kernel: Freeing unused kernel image (text/rodata gap) memory: 1304K
May 20 22:09:12 desktop kernel: Freeing unused kernel image (rodata/data gap) memory: 812K
May 20 22:09:12 desktop kernel: x86/mm: Checked W+X mappings: passed, no W+X pages found.
May 20 22:09:12 desktop kernel: x86/mm: Checking user space page tables
May 20 22:09:12 desktop kernel: x86/mm: Checked W+X mappings: passed, no W+X pages found.
May 20 22:09:12 desktop kernel: Run /init as init process
May 20 22:09:12 desktop kernel:   with arguments:
May 20 22:09:12 desktop kernel:     /init
May 20 22:09:12 desktop kernel:   with environment:
May 20 22:09:12 desktop kernel:     HOME=/
May 20 22:09:12 desktop kernel:     TERM=linux
May 20 22:09:12 desktop systemd[1]: Inserted module 'autofs4'
May 20 22:09:12 desktop systemd[1]: Successfully made /usr/ read-only.
May 20 22:09:12 desktop systemd[1]: systemd 260.1 running in system mode (+PAM +AUDIT -SELINUX +APPARMOR +IMA +IPE +SMACK +SECCOMP +GCRYPT -GNUTLS +OPENSSL +ACL +BLKID +CURL +ELFUTILS +FIDO2 +IDN2 +KMOD +LIBCRYPTSETUP +LIBCRYPTSETUP_PLUGINS +LIBFDISK +PCRE2 +PWQUALITY +P11KIT +QRENCODE +TPM2 +BZIP2 +LZ4 +XZ +ZLIB +ZSTD +BPF_FRAMEWORK -BTF -XKBCOMMON +UTMP +LIBARCHIVE)
May 20 22:09:12 desktop systemd[1]: Detected architecture x86-64.
May 20 22:09:12 desktop systemd[1]: Running in initrd.
May 20 22:09:12 desktop systemd[1]: Initializing machine ID from random generator.
May 20 22:09:12 desktop systemd[1]: Hostname set to <desktop>.
May 20 22:09:12 desktop systemd[1]: Queued start job for default target Initrd Default Target.
May 20 22:09:12 desktop systemd[1]: Created slice Slice /system/modprobe.
May 20 22:09:12 desktop systemd[1]: Started Dispatch Password Requests to Console Directory Watch.
May 20 22:09:12 desktop systemd[1]: Expecting device /dev/disk/by-uuid/dd19768c-f638-4558-8f82-eb2fc0adb424...
May 20 22:09:12 desktop systemd[1]: Reached target Path Units.
May 20 22:09:12 desktop systemd[1]: Reached target Slice Units.
May 20 22:09:12 desktop systemd[1]: Reached target Swaps.
May 20 22:09:12 desktop systemd[1]: Reached target Timer Units.
May 20 22:09:12 desktop systemd[1]: Listening on D-Bus System Message Bus Socket.
May 20 22:09:12 desktop systemd[1]: Listening on Journal Socket (/dev/log).
May 20 22:09:12 desktop systemd[1]: Listening on Journal Sockets.
May 20 22:09:12 desktop systemd[1]: Listening on udev Control Socket.
May 20 22:09:12 desktop systemd[1]: Listening on udev Kernel Socket.
May 20 22:09:12 desktop systemd[1]: Reached target Socket Units.
May 20 22:09:12 desktop systemd[1]: Starting Create List of Static Device Nodes...
May 20 22:09:12 desktop systemd[1]: Starting Load Kernel Module configfs...
May 20 22:09:12 desktop systemd[1]: Starting Journal Service...
May 20 22:09:12 desktop systemd[1]: Starting Load Kernel Modules...
May 20 22:09:12 desktop systemd[1]: Early TPM SRK Setup skipped, unmet condition check ConditionSecurity=measured-uki
May 20 22:09:12 desktop systemd[1]: Starting Coldplug All udev Devices...
May 20 22:09:12 desktop systemd[1]: Finished Create List of Static Device Nodes.
May 20 22:09:12 desktop systemd[1]: modprobe@configfs.service: Deactivated successfully.
May 20 22:09:12 desktop systemd[1]: Finished Load Kernel Module configfs.
May 20 22:09:12 desktop systemd[1]: Kernel Configuration File System skipped, unmet condition check ConditionPathExists=/sys/kernel/config
May 20 22:09:12 desktop systemd[1]: Starting Create Static Device Nodes in /dev gracefully...
May 20 22:09:12 desktop systemd-journald[140]: Collecting audit messages is disabled.
May 20 22:09:12 desktop kernel: device-mapper: core: CONFIG_IMA_DISABLE_HTABLE is disabled. Duplicate IMA measurements will not be recorded in the IMA log.
May 20 22:09:12 desktop kernel: device-mapper: ioctl: 4.50.0-ioctl (2025-04-28) initialised: dm-devel@lists.linux.dev
May 20 22:09:12 desktop systemd[1]: Finished Load Kernel Modules.
May 20 22:09:12 desktop systemd[1]: Starting Apply Kernel Variables...
May 20 22:09:12 desktop systemd[1]: Finished Create Static Device Nodes in /dev gracefully.
May 20 22:09:12 desktop systemd[1]: Starting Create Static Device Nodes in /dev...
May 20 22:09:12 desktop systemd[1]: Finished Apply Kernel Variables.
May 20 22:09:12 desktop systemd[1]: Finished Create Static Device Nodes in /dev.
May 20 22:09:12 desktop systemd[1]: Reached target Preparation for Local File Systems.
May 20 22:09:12 desktop systemd[1]: Reached target Local File Systems.
May 20 22:09:12 desktop systemd[1]: Starting Rule-based Manager for Device Events and Files...
May 20 22:09:12 desktop systemd-journald[140]: Journal started
May 20 22:09:12 desktop systemd-journald[140]: Runtime Journal (/run/log/journal/4708f98aa488412b8b4d899cfd934d6e) is 8M, max 238.3M, 230.3M free.
May 20 22:09:12 desktop systemd-modules-load[143]: Inserted module 'dm_mod'
May 20 22:09:12 desktop systemd[1]: Started Journal Service.
May 20 22:09:12 desktop systemd[1]: Starting Create System Files and Directories...
May 20 22:09:12 desktop systemd-udevd[167]: Using default interface naming scheme 'v260'.
May 20 22:09:12 desktop systemd[1]: Finished Create System Files and Directories.
May 20 22:09:12 desktop systemd[1]: Started Rule-based Manager for Device Events and Files.
May 20 22:09:12 desktop kernel: tsc: Refined TSC clocksource calibration: 3791.999 MHz
May 20 22:09:12 desktop kernel: clocksource: tsc: mask: 0xffffffffffffffff max_cycles: 0x6d51a4e4511, max_idle_ns: 881590775377 ns
May 20 22:09:12 desktop kernel: clocksource: Switched to clocksource tsc
May 20 22:09:12 desktop systemd[1]: Finished Coldplug All udev Devices.
May 20 22:09:12 desktop systemd[1]: Reached target System Initialization.
May 20 22:09:12 desktop systemd[1]: Reached target Basic System.
May 20 22:09:12 desktop kernel: xhci_hcd 0000:00:14.0: xHCI Host Controller
May 20 22:09:12 desktop kernel: xhci_hcd 0000:00:14.0: new USB bus registered, assigned bus number 1
May 20 22:09:12 desktop kernel: xhci_hcd 0000:00:14.0: hcc params 0x200077c1 hci version 0x100 quirks 0x0000000001109810
May 20 22:09:12 desktop kernel: xhci_hcd 0000:00:14.0: xHCI Host Controller
May 20 22:09:12 desktop kernel: xhci_hcd 0000:00:14.0: new USB bus registered, assigned bus number 2
May 20 22:09:12 desktop kernel: xhci_hcd 0000:00:14.0: Host supports USB 3.0 SuperSpeed
May 20 22:09:12 desktop kernel: usb usb1: New USB device found, idVendor=1d6b, idProduct=0002, bcdDevice= 6.18
May 20 22:09:12 desktop kernel: usb usb1: New USB device strings: Mfr=3, Product=2, SerialNumber=1
May 20 22:09:12 desktop kernel: usb usb1: Product: xHCI Host Controller
May 20 22:09:12 desktop kernel: usb usb1: Manufacturer: Linux 6.18.26 xhci-hcd
May 20 22:09:12 desktop kernel: usb usb1: SerialNumber: 0000:00:14.0
May 20 22:09:12 desktop kernel: SCSI subsystem initialized
May 20 22:09:12 desktop kernel: hub 1-0:1.0: USB hub found
May 20 22:09:12 desktop kernel: hub 1-0:1.0: 16 ports detected
May 20 22:09:12 desktop kernel: libata version 3.00 loaded.
May 20 22:09:12 desktop kernel: usb usb2: New USB device found, idVendor=1d6b, idProduct=0003, bcdDevice= 6.18
May 20 22:09:12 desktop kernel: usb usb2: New USB device strings: Mfr=3, Product=2, SerialNumber=1
May 20 22:09:12 desktop kernel: usb usb2: Product: xHCI Host Controller
May 20 22:09:12 desktop kernel: usb usb2: Manufacturer: Linux 6.18.26 xhci-hcd
May 20 22:09:12 desktop kernel: usb usb2: SerialNumber: 0000:00:14.0
May 20 22:09:12 desktop kernel: hub 2-0:1.0: USB hub found
May 20 22:09:12 desktop systemd[1]: Starting Virtual Console Setup...
May 20 22:09:12 desktop kernel: hub 2-0:1.0: 10 ports detected
May 20 22:09:12 desktop kernel: xhci_hcd 0000:01:00.2: xHCI Host Controller
May 20 22:09:12 desktop kernel: xhci_hcd 0000:01:00.2: new USB bus registered, assigned bus number 3
May 20 22:09:12 desktop kernel: xhci_hcd 0000:01:00.2: hcc params 0x0180ff05 hci version 0x110 quirks 0x0000000000000010
May 20 22:09:12 desktop kernel: xhci_hcd 0000:01:00.2: xHCI Host Controller
May 20 22:09:12 desktop kernel: xhci_hcd 0000:01:00.2: new USB bus registered, assigned bus number 4
May 20 22:09:12 desktop kernel: xhci_hcd 0000:01:00.2: Host supports USB 3.1 Enhanced SuperSpeed
May 20 22:09:12 desktop systemd[1]: systemd-vconsole-setup.service: Deactivated successfully.
May 20 22:09:12 desktop kernel: usb usb3: New USB device found, idVendor=1d6b, idProduct=0002, bcdDevice= 6.18
May 20 22:09:12 desktop kernel: usb usb3: New USB device strings: Mfr=3, Product=2, SerialNumber=1
May 20 22:09:12 desktop kernel: usb usb3: Product: xHCI Host Controller
May 20 22:09:12 desktop kernel: usb usb3: Manufacturer: Linux 6.18.26 xhci-hcd
May 20 22:09:12 desktop kernel: usb usb3: SerialNumber: 0000:01:00.2
May 20 22:09:12 desktop kernel: hub 3-0:1.0: USB hub found
May 20 22:09:12 desktop systemd[1]: Stopped Virtual Console Setup.
May 20 22:09:12 desktop kernel: hub 3-0:1.0: 2 ports detected
May 20 22:09:12 desktop kernel: usb usb4: We don't know the algorithms for LPM for this host, disabling LPM.
May 20 22:09:12 desktop kernel: usb usb4: New USB device found, idVendor=1d6b, idProduct=0003, bcdDevice= 6.18
May 20 22:09:12 desktop kernel: usb usb4: New USB device strings: Mfr=3, Product=2, SerialNumber=1
May 20 22:09:12 desktop kernel: usb usb4: Product: xHCI Host Controller
May 20 22:09:12 desktop kernel: usb usb4: Manufacturer: Linux 6.18.26 xhci-hcd
May 20 22:09:12 desktop kernel: usb usb4: SerialNumber: 0000:01:00.2
May 20 22:09:12 desktop kernel: hub 4-0:1.0: USB hub found
May 20 22:09:12 desktop kernel: hub 4-0:1.0: 4 ports detected
May 20 22:09:12 desktop kernel: xhci_hcd 0000:02:00.0: xHCI Host Controller
May 20 22:09:12 desktop kernel: xhci_hcd 0000:02:00.0: new USB bus registered, assigned bus number 5
May 20 22:09:12 desktop systemd[1]: Starting Virtual Console Setup...
May 20 22:09:12 desktop kernel: ahci 0000:00:17.0: AHCI vers 0001.0301, 32 command slots, 6 Gbps, SATA mode
May 20 22:09:12 desktop kernel: ahci 0000:00:17.0: 6/6 ports implemented (port mask 0x3f)
May 20 22:09:12 desktop kernel: ahci 0000:00:17.0: flags: 64bit ncq sntf led clo only pio slum part ems deso sadm sds apst 
May 20 22:09:12 desktop systemd-vconsole-setup[216]: Configuration of first virtual console was skipped, ignoring remaining ones.
May 20 22:09:12 desktop kernel: scsi host0: ahci
May 20 22:09:12 desktop kernel: scsi host1: ahci
May 20 22:09:12 desktop systemd[1]: Finished Virtual Console Setup.
May 20 22:09:12 desktop kernel: scsi host2: ahci
May 20 22:09:12 desktop kernel: scsi host3: ahci
May 20 22:09:12 desktop kernel: scsi host4: ahci
May 20 22:09:12 desktop kernel: scsi host5: ahci
May 20 22:09:12 desktop kernel: ata1: SATA max UDMA/133 abar m2048@0xdf64b000 port 0xdf64b100 irq 124 lpm-pol 3
May 20 22:09:12 desktop kernel: ata2: SATA max UDMA/133 abar m2048@0xdf64b000 port 0xdf64b180 irq 124 lpm-pol 3
May 20 22:09:12 desktop kernel: ata3: SATA max UDMA/133 abar m2048@0xdf64b000 port 0xdf64b200 irq 124 lpm-pol 3
May 20 22:09:12 desktop kernel: ata4: SATA max UDMA/133 abar m2048@0xdf64b000 port 0xdf64b280 irq 124 lpm-pol 3
May 20 22:09:12 desktop kernel: ata5: SATA max UDMA/133 abar m2048@0xdf64b000 port 0xdf64b300 irq 124 lpm-pol 3
May 20 22:09:12 desktop kernel: ata6: SATA max UDMA/133 abar m2048@0xdf64b000 port 0xdf64b380 irq 124 lpm-pol 3
May 20 22:09:12 desktop kernel: xhci_hcd 0000:02:00.0: hcc params 0x0200eec0 hci version 0x110 quirks 0x0000000000800010
May 20 22:09:12 desktop kernel: xhci_hcd 0000:02:00.0: xHCI Host Controller
May 20 22:09:12 desktop kernel: xhci_hcd 0000:02:00.0: new USB bus registered, assigned bus number 6
May 20 22:09:12 desktop kernel: xhci_hcd 0000:02:00.0: Host supports USB 3.1 Enhanced SuperSpeed
May 20 22:09:12 desktop kernel: usb usb5: New USB device found, idVendor=1d6b, idProduct=0002, bcdDevice= 6.18
May 20 22:09:12 desktop kernel: usb usb5: New USB device strings: Mfr=3, Product=2, SerialNumber=1
May 20 22:09:12 desktop kernel: usb usb5: Product: xHCI Host Controller
May 20 22:09:12 desktop kernel: usb usb5: Manufacturer: Linux 6.18.26 xhci-hcd
May 20 22:09:12 desktop kernel: usb usb5: SerialNumber: 0000:02:00.0
May 20 22:09:12 desktop kernel: hub 5-0:1.0: USB hub found
May 20 22:09:12 desktop kernel: hub 5-0:1.0: 2 ports detected
May 20 22:09:12 desktop kernel: usb usb6: We don't know the algorithms for LPM for this host, disabling LPM.
May 20 22:09:12 desktop kernel: usb usb6: New USB device found, idVendor=1d6b, idProduct=0003, bcdDevice= 6.18
May 20 22:09:12 desktop kernel: usb usb6: New USB device strings: Mfr=3, Product=2, SerialNumber=1
May 20 22:09:12 desktop kernel: usb usb6: Product: xHCI Host Controller
May 20 22:09:12 desktop kernel: usb usb6: Manufacturer: Linux 6.18.26 xhci-hcd
May 20 22:09:12 desktop kernel: usb usb6: SerialNumber: 0000:02:00.0
May 20 22:09:12 desktop kernel: hub 6-0:1.0: USB hub found
May 20 22:09:12 desktop kernel: hub 6-0:1.0: 2 ports detected
May 20 22:09:12 desktop kernel: usb 1-1: new full-speed USB device number 2 using xhci_hcd
May 20 22:09:12 desktop kernel: ata5: SATA link up 6.0 Gbps (SStatus 133 SControl 300)
May 20 22:09:12 desktop kernel: ata6: SATA link down (SStatus 4 SControl 300)
May 20 22:09:12 desktop kernel: ata3: SATA link down (SStatus 4 SControl 300)
May 20 22:09:12 desktop kernel: ata1: SATA link down (SStatus 4 SControl 300)
May 20 22:09:12 desktop kernel: ata4: SATA link up 6.0 Gbps (SStatus 133 SControl 300)
May 20 22:09:12 desktop kernel: ACPI BIOS Error (bug): Could not resolve symbol [\_SB.PCI0.SAT0.PRT4._GTF.DSSP], AE_NOT_FOUND (20250807/psargs-332)
May 20 22:09:12 desktop kernel: ACPI Error: Aborting method \_SB.PCI0.SAT0.PRT4._GTF due to previous error (AE_NOT_FOUND) (20250807/psparse-529)
May 20 22:09:12 desktop kernel: ata2: SATA link up 6.0 Gbps (SStatus 133 SControl 300)
May 20 22:09:12 desktop kernel: ata5.00: ATA-11: KINGSTON SA400S37240G, SBFK71E0, max UDMA/133
May 20 22:09:12 desktop kernel: ata5.00: 468862128 sectors, multi 16: LBA48 NCQ (depth 32), AA
May 20 22:09:12 desktop kernel: ata5.00: Features: DIPM
May 20 22:09:12 desktop kernel: ACPI BIOS Error (bug): Could not resolve symbol [\_SB.PCI0.SAT0.PRT4._GTF.DSSP], AE_NOT_FOUND (20250807/psargs-332)
May 20 22:09:12 desktop kernel: ACPI Error: Aborting method \_SB.PCI0.SAT0.PRT4._GTF due to previous error (AE_NOT_FOUND) (20250807/psparse-529)
May 20 22:09:12 desktop kernel: ACPI BIOS Error (bug): Could not resolve symbol [\_SB.PCI0.SAT0.PRT3._GTF.DSSP], AE_NOT_FOUND (20250807/psargs-332)
May 20 22:09:12 desktop kernel: ACPI Error: Aborting method \_SB.PCI0.SAT0.PRT3._GTF due to previous error (AE_NOT_FOUND) (20250807/psparse-529)
May 20 22:09:12 desktop kernel: ata5.00: configured for UDMA/133
May 20 22:09:12 desktop kernel: ata4.00: ATA-10: ST4000DM004-2CV104, 0001, max UDMA/133
May 20 22:09:12 desktop kernel: ata4.00: 7814037168 sectors, multi 16: LBA48 NCQ (depth 32), AA
May 20 22:09:12 desktop kernel: ata4.00: Features: DIPM
May 20 22:09:12 desktop kernel: ACPI BIOS Error (bug): Could not resolve symbol [\_SB.PCI0.SAT0.PRT3._GTF.DSSP], AE_NOT_FOUND (20250807/psargs-332)
May 20 22:09:12 desktop kernel: ACPI Error: Aborting method \_SB.PCI0.SAT0.PRT3._GTF due to previous error (AE_NOT_FOUND) (20250807/psparse-529)
May 20 22:09:12 desktop kernel: ata4.00: configured for UDMA/133
May 20 22:09:12 desktop kernel: ACPI BIOS Error (bug): Could not resolve symbol [\_SB.PCI0.SAT0.PRT1._GTF.DSSP], AE_NOT_FOUND (20250807/psargs-332)
May 20 22:09:12 desktop kernel: ACPI Error: Aborting method \_SB.PCI0.SAT0.PRT1._GTF due to previous error (AE_NOT_FOUND) (20250807/psparse-529)
May 20 22:09:12 desktop kernel: usb 1-1: New USB device found, idVendor=0a12, idProduct=0001, bcdDevice=88.91
May 20 22:09:12 desktop kernel: usb 1-1: New USB device strings: Mfr=0, Product=0, SerialNumber=0
May 20 22:09:12 desktop kernel: ata2.00: ATA-9: ST2000DX001-1NS164, CC41, max UDMA/133
May 20 22:09:12 desktop kernel: ata2.00: NCQ Non-Data Log not supported
May 20 22:09:12 desktop kernel: ata2.00: 3907029168 sectors, multi 16: LBA48 NCQ (depth 32), AA
May 20 22:09:12 desktop kernel: ata2.00: Features: DIPM
May 20 22:09:12 desktop kernel: ACPI BIOS Error (bug): Could not resolve symbol [\_SB.PCI0.SAT0.PRT1._GTF.DSSP], AE_NOT_FOUND (20250807/psargs-332)
May 20 22:09:12 desktop kernel: ACPI Error: Aborting method \_SB.PCI0.SAT0.PRT1._GTF due to previous error (AE_NOT_FOUND) (20250807/psparse-529)
May 20 22:09:12 desktop kernel: ata2.00: NCQ Non-Data Log not supported
May 20 22:09:12 desktop kernel: ata2.00: configured for UDMA/133
May 20 22:09:12 desktop kernel: usb 1-5: new full-speed USB device number 3 using xhci_hcd
May 20 22:09:12 desktop kernel: scsi 1:0:0:0: Direct-Access     ATA      ST2000DX001-1NS1 CC41 PQ: 0 ANSI: 5
May 20 22:09:12 desktop kernel: scsi 3:0:0:0: Direct-Access     ATA      ST4000DM004-2CV1 0001 PQ: 0 ANSI: 5
May 20 22:09:12 desktop kernel: scsi 4:0:0:0: Direct-Access     ATA      KINGSTON SA400S3 71E0 PQ: 0 ANSI: 5
May 20 22:09:13 desktop kernel: sd 3:0:0:0: [sdb] 7814037168 512-byte logical blocks: (4.00 TB/3.64 TiB)
May 20 22:09:13 desktop kernel: sd 3:0:0:0: [sdb] 4096-byte physical blocks
May 20 22:09:13 desktop kernel: sd 3:0:0:0: [sdb] Write Protect is off
May 20 22:09:13 desktop kernel: sd 3:0:0:0: [sdb] Mode Sense: 00 3a 00 00
May 20 22:09:13 desktop kernel: sd 3:0:0:0: [sdb] Write cache: enabled, read cache: enabled, doesn't support DPO or FUA
May 20 22:09:13 desktop kernel: sd 3:0:0:0: [sdb] Preferred minimum I/O size 4096 bytes
May 20 22:09:13 desktop kernel: sd 4:0:0:0: [sdc] 468862128 512-byte logical blocks: (240 GB/224 GiB)
May 20 22:09:13 desktop kernel: sd 4:0:0:0: [sdc] Write Protect is off
May 20 22:09:13 desktop kernel: sd 4:0:0:0: [sdc] Mode Sense: 00 3a 00 00
May 20 22:09:13 desktop kernel: sd 4:0:0:0: [sdc] Write cache: enabled, read cache: enabled, doesn't support DPO or FUA
May 20 22:09:13 desktop kernel: sd 4:0:0:0: [sdc] Preferred minimum I/O size 512 bytes
May 20 22:09:13 desktop kernel: sd 1:0:0:0: [sda] 3907029168 512-byte logical blocks: (2.00 TB/1.82 TiB)
May 20 22:09:13 desktop kernel: sd 1:0:0:0: [sda] 4096-byte physical blocks
May 20 22:09:13 desktop kernel: sd 1:0:0:0: [sda] Write Protect is off
May 20 22:09:13 desktop kernel: sd 1:0:0:0: [sda] Mode Sense: 00 3a 00 00
May 20 22:09:13 desktop kernel: sd 1:0:0:0: [sda] Write cache: enabled, read cache: enabled, doesn't support DPO or FUA
May 20 22:09:13 desktop kernel: sd 1:0:0:0: [sda] Preferred minimum I/O size 4096 bytes
May 20 22:09:13 desktop kernel:  sda: sda1
May 20 22:09:13 desktop kernel: sd 1:0:0:0: [sda] Attached SCSI disk
May 20 22:09:13 desktop kernel:  sdc: sdc1 sdc2 sdc3
May 20 22:09:13 desktop kernel: sd 4:0:0:0: [sdc] Attached SCSI disk
May 20 22:09:13 desktop kernel:  sdb: sdb1
May 20 22:09:13 desktop kernel: sd 3:0:0:0: [sdb] Attached SCSI disk
May 20 22:09:13 desktop systemd[1]: Found device KINGSTON_SA400S37240G root.
May 20 22:09:13 desktop systemd[1]: Reached target Initrd Root Device.
May 20 22:09:13 desktop systemd[1]: Starting File System Check on /dev/disk/by-uuid/dd19768c-f638-4558-8f82-eb2fc0adb424...
May 20 22:09:13 desktop kernel: usb 1-5: New USB device found, idVendor=046d, idProduct=0a66, bcdDevice= 1.00
May 20 22:09:13 desktop kernel: usb 1-5: New USB device strings: Mfr=3, Product=4, SerialNumber=0
May 20 22:09:13 desktop kernel: usb 1-5: Product: G533 Gaming Headset
May 20 22:09:13 desktop kernel: usb 1-5: Manufacturer: Logitech
May 20 22:09:13 desktop systemd-fsck[244]: root: clean, 2301296/13754368 files, 18560731/54988213 blocks
May 20 22:09:13 desktop systemd[1]: Finished File System Check on /dev/disk/by-uuid/dd19768c-f638-4558-8f82-eb2fc0adb424.
May 20 22:09:13 desktop systemd[1]: Mounting /sysroot...
May 20 22:09:13 desktop kernel: usb 1-10: new full-speed USB device number 4 using xhci_hcd
May 20 22:09:13 desktop kernel: EXT4-fs (sdc2): mounted filesystem dd19768c-f638-4558-8f82-eb2fc0adb424 r/w with ordered data mode. Quota mode: none.
May 20 22:09:13 desktop systemd[1]: Mounted /sysroot.
May 20 22:09:13 desktop systemd[1]: Reached target Initrd Root File System.
May 20 22:09:13 desktop systemd[1]: Starting Find NixOS closure...
May 20 22:09:13 desktop systemd[1]: Starting Mountpoints Configured in the Real Root...
May 20 22:09:13 desktop systemd-sysroot-fstab-check[258]: /sysroot should be mounted in the initrd, will request daemon-reload.
May 20 22:09:13 desktop systemd[1]: Finished Find NixOS closure.
May 20 22:09:13 desktop systemd[1]: Reload requested from client PID 258 ('systemd-sysroot') (unit initrd-parse-etc.service)...
May 20 22:09:13 desktop systemd[1]: Reloading...
May 20 22:09:13 desktop kernel: usb 1-10: New USB device found, idVendor=1e71, idProduct=170e, bcdDevice= 2.00
May 20 22:09:13 desktop kernel: usb 1-10: New USB device strings: Mfr=1, Product=2, SerialNumber=3
May 20 22:09:13 desktop kernel: usb 1-10: Product: NZXT USB Device
May 20 22:09:13 desktop kernel: usb 1-10: Manufacturer: NZXT.-Inc.
May 20 22:09:13 desktop kernel: usb 1-10: SerialNumber: 5D855564333
May 20 22:09:13 desktop kernel: usb 1-13: new full-speed USB device number 5 using xhci_hcd
May 20 22:09:13 desktop systemd[1]: Reloading finished in 205 ms.
May 20 22:09:13 desktop systemd-sysroot-fstab-check[258]: Requesting initrd-fs.target/start/replace...
May 20 22:09:13 desktop systemd-sysroot-fstab-check[258]: Requesting swap.target/start/replace...
May 20 22:09:13 desktop systemd[1]: initrd-parse-etc.service: Deactivated successfully.
May 20 22:09:13 desktop systemd[1]: Finished Mountpoints Configured in the Real Root.
May 20 22:09:13 desktop systemd[1]: initrd-parse-etc.service: Triggering OnSuccess= dependencies.
May 20 22:09:13 desktop kernel: usb 1-13: New USB device found, idVendor=1532, idProduct=022a, bcdDevice= 2.00
May 20 22:09:13 desktop kernel: usb 1-13: New USB device strings: Mfr=1, Product=2, SerialNumber=0
May 20 22:09:13 desktop kernel: usb 1-13: Product: Razer Cynosa Chroma
May 20 22:09:13 desktop kernel: usb 1-13: Manufacturer: Razer
May 20 22:09:13 desktop kernel: usb 1-14: new full-speed USB device number 6 using xhci_hcd
May 20 22:09:13 desktop kernel: usb 1-14: New USB device found, idVendor=1b1c, idProduct=1b19, bcdDevice= 3.02
May 20 22:09:13 desktop kernel: usb 1-14: New USB device strings: Mfr=1, Product=2, SerialNumber=3
May 20 22:09:13 desktop kernel: usb 1-14: Product: Corsair Gaming SABRE RGB Laser Mouse
May 20 22:09:13 desktop kernel: usb 1-14: Manufacturer: Corsair
May 20 22:09:13 desktop kernel: usb 1-14: SerialNumber: 0E034038AE3B9404536F813EF5001940
May 20 22:09:13 desktop kernel: hid: raw HID events driver (C) Jiri Kosina
May 20 22:09:13 desktop kernel: usbcore: registered new interface driver usbhid
May 20 22:09:13 desktop kernel: usbhid: USB HID core driver
May 20 22:09:14 desktop kernel: input: Logitech G533 Gaming Headset Consumer Control as /devices/pci0000:00/0000:00:14.0/usb1/1-5/1-5:1.3/0003:046D:0A66.0001/input/input0
May 20 22:09:14 desktop kernel: input: Logitech G533 Gaming Headset as /devices/pci0000:00/0000:00:14.0/usb1/1-5/1-5:1.3/0003:046D:0A66.0001/input/input1
May 20 22:09:14 desktop kernel: input: Logitech G533 Gaming Headset as /devices/pci0000:00/0000:00:14.0/usb1/1-5/1-5:1.3/0003:046D:0A66.0001/input/input3
May 20 22:09:14 desktop kernel: hid-generic 0003:046D:0A66.0001: input,hiddev96,hidraw0: USB HID v1.11 Device [Logitech G533 Gaming Headset] on usb-0000:00:14.0-5/input3
May 20 22:09:14 desktop kernel: hid-generic 0003:1E71:170E.0002: hiddev97,hidraw1: USB HID v1.10 Device [NZXT.-Inc. NZXT USB Device] on usb-0000:00:14.0-10/input0
May 20 22:09:14 desktop kernel: input: Razer Razer Cynosa Chroma as /devices/pci0000:00/0000:00:14.0/usb1/1-13/1-13:1.0/0003:1532:022A.0003/input/input4
May 20 22:09:14 desktop kernel: hid-generic 0003:1532:022A.0003: input,hidraw2: USB HID v1.11 Keyboard [Razer Razer Cynosa Chroma] on usb-0000:00:14.0-13/input0
May 20 22:09:14 desktop kernel: input: Razer Razer Cynosa Chroma Keyboard as /devices/pci0000:00/0000:00:14.0/usb1/1-13/1-13:1.1/0003:1532:022A.0004/input/input5
May 20 22:09:14 desktop kernel: input: Razer Razer Cynosa Chroma as /devices/pci0000:00/0000:00:14.0/usb1/1-13/1-13:1.1/0003:1532:022A.0004/input/input6
May 20 22:09:14 desktop kernel: hid-generic 0003:1532:022A.0004: input,hidraw3: USB HID v1.11 Keyboard [Razer Razer Cynosa Chroma] on usb-0000:00:14.0-13/input1
May 20 22:09:14 desktop kernel: input: Razer Razer Cynosa Chroma as /devices/pci0000:00/0000:00:14.0/usb1/1-13/1-13:1.2/0003:1532:022A.0005/input/input7
May 20 22:09:14 desktop kernel: hid-generic 0003:1532:022A.0005: input,hidraw4: USB HID v1.11 Mouse [Razer Razer Cynosa Chroma] on usb-0000:00:14.0-13/input2
May 20 22:09:14 desktop kernel: input: Corsair Corsair Gaming SABRE RGB Laser Mouse as /devices/pci0000:00/0000:00:14.0/usb1/1-14/1-14:1.0/0003:1B1C:1B19.0006/input/input8
May 20 22:09:14 desktop kernel: input: Corsair Corsair Gaming SABRE RGB Laser Mouse as /devices/pci0000:00/0000:00:14.0/usb1/1-14/1-14:1.0/0003:1B1C:1B19.0006/input/input9
May 20 22:09:14 desktop kernel: input: Corsair Corsair Gaming SABRE RGB Laser Mouse as /devices/pci0000:00/0000:00:14.0/usb1/1-14/1-14:1.0/0003:1B1C:1B19.0006/input/input10
May 20 22:09:14 desktop kernel: hid-generic 0003:1B1C:1B19.0006: input,hiddev98,hidraw5: USB HID v1.11 Mouse [Corsair Corsair Gaming SABRE RGB Laser Mouse] on usb-0000:00:14.0-14/input0
May 20 22:09:14 desktop kernel: hid-generic 0003:1B1C:1B19.0007: hiddev99,hidraw6: USB HID v1.11 Device [Corsair Corsair Gaming SABRE RGB Laser Mouse] on usb-0000:00:14.0-14/input1
May 20 22:09:14 desktop systemd[1]: Mounting /sysroot/run...
May 20 22:09:14 desktop systemd[1]: Mounted /sysroot/run.
May 20 22:09:14 desktop systemd[1]: Reached target Initrd File Systems.
May 20 22:09:14 desktop systemd[1]: Starting Create Volatile Files and Directories in the Real Root...
May 20 22:09:14 desktop systemd[1]: Finished Create Volatile Files and Directories in the Real Root.
May 20 22:09:14 desktop systemd[1]: sysroot-run-credentials-systemd\x2dtmpfiles\x2dsetup\x2dsysroot.service.mount: Deactivated successfully.
May 20 22:09:14 desktop systemd[1]: Reached target Initrd Default Target.
May 20 22:09:14 desktop systemd[1]: Starting Cleaning Up and Shutting Down Daemons...
May 20 22:09:14 desktop systemd[1]: Stopped target Initrd Default Target.
May 20 22:09:14 desktop systemd[1]: Stopped target Basic System.
May 20 22:09:14 desktop systemd[1]: Stopped target Initrd Root Device.
May 20 22:09:14 desktop systemd[1]: Stopped target Path Units.
May 20 22:09:14 desktop systemd[1]: systemd-ask-password-console.path: Deactivated successfully.
May 20 22:09:14 desktop systemd[1]: Stopped Dispatch Password Requests to Console Directory Watch.
May 20 22:09:14 desktop systemd[1]: Stopped target Slice Units.
May 20 22:09:14 desktop systemd[1]: Stopped target Socket Units.
May 20 22:09:14 desktop systemd[1]: Stopped target System Initialization.
May 20 22:09:14 desktop systemd[1]: Stopped target Swaps.
May 20 22:09:14 desktop systemd[1]: Stopped target Timer Units.
May 20 22:09:14 desktop systemd[1]: dbus.socket: Deactivated successfully.
May 20 22:09:14 desktop systemd[1]: Closed D-Bus System Message Bus Socket.
May 20 22:09:14 desktop systemd[1]: initrd-find-nixos-closure.service: Deactivated successfully.
May 20 22:09:14 desktop systemd[1]: Stopped Find NixOS closure.
May 20 22:09:14 desktop systemd[1]: systemd-sysctl.service: Deactivated successfully.
May 20 22:09:14 desktop systemd[1]: Stopped Apply Kernel Variables.
May 20 22:09:14 desktop systemd[1]: systemd-modules-load.service: Deactivated successfully.
May 20 22:09:14 desktop systemd[1]: Stopped Load Kernel Modules.
May 20 22:09:14 desktop systemd[1]: systemd-tmpfiles-setup-sysroot.service: Deactivated successfully.
May 20 22:09:14 desktop systemd[1]: Stopped Create Volatile Files and Directories in the Real Root.
May 20 22:09:14 desktop systemd[1]: systemd-tmpfiles-setup.service: Deactivated successfully.
May 20 22:09:14 desktop systemd[1]: Stopped Create System Files and Directories.
May 20 22:09:14 desktop systemd[1]: Stopped target Local File Systems.
May 20 22:09:14 desktop systemd[1]: Stopped target Preparation for Local File Systems.
May 20 22:09:14 desktop systemd[1]: systemd-udev-trigger.service: Deactivated successfully.
May 20 22:09:14 desktop systemd[1]: Stopped Coldplug All udev Devices.
May 20 22:09:14 desktop systemd[1]: Stopping Rule-based Manager for Device Events and Files...
May 20 22:09:14 desktop systemd[1]: systemd-vconsole-setup.service: Deactivated successfully.
May 20 22:09:14 desktop systemd[1]: Stopped Virtual Console Setup.
May 20 22:09:14 desktop systemd[1]: initrd-cleanup.service: Deactivated successfully.
May 20 22:09:14 desktop systemd[1]: Finished Cleaning Up and Shutting Down Daemons.
May 20 22:09:14 desktop systemd[1]: systemd-udevd.service: Deactivated successfully.
May 20 22:09:14 desktop systemd[1]: Stopped Rule-based Manager for Device Events and Files.
May 20 22:09:14 desktop systemd[1]: systemd-udevd.service: Consumed 1.111s CPU time over 2.105s wall clock time, 31.7M memory peak.
May 20 22:09:14 desktop systemd[1]: systemd-udevd-control.socket: Deactivated successfully.
May 20 22:09:14 desktop systemd[1]: Closed udev Control Socket.
May 20 22:09:14 desktop systemd[1]: Starting Cleanup udev Database...
May 20 22:09:14 desktop systemd[1]: systemd-tmpfiles-setup-dev.service: Deactivated successfully.
May 20 22:09:14 desktop systemd[1]: Stopped Create Static Device Nodes in /dev.
May 20 22:09:14 desktop systemd[1]: systemd-tmpfiles-setup-dev-early.service: Deactivated successfully.
May 20 22:09:14 desktop systemd[1]: Stopped Create Static Device Nodes in /dev gracefully.
May 20 22:09:14 desktop systemd[1]: kmod-static-nodes.service: Deactivated successfully.
May 20 22:09:14 desktop systemd[1]: Stopped Create List of Static Device Nodes.
May 20 22:09:14 desktop systemd[1]: initrd-udevadm-cleanup-db.service: Deactivated successfully.
May 20 22:09:14 desktop systemd[1]: Finished Cleanup udev Database.
May 20 22:09:14 desktop systemd[1]: Reached target Switch Root.
May 20 22:09:14 desktop systemd[1]: Starting NixOS Activation...
May 20 22:09:14 desktop initrd-nixos-activation-start[504]: booting system configuration /nix/store/cv1vhd7vs9qhh27jkrw5rrckqmrvn5az-nixos-system-desktop-26.05.20260430.15f4ee4
May 20 22:09:14 desktop initrd-nixos-activation-start[504]: running activation script...
May 20 22:09:14 desktop initrd-nixos-activation-start[527]: setting up /etc...
May 20 22:09:15 desktop systemd[1]: initrd-nixos-activation.service: Deactivated successfully.
May 20 22:09:15 desktop systemd[1]: Finished NixOS Activation.
May 20 22:09:15 desktop systemd[1]: Starting Switch Root...
May 20 22:09:15 desktop systemd[1]: Switching root.
May 20 22:09:15 desktop systemd-journald[140]: Journal stopped
May 20 22:09:17 desktop systemd-journald[140]: Received SIGTERM from PID 1 (systemd).
May 20 22:09:17 desktop systemd[1]: systemd 260.1 running in system mode (+PAM +AUDIT -SELINUX +APPARMOR +IMA +IPE +SMACK +SECCOMP +GCRYPT -GNUTLS +OPENSSL +ACL +BLKID +CURL +ELFUTILS +FIDO2 +IDN2 +KMOD +LIBCRYPTSETUP +LIBCRYPTSETUP_PLUGINS +LIBFDISK +PCRE2 +PWQUALITY +P11KIT +QRENCODE +TPM2 +BZIP2 +LZ4 +XZ +ZLIB +ZSTD +BPF_FRAMEWORK -BTF -XKBCOMMON +UTMP +LIBARCHIVE)
May 20 22:09:17 desktop systemd[1]: Detected architecture x86-64.
May 20 22:09:17 desktop systemd[1]: bpf-restrict-fs: LSM BPF program attached
May 20 22:09:17 desktop systemd[1]: /etc/systemd/system/cups.socket:5: ListenStream= references a path below legacy directory /var/run/, updating /var/run/cups/cups.sock → /run/cups/cups.sock; please update the unit file accordingly.
May 20 22:09:17 desktop systemd[1]: initrd-switch-root.service: Deactivated successfully.
May 20 22:09:17 desktop systemd[1]: Stopped initrd-switch-root.service.
May 20 22:09:17 desktop systemd[1]: systemd-journald.service: Scheduled restart job, restart counter is at 1.
May 20 22:09:17 desktop systemd[1]: Created slice Slice /system/systemd-fsck.
May 20 22:09:17 desktop systemd[1]: Created slice User and Session Slice.
May 20 22:09:17 desktop systemd[1]: Started Dispatch Password Requests to Console Directory Watch.
May 20 22:09:17 desktop systemd[1]: Started Forward Password Requests to Wall Directory Watch.
May 20 22:09:17 desktop systemd[1]: Expecting device /dev/disk/by-uuid/4C3A432F3A4314FC...
May 20 22:09:17 desktop systemd[1]: Expecting device /dev/disk/by-uuid/6CEADB28EADAED78...
May 20 22:09:17 desktop systemd[1]: Expecting device /dev/disk/by-uuid/88e6d414-81f6-4f65-9758-e34dcb215751...
May 20 22:09:17 desktop systemd[1]: Expecting device /dev/disk/by-uuid/92B7-59A2...
May 20 22:09:17 desktop systemd[1]: Reached target Local Encrypted Volumes.
May 20 22:09:17 desktop systemd[1]: Reached target Login Prompts.
May 20 22:09:17 desktop systemd[1]: Stopped target initrd-fs.target.
May 20 22:09:17 desktop systemd[1]: Stopped target initrd-root-fs.target.
May 20 22:09:17 desktop systemd[1]: Stopped target initrd-switch-root.target.
May 20 22:09:17 desktop systemd[1]: Reached target Virtual Machines and Containers.
May 20 22:09:17 desktop systemd[1]: Reached target Path Units.
May 20 22:09:17 desktop systemd[1]: Reached target Remote File Systems.
May 20 22:09:17 desktop systemd[1]: Reached target Slice Units.
May 20 22:09:17 desktop systemd[1]: Listening on Process Core Dump Socket.
May 20 22:09:17 desktop systemd[1]: Listening on Credential Encryption/Decryption.
May 20 22:09:17 desktop systemd[1]: Starting Journal Log Access Socket...
May 20 22:09:17 desktop systemd[1]: Listening on Journal Audit Socket.
May 20 22:09:17 desktop systemd[1]: Listening on Userspace Out-Of-Memory (OOM) Killer Socket.
May 20 22:09:17 desktop systemd[1]: Make TPM PCR Policy skipped, unmet condition check ConditionSecurity=measured-uki
May 20 22:09:17 desktop systemd[1]: Listening on udev Control Socket.
May 20 22:09:17 desktop systemd[1]: Mounting Huge Pages File System...
May 20 22:09:17 desktop systemd[1]: Mounting POSIX Message Queue File System...
May 20 22:09:17 desktop systemd[1]: Mounting Kernel Debug File System...
May 20 22:09:17 desktop systemd[1]: Mounting Kernel Trace File System...
May 20 22:09:17 desktop systemd[1]: Starting Create List of Static Device Nodes...
May 20 22:09:17 desktop systemd[1]: Starting Load Kernel Module configfs...
May 20 22:09:17 desktop systemd[1]: Load Kernel Module drm skipped, unmet condition check ConditionKernelModuleLoaded=!drm
May 20 22:09:17 desktop systemd[1]: Load Kernel Module efi_pstore skipped, unmet condition check ConditionKernelModuleLoaded=!efi_pstore
May 20 22:09:17 desktop systemd[1]: Starting Load Kernel Module fuse...
May 20 22:09:17 desktop systemd[1]: Clear Stale Hibernate Storage Info skipped, unmet condition check ConditionPathExists=/sys/firmware/efi/efivars/HibernateLocation-8cf2644b-4b0b-428f-9387-6d876050dc67
May 20 22:09:17 desktop systemd[1]: Starting Journal Service...
May 20 22:09:17 desktop systemd[1]: Starting Load Kernel Modules...
May 20 22:09:17 desktop systemd[1]: Starting Remount Root and Kernel File Systems...
May 20 22:09:17 desktop systemd[1]: Early TPM SRK Setup skipped, unmet condition check ConditionSecurity=measured-uki
May 20 22:09:17 desktop systemd[1]: Starting Coldplug All udev Devices...
May 20 22:09:17 desktop systemd[1]: Listening on Journal Log Access Socket.
May 20 22:09:17 desktop systemd[1]: Finished Create List of Static Device Nodes.
May 20 22:09:17 desktop systemd[1]: modprobe@configfs.service: Deactivated successfully.
May 20 22:09:17 desktop systemd[1]: Finished Load Kernel Module configfs.
May 20 22:09:17 desktop systemd[1]: Mounting Kernel Configuration File System...
May 20 22:09:17 desktop systemd[1]: Starting Create Static Device Nodes in /dev gracefully...
May 20 22:09:17 desktop kernel: fuse: init (API version 7.45)
May 20 22:09:17 desktop kernel: i2c_dev: i2c /dev entries driver
May 20 22:09:17 desktop systemd[1]: Mounted Huge Pages File System.
May 20 22:09:17 desktop systemd[1]: Mounted POSIX Message Queue File System.
May 20 22:09:17 desktop systemd[1]: Mounted Kernel Debug File System.
May 20 22:09:17 desktop systemd[1]: Mounted Kernel Trace File System.
May 20 22:09:17 desktop systemd[1]: modprobe@fuse.service: Deactivated successfully.
May 20 22:09:17 desktop systemd[1]: Finished Load Kernel Module fuse.
May 20 22:09:17 desktop systemd-journald[726]: Collecting audit messages is enabled.
May 20 22:09:17 desktop systemd[1]: Mounting FUSE Control File System...
May 20 22:09:17 desktop systemd[1]: Mounted Kernel Configuration File System.
May 20 22:09:17 desktop systemd-journald[726]: Journal started
May 20 22:09:17 desktop systemd-journald[726]: Runtime Journal (/run/log/journal/da625b0f484f4def811121ff66afef3e) is 8M, max 297.9M, 289.9M free.
May 20 22:09:17 desktop kernel: EXT4-fs (sdc2): re-mounted dd19768c-f638-4558-8f82-eb2fc0adb424.
May 20 22:09:16 desktop systemd[1]: Queued start job for default target Graphical Interface.
May 20 22:09:17 desktop systemd[1]: Started Journal Service.
May 20 22:09:16 desktop systemd[1]: systemd-journald.service: Deactivated successfully.
May 20 22:09:17 desktop systemd-modules-load[727]: Using 4 probe threads
May 20 22:09:17 desktop systemd-modules-load[727]: Module 'ctr' is built in
May 20 22:09:17 desktop systemd-modules-load[727]: Inserted module 'i2c_dev'
May 20 22:09:17 desktop systemd-modules-load[727]: Inserted module 'fuse'
May 20 22:09:17 desktop systemd-modules-load[727]: Inserted module 'atkbd'
May 20 22:09:17 desktop systemd-modules-load[727]: Inserted module 'uinput'
May 20 22:09:17 desktop systemd[1]: Finished Remount Root and Kernel File Systems.
May 20 22:09:17 desktop systemd[1]: Starting Flush Journal to Persistent Storage...
May 20 22:09:17 desktop systemd[1]: Platform Persistent Storage Archival skipped, unmet condition check ConditionDirectoryNotEmpty=/sys/fs/pstore
May 20 22:09:17 desktop systemd[1]: Starting Load/Save OS Random Seed...
May 20 22:09:17 desktop systemd-modules-load[727]: Inserted module 'loop'
May 20 22:09:17 desktop kernel: loop: module loaded
May 20 22:09:17 desktop kernel: vmmon: loading out-of-tree module taints kernel.
May 20 22:09:17 desktop systemd-modules-load[727]: Inserted module 'vmmon'
May 20 22:09:17 desktop kernel: /dev/vmmon[733]: Module vmmon: registered as misc device
May 20 22:09:17 desktop kernel: /dev/vmmon[733]: Using tsc_khz as TSC frequency: 3791999
May 20 22:09:17 desktop kernel: /dev/vmmon[733]: Module vmmon: initialized
May 20 22:09:17 desktop systemd-modules-load[727]: Inserted module 'vmnet'
May 20 22:09:17 desktop systemd[1]: Starting Network Time Synchronization...
May 20 22:09:17 desktop systemd[1]: TPM SRK Setup skipped, unmet condition check ConditionSecurity=measured-uki
May 20 22:09:17 desktop systemd[1]: Finished Create Static Device Nodes in /dev gracefully.
May 20 22:09:17 desktop systemd-journald[726]: Time spent on flushing to /var/log/journal/da625b0f484f4def811121ff66afef3e is 89.764ms for 1020 entries.
May 20 22:09:17 desktop systemd-journald[726]: System Journal (/var/log/journal/da625b0f484f4def811121ff66afef3e) is 302.2M, max 4G, 3.7G free.
May 20 22:09:17 desktop systemd[1]: Mounted FUSE Control File System.
May 20 22:09:17 desktop systemd-journald[726]: Received client request to flush runtime journal.
May 20 22:09:17 desktop systemd-modules-load[727]: Inserted module 'vmw_pvscsi'
May 20 22:09:17 desktop kernel: VMware PVSCSI driver - version 1.0.7.0-k
May 20 22:09:17 desktop systemd[1]: Starting Create Static Device Nodes in /dev...
May 20 22:09:17 desktop kernel: Guest personality initialized and is inactive
May 20 22:09:17 desktop systemd-modules-load[727]: Inserted module 'vmw_vmci'
May 20 22:09:17 desktop kernel: VMCI host device registered (name=vmci, major=10, minor=261)
May 20 22:09:17 desktop systemd[1]: Finished Load/Save OS Random Seed.
May 20 22:09:17 desktop kernel: Initialized host personality
May 20 22:09:17 desktop systemd[1]: First Boot Complete skipped, unmet condition check ConditionFirstBoot=yes
May 20 22:09:17 desktop kernel: cfg80211: Loading compiled-in X.509 certificates for regulatory database
May 20 22:09:17 desktop systemd[1]: Finished Create Static Device Nodes in /dev.
May 20 22:09:17 desktop kernel: Loaded X.509 cert 'sforshee: 00b28ddf47aef9cea7'
May 20 22:09:17 desktop systemd[1]: Reached target Preparation for Local File Systems.
May 20 22:09:17 desktop kernel: Loaded X.509 cert 'wens: 61c038651aabdcf94bd0ac7ff06c7248db18c600'
May 20 22:09:17 desktop systemd[1]: Starting Rule-based Manager for Device Events and Files...
May 20 22:09:17 desktop kernel: wl: module license 'MIXED/Proprietary' taints kernel.
May 20 22:09:17 desktop systemd-timesyncd[741]: Disabling NSCD because DNSSEC validation is turned off
May 20 22:09:17 desktop kernel: Disabling lock debugging due to kernel taint
May 20 22:09:17 desktop systemd-modules-load[727]: Inserted module 'kvm_intel'
May 20 22:09:17 desktop kernel: wl: module license taints kernel.
May 20 22:09:17 desktop systemd[1]: Started Network Time Synchronization.
May 20 22:09:17 desktop kernel: You are using the Broadcom STA wireless driver, which is not maintained and is incompatible with Linux kernel security mitigations. It is heavily recommended to replace the hardware and remove the driver. Proceed at your own risk!
May 20 22:09:17 desktop systemd-udevd[757]: Using default interface naming scheme 'v260'.
May 20 22:09:17 desktop kernel: ------------[ cut here ]------------
May 20 22:09:17 desktop systemd-modules-load[727]: Inserted module 'wl'
May 20 22:09:17 desktop kernel: Unpatched return thunk in use. This should not happen!
May 20 22:09:17 desktop systemd[1]: Finished Flush Journal to Persistent Storage.
May 20 22:09:17 desktop kernel: WARNING: CPU: 3 PID: 733 at arch/x86/kernel/cpu/bugs.c:3790 __warn_thunk+0x2c/0x40
May 20 22:09:17 desktop kernel: Modules linked in: wl(PO+) cfg80211 kvm_intel rfkill kvm vmw_vmci vmw_pvscsi vmnet(O) vmmon(O) ecc uinput loop atkbd libps2 serio irqbypass i2c_dev vivaldi_fmap fuse configfs nfnetlink dmi_sysfs hid_generic usbhid hid ext4 crc16 mbcache jbd2 sd_mod ahci libahci libata xhci_pci scsi_mod xhci_hcd scsi_common dm_mod efivarfs autofs4
May 20 22:09:17 desktop kernel: CPU: 3 UID: 0 PID: 733 Comm: systemd-modules Tainted: P           O        6.18.26 #1-NixOS PREEMPT(lazy) 
May 20 22:09:17 desktop kernel: Tainted: [P]=PROPRIETARY_MODULE, [O]=OOT_MODULE
May 20 22:09:17 desktop kernel: Hardware name: MSI MS-7998/Z170A SLI PLUS (MS-7998), BIOS 1.E0 06/15/2018
May 20 22:09:17 desktop kernel: RIP: 0010:__warn_thunk+0x2c/0x40
May 20 22:09:17 desktop kernel: Code: 40 d6 0f 1f 44 00 00 80 3d dc 46 f8 01 00 74 05 c3 cc cc cc cc c6 05 ce 46 f8 01 01 90 48 c7 c7 f8 3a 41 a5 e8 b5 bf 05 00 90 <0f> 0b 90 90 c3 cc cc cc cc 66 2e 0f 1f 84 00 00 00 00 00 90 90 90
May 20 22:09:17 desktop kernel: RSP: 0018:ffffd18f80a5f9a0 EFLAGS: 00010246
May 20 22:09:17 desktop kernel: RAX: 0000000000000000 RBX: 0000000000000000 RCX: 0000000000000027
May 20 22:09:17 desktop kernel: RDX: ffff8befe2d9e548 RSI: 0000000000000001 RDI: ffff8befe2d9e540
May 20 22:09:17 desktop kernel: RBP: ffffd18f80a5f9f0 R08: 0000000000000000 R09: 00000000ffffdfff
May 20 22:09:17 desktop kernel: R10: ffffffffa5c61060 R11: ffffd18f80a5f848 R12: ffffffffc18a9be8
May 20 22:09:17 desktop kernel: R13: ffffffffc0973010 R14: 00007fd8dc03c304 R15: 0000000000000000
May 20 22:09:17 desktop kernel: FS:  00007fd8d9dfd6c0(0000) GS:ffff8bf03c6c1000(0000) knlGS:0000000000000000
May 20 22:09:17 desktop kernel: CS:  0010 DS: 0000 ES: 0000 CR0: 0000000080050033
May 20 22:09:17 desktop kernel: CR2: 00007fd890b303cc CR3: 000000010fbde005 CR4: 00000000003726f0
May 20 22:09:17 desktop kernel: Call Trace:
May 20 22:09:17 desktop kernel:  <TASK>
May 20 22:09:17 desktop kernel:  warn_thunk_thunk+0x16/0x30
May 20 22:09:17 desktop kernel:  getvar+0x20/0x70 [wl]
May 20 22:09:17 desktop kernel:  ? __stop_alloc_tags+0x5cd570/0x5cd570 [wl]
May 20 22:09:17 desktop kernel:  wl_module_init+0x27/0xb0 [wl]
May 20 22:09:17 desktop kernel:  do_one_initcall+0x5b/0x310
May 20 22:09:17 desktop kernel:  do_init_module+0xb1/0x2d0
May 20 22:09:17 desktop kernel:  init_module_from_file+0x85/0xc0
May 20 22:09:17 desktop kernel:  idempotent_init_module+0x114/0x310
May 20 22:09:17 desktop kernel:  __x64_sys_finit_module+0x6d/0xd0
May 20 22:09:17 desktop kernel:  do_syscall_64+0xd4/0x7c0
May 20 22:09:17 desktop kernel:  ? ksys_lseek+0x8f/0xb0
May 20 22:09:17 desktop kernel:  ? do_syscall_64+0x10e/0x7c0
May 20 22:09:17 desktop kernel:  ? vfs_fstatat+0x75/0xa0
May 20 22:09:17 desktop kernel:  ? __do_sys_newfstatat+0x3b/0x80
May 20 22:09:17 desktop kernel:  ? do_syscall_64+0x10e/0x7c0
May 20 22:09:17 desktop kernel:  ? __handle_mm_fault+0xa82/0xf60
May 20 22:09:17 desktop kernel:  ? flush_tlb_func+0x23f/0x2a0
May 20 22:09:17 desktop kernel:  ? sched_clock+0x10/0x30
May 20 22:09:17 desktop kernel:  ? sched_clock_cpu+0xf/0x200
May 20 22:09:17 desktop kernel:  ? __flush_smp_call_function_queue+0x9e/0x410
May 20 22:09:17 desktop kernel:  ? sched_clock_cpu+0xf/0x200
May 20 22:09:17 desktop kernel:  ? irqtime_account_irq+0x3c/0xc0
May 20 22:09:17 desktop kernel:  ? __irq_exit_rcu+0x4c/0xf0
May 20 22:09:17 desktop kernel:  entry_SYSCALL_64_after_hwframe+0x77/0x7f
May 20 22:09:17 desktop kernel: RIP: 0033:0x7fd8db72320d
May 20 22:09:17 desktop kernel: Code: ff c3 66 2e 0f 1f 84 00 00 00 00 00 90 f3 0f 1e fa 48 89 f8 48 89 f7 48 89 d6 48 89 ca 4d 89 c2 4d 89 c8 4c 8b 4c 24 08 0f 05 <48> 3d 01 f0 ff ff 73 01 c3 48 8b 0d c3 8b 0d 00 f7 d8 64 89 01 48
May 20 22:09:17 desktop kernel: RSP: 002b:00007fd8d9dfbb98 EFLAGS: 00000246 ORIG_RAX: 0000000000000139
May 20 22:09:17 desktop kernel: RAX: ffffffffffffffda RBX: 00007fd8d40016a0 RCX: 00007fd8db72320d
May 20 22:09:17 desktop kernel: RDX: 0000000000000000 RSI: 00007fd8dc03c304 RDI: 0000000000000008
May 20 22:09:17 desktop kernel: RBP: 00007fd8d9dfbbe0 R08: 0000000000000000 R09: 00007fd8d4005270
May 20 22:09:17 desktop kernel: R10: 0000000000000000 R11: 0000000000000246 R12: 0000000000000000
May 20 22:09:17 desktop kernel: R13: 0000000000020000 R14: 00007fd8dc03c304 R15: 00007fd8d40065e0
May 20 22:09:17 desktop kernel:  </TASK>
May 20 22:09:17 desktop kernel: ---[ end trace 0000000000000000 ]---
May 20 22:09:17 desktop kernel: wl 0000:03:00.0: enabling device (0000 -> 0002)
May 20 22:09:17 desktop kernel: eth0: Broadcom BCM43a0 802.11 Hybrid Wireless Controller 6.30.223.271 (r587334)
May 20 22:09:17 desktop kernel: 
May 20 22:09:17 desktop systemd[1]: Finished Coldplug All udev Devices.
May 20 22:09:17 desktop systemd[1]: Started Rule-based Manager for Device Events and Files.
May 20 22:09:17 desktop systemd[1]: Listening on Load/Save RF Kill Switch Status /dev/rfkill Watch.
May 20 22:09:17 desktop systemd[1]: Starting Load/Save RF Kill Switch Status...
May 20 22:09:17 desktop kernel: mousedev: PS/2 mouse device common for all mice
May 20 22:09:17 desktop systemd[1]: Condition check resulted in KINGSTON_SA400S37240G EFI being skipped.
May 20 22:09:17 desktop systemd[1]: Condition check resulted in KINGSTON_SA400S37240G swap being skipped.
May 20 22:09:17 desktop systemd[1]: Condition check resulted in ST2000DX001-1NS164 STORAGE being skipped.
May 20 22:09:17 desktop systemd[1]: Condition check resulted in ST4000DM004-2CV104 GAMES being skipped.
May 20 22:09:17 desktop kernel: nvidia-nvlink: Nvlink Core is being initialized, major device number 243
May 20 22:09:17 desktop kernel: 
May 20 22:09:17 desktop kernel: input: Sleep Button as /devices/LNXSYSTM:00/LNXSYBUS:00/PNP0C0E:00/input/input11
May 20 22:09:17 desktop kernel: ACPI: button: Sleep Button [SLPB]
May 20 22:09:17 desktop kernel: input: Power Button as /devices/LNXSYSTM:00/LNXSYBUS:00/PNP0C0C:00/input/input12
